{
    "Undibacterium unclassified - hap1 - no markdup": {
        "content": [
            [
                {
                    "maxReadLength": 151,
                    "minReadLength": 151,
                    "meanReadLength": 151,
                    "maxQuality": 60,
                    "minQuality": 10,
                    "meanQuality": 50,
                    "readCount": 11583,
                    "duplicateReadCount": 0,
                    "sorted": false
                }
            ],
            [
                "test.bam.bai"
            ],
            [
                "versions.yml:md5,3810f6c8d241f6e18c118c3eee06c931",
                "versions.yml:md5,747adb74c8d8e46aeeb149c9053718b5",
                "versions.yml:md5,ee751dfa1a107d10d7f5f5a9a99d7cf6"
            ]
        ],
        "meta": {
            "nf-test": "0.9.3",
            "nextflow": "25.04.2"
        },
        "timestamp": "2025-11-05T09:38:37.205974"
    },
    "Undibacterium unclassified - hap1 - markdup": {
        "content": [
            [
                {
                    "maxReadLength": 151,
                    "minReadLength": 151,
                    "meanReadLength": 151,
                    "maxQuality": 60,
                    "minQuality": 10,
                    "meanQuality": 50,
                    "readCount": 11583,
                    "duplicateReadCount": 508,
                    "sorted": false
                }
            ],
            [
                "test.markdup.bam.bai"
            ],
            [
                "versions.yml:md5,3810f6c8d241f6e18c118c3eee06c931",
                "versions.yml:md5,747adb74c8d8e46aeeb149c9053718b5",
                "versions.yml:md5,9c798a363e3c7297bebbaa008aefe259",
                "versions.yml:md5,ee751dfa1a107d10d7f5f5a9a99d7cf6"
            ]
        ],
        "meta": {
            "nf-test": "0.9.3",
            "nextflow": "25.04.2"
        },
        "timestamp": "2025-11-05T09:38:56.796292"
    }
}