{
    "Meles meles - bam - paternal": {
        "content": [
            [
                [
                    {
                        "id": "test"
                    },
                    "test_scaffolds_final.fa:md5,7fa274cfb5ecd15ea517bbb84f7ac55f"
                ]
            ],
            [
                [
                    {
                        "id": "test"
                    },
                    "test_scaffolds_final.agp:md5,c45367a1fbf9b80f4c3208e12e230758"
                ]
            ],
            [
                [
                    {
                        "id": "test"
                    },
                    "test.pairs.gz:md5,1aac716e8c0e5e902d25e0302fb9492f"
                ]
            ],
            [
                [
                    {
                        "id": "test"
                    },
                    "test.bin:md5,00812a61ba6f5829bbf9ec32ec08c986"
                ]
            ],
            [
                [
                    {
                        "id": "test"
                    },
                    "test_inital_break_01.agp:md5,c45367a1fbf9b80f4c3208e12e230758"
                ]
            ],
            [
                
            ]
        ],
        "timestamp": "2026-10-09T09:55:02.220969",
        "meta": {
            "nf-test": "0.9.5",
            "nextflow": "26.04.6"
        }
    }
}