{
    "icAdaBipu1 - test pri/alt, phased assembly, mitohifi on contigs, oatk for mito only": {
        "content": [
            0,
            {
                
            },
            [
                "pipeline_info"
            ],
            [
                
            ]
        ],
        "timestamp": "2026-08-12T11:52:29.779333",
        "meta": {
            "nf-test": "0.9.5",
            "nextflow": "26.04.6"
        }
    }
}