{
    "icAdaBipu1 - test pri/alt, phased assembly, mitohifi on contigs, oatk for mito only": {
        "content": [
            172,
            {
                "ASMSTATS": {
                    "asmstats": "1.0.0",
                    "seqtk": "1.5-r133"
                },
                "BANDAGE_IMAGE": {
                    "bandage": "0.9.0"
                },
                "BEDTOOLS_BAMTOBEDSORT": {
                    "bedtools": "2.31.1",
                    "samtools": 1.23
                },
                "BGZIP_HIFIASM": {
                    "tabix": 1.21
                },
                "BGZIP_PURGED": {
                    "tabix": 1.21
                },
                "BGZIP_SCAFFOLDED": {
                    "tabix": 1.21
                },
                "BUSCO_BUSCO": {
                    "busco": "6.0.0"
                },
                "BWAMEM2_INDEX": {
                    "bwamem2": "2.2.1"
                },
                "CONCATENATE_HAPLOTYPES": {
                    "pigz": 2.8
                },
                "COOLER_CLOAD": {
                    "cooler": "0.10.4"
                },
                "COOLER_ZOOMIFY": {
                    "cooler": "0.10.4"
                },
                "CRAMALIGN_BWAMEM2ALIGNHIC": {
                    "bwamem2": "2.2.1",
                    "samtools": "1.22.1"
                },
                "CRAMALIGN_GENCRAMCHUNKS": {
                    "cramchunks": "1.1.0"
                },
                "FASTK_FASTK": {
                    "fastk": 1.2
                },
                "FASTK_HISTEX": {
                    "fastk": 1.2
                },
                "FASTXALIGN_MINIMAP2ALIGN": {
                    "minimap2": "2.30-r1287",
                    "samtools": 1.23,
                    "slice_fasta.py": "1.0.0"
                },
                "FASTXALIGN_PYFASTXINDEX": {
                    "slice_fasta.py": "1.0.0"
                },
                "GAWK_PROCESS_PAIRS_FILE": {
                    "gawk": "5.3.0"
                },
                "GENOMESCOPE2": {
                    "genomescope2": 2.0
                },
                "GFASTATS": {
                    "gfastats": "1.3.11"
                },
                "HIFIASM": {
                    "hifiasm": "0.25.0-r726",
                    "samtools": 1.23
                },
                "HIFIASM_BIN": {
                    "hifiasm": "0.25.0-r726",
                    "samtools": 1.23
                },
                "JUICERTOOLS_PRE": {
                    "juicer_tools": "2.20.00"
                },
                "MERQURYFK_MERQURYFK": {
                    "R": "4.3.3",
                    "fastk": 1.2,
                    "merquryfk": 1.2
                },
                "MINIMAP2_ALIGN_ASSEMBLY": {
                    "minimap2": "2.29-r1283"
                },
                "MINIMAP2_INDEX": {
                    "minimap2": "2.29-r1283"
                },
                "MITOHIFI_FINDMITOREFERENCE": {
                    "mitohifi": "3.2.3"
                },
                "MITOHIFI_MITOHIFI": {
                    "mitohifi": "3.2.3"
                },
                "OATK": {
                    "oatk": 1.0
                },
                "PRETEXTMAP": {
                    "PretextMap": "0.2.3",
                    "samtools": 1.23
                },
                "PRETEXTSNAPSHOT": {
                    "PretextSnapshot": "0.0.5"
                },
                "PURGEDUPS_CALCUTS": {
                    "purge_dups": "1.2.6"
                },
                "PURGEDUPS_GETSEQS": {
                    "purge_dups": "1.2.6"
                },
                "PURGEDUPS_HISTPLOT": {
                    "purge_dups": "1.2.6"
                },
                "PURGEDUPS_PBCSTAT": {
                    "purge_dups": "1.2.6"
                },
                "PURGEDUPS_PURGEDUPS": {
                    "purge_dups": "1.2.6"
                },
                "PURGEDUPS_SPLITFA": {
                    "purge_dups": "1.2.6"
                },
                "SAMTOOLS_FAIDX": {
                    "samtools": "1.22.1"
                },
                "SAMTOOLS_FAIDX_CONTIGS": {
                    "samtools": "1.22.1"
                },
                "SAMTOOLS_FAIDX_SCAFFOLDS": {
                    "samtools": "1.22.1"
                },
                "SAMTOOLS_FLAGSTAT": {
                    "samtools": "1.22.1"
                },
                "SAMTOOLS_IDXSTATS": {
                    "samtools": "1.22.1"
                },
                "SAMTOOLS_INDEX": {
                    "samtools": "1.22.1"
                },
                "SAMTOOLS_MERGEDUP": {
                    "samtools": 1.23
                },
                "SAMTOOLS_SPLITHEADER": {
                    "samtools": "1.22.1"
                },
                "SAMTOOLS_STATS": {
                    "samtools": "1.22.1"
                },
                "Workflow": {
                    "sanger-tol/genomeassembly": "v1.0.0dev"
                },
                "YAHS": {
                    "yahs": "1.2.2"
                },
                "YAHS_MAKEPAIRSFILE": {
                    "gawk": "5.3.1",
                    "juicer_pre": "1.2.2",
                    "sort": 9.5
                }
            },
            [
                "fastk",
                "fastk/icAdaBipu1",
                "fastk/icAdaBipu1/illumina_10x",
                "fastk/icAdaBipu1/illumina_10x/k31",
                "fastk/icAdaBipu1/illumina_10x/k31/.icAdaBipu1.illumina_10x.k31.ktab.1",
                "fastk/icAdaBipu1/illumina_10x/k31/.icAdaBipu1.illumina_10x.k31.ktab.2",
                "fastk/icAdaBipu1/illumina_10x/k31/.icAdaBipu1.illumina_10x.k31.ktab.3",
                "fastk/icAdaBipu1/illumina_10x/k31/.icAdaBipu1.illumina_10x.k31.ktab.4",
                "fastk/icAdaBipu1/illumina_10x/k31/icAdaBipu1.illumina_10x.k31.hist",
                "fastk/icAdaBipu1/illumina_10x/k31/icAdaBipu1.illumina_10x.k31.ktab",
                "fastk/icAdaBipu1/illumina_hic",
                "fastk/icAdaBipu1/illumina_hic/k31",
                "fastk/icAdaBipu1/illumina_hic/k31/.icAdaBipu1.illumina_hic.k31.ktab.1",
                "fastk/icAdaBipu1/illumina_hic/k31/.icAdaBipu1.illumina_hic.k31.ktab.2",
                "fastk/icAdaBipu1/illumina_hic/k31/.icAdaBipu1.illumina_hic.k31.ktab.3",
                "fastk/icAdaBipu1/illumina_hic/k31/.icAdaBipu1.illumina_hic.k31.ktab.4",
                "fastk/icAdaBipu1/illumina_hic/k31/icAdaBipu1.illumina_hic.k31.hist",
                "fastk/icAdaBipu1/illumina_hic/k31/icAdaBipu1.illumina_hic.k31.ktab",
                "fastk/icAdaBipu1/pacbio_hifi",
                "fastk/icAdaBipu1/pacbio_hifi/k31",
                "fastk/icAdaBipu1/pacbio_hifi/k31/.icAdaBipu1.pacbio_hifi.k31.ktab.1",
                "fastk/icAdaBipu1/pacbio_hifi/k31/.icAdaBipu1.pacbio_hifi.k31.ktab.2",
                "fastk/icAdaBipu1/pacbio_hifi/k31/.icAdaBipu1.pacbio_hifi.k31.ktab.3",
                "fastk/icAdaBipu1/pacbio_hifi/k31/.icAdaBipu1.pacbio_hifi.k31.ktab.4",
                "fastk/icAdaBipu1/pacbio_hifi/k31/icAdaBipu1.pacbio_hifi.k31.hist",
                "fastk/icAdaBipu1/pacbio_hifi/k31/icAdaBipu1.pacbio_hifi.k31.ktab",
                "icAdaBipu1.oatk",
                "icAdaBipu1.oatk/asm.k1001_c5.annot_mito.txt",
                "icAdaBipu1.oatk/asm.k1001_c5.log",
                "icAdaBipu1.oatk/asm.k1001_c5.mito.ctg.bed",
                "icAdaBipu1.oatk/asm.k1001_c5.mito.ctg.fasta",
                "icAdaBipu1.oatk/asm.k1001_c5.mito.gfa",
                "icAdaBipu1.oatk/asm.k1001_c5.mito.png",
                "icAdaBipu1.oatk/asm.k1001_c5.utg.final.gfa",
                "icAdaBipu1.oatk/asm.k1001_c5.utg.final.png",
                "icAdaBipu1.oatk/asm.k1001_c5.utg.gfa",
                "icAdaBipu1.oatk/index.json",
                "icAdaBipu1.phased",
                "icAdaBipu1.phased/index.json",
                "icAdaBipu1.phased/raw",
                "icAdaBipu1.phased/raw/asm.hic.hap1.p_ctg.fa.assembly_summary",
                "icAdaBipu1.phased/raw/asm.hic.hap1.p_ctg.fa.gz",
                "icAdaBipu1.phased/raw/asm.hic.hap1.p_ctg.fa.stats",
                "icAdaBipu1.phased/raw/asm.hic.hap1.p_ctg.gfa.gz",
                "icAdaBipu1.phased/raw/asm.hic.hap1.p_ctg.lowQ.bed.gz",
                "icAdaBipu1.phased/raw/asm.hic.hap1.p_ctg.noseq.fa.gz",
                "icAdaBipu1.phased/raw/asm.hic.hap1.p_ctg.noseq.gfa.gz",
                "icAdaBipu1.phased/raw/asm.hic.hap2.p_ctg.fa.assembly_summary",
                "icAdaBipu1.phased/raw/asm.hic.hap2.p_ctg.fa.gz",
                "icAdaBipu1.phased/raw/asm.hic.hap2.p_ctg.fa.stats",
                "icAdaBipu1.phased/raw/asm.hic.hap2.p_ctg.gfa.gz",
                "icAdaBipu1.phased/raw/asm.hic.hap2.p_ctg.lowQ.bed.gz",
                "icAdaBipu1.phased/raw/asm.hic.hap2.p_ctg.noseq.fa.gz",
                "icAdaBipu1.phased/raw/asm.hic.hap2.p_ctg.noseq.gfa.gz",
                "icAdaBipu1.phased/raw/asm.hic.p_ctg.fa.gz",
                "icAdaBipu1.phased/raw/asm.hic.p_ctg.gfa.gz",
                "icAdaBipu1.phased/raw/asm.hic.p_ctg.lowQ.bed.gz",
                "icAdaBipu1.phased/raw/asm.hic.p_ctg.noseq.fa.gz",
                "icAdaBipu1.phased/raw/asm.hic.p_ctg.noseq.gfa.gz",
                "icAdaBipu1.phased/raw/asm.hic.p_utg.fa.gz",
                "icAdaBipu1.phased/raw/asm.hic.p_utg.gfa.gz",
                "icAdaBipu1.phased/raw/asm.hic.p_utg.lowQ.bed.gz",
                "icAdaBipu1.phased/raw/asm.hic.p_utg.noseq.fa.gz",
                "icAdaBipu1.phased/raw/asm.hic.p_utg.noseq.gfa.gz",
                "icAdaBipu1.phased/raw/asm.hic.r_utg.fa.gz",
                "icAdaBipu1.phased/raw/asm.hic.r_utg.gfa.gz",
                "icAdaBipu1.phased/raw/asm.hic.r_utg.lowQ.bed.gz",
                "icAdaBipu1.phased/raw/asm.hic.r_utg.noseq.fa.gz",
                "icAdaBipu1.phased/raw/asm.hic.r_utg.noseq.gfa.gz",
                "icAdaBipu1.phased/raw/asm.log",
                "icAdaBipu1.phased/raw/busco.eukaryota_odb12",
                "icAdaBipu1.phased/raw/busco.eukaryota_odb12/asm-busco",
                "icAdaBipu1.phased/raw/busco.eukaryota_odb12/asm-busco.batch_summary.txt",
                "icAdaBipu1.phased/raw/busco.eukaryota_odb12/asm-busco.log",
                "icAdaBipu1.phased/raw/busco.eukaryota_odb12/asm-busco/asm.hic.hap1.p_ctg.fa",
                "icAdaBipu1.phased/raw/busco.eukaryota_odb12/asm-busco/asm.hic.hap1.p_ctg.fa/logs",
                "icAdaBipu1.phased/raw/busco.eukaryota_odb12/asm-busco/asm.hic.hap1.p_ctg.fa/logs/bbtools_err.log",
                "icAdaBipu1.phased/raw/busco.eukaryota_odb12/asm-busco/asm.hic.hap1.p_ctg.fa/logs/bbtools_out.log",
                "icAdaBipu1.phased/raw/busco.eukaryota_odb12/asm-busco/asm.hic.hap1.p_ctg.fa/logs/hmmsearch_err.log",
                "icAdaBipu1.phased/raw/busco.eukaryota_odb12/asm-busco/asm.hic.hap1.p_ctg.fa/logs/hmmsearch_out.log",
                "icAdaBipu1.phased/raw/busco.eukaryota_odb12/asm-busco/asm.hic.hap1.p_ctg.fa/logs/miniprot_align_eukaryota_odb12_err.log",
                "icAdaBipu1.phased/raw/busco.eukaryota_odb12/asm-busco/asm.hic.hap1.p_ctg.fa/logs/miniprot_align_eukaryota_odb12_out.log",
                "icAdaBipu1.phased/raw/busco.eukaryota_odb12/asm-busco/asm.hic.hap1.p_ctg.fa/logs/miniprot_index_err.log",
                "icAdaBipu1.phased/raw/busco.eukaryota_odb12/asm-busco/asm.hic.hap1.p_ctg.fa/logs/miniprot_index_out.log",
                "icAdaBipu1.phased/raw/busco.eukaryota_odb12/asm-busco/asm.hic.hap1.p_ctg.fa/run_eukaryota_odb12",
                "icAdaBipu1.phased/raw/busco.eukaryota_odb12/asm-busco/asm.hic.hap1.p_ctg.fa/run_eukaryota_odb12/busco_sequences",
                "icAdaBipu1.phased/raw/busco.eukaryota_odb12/asm-busco/asm.hic.hap1.p_ctg.fa/run_eukaryota_odb12/busco_sequences/fragmented_busco_sequences",
                "icAdaBipu1.phased/raw/busco.eukaryota_odb12/asm-busco/asm.hic.hap1.p_ctg.fa/run_eukaryota_odb12/busco_sequences/multi_copy_busco_sequences",
                "icAdaBipu1.phased/raw/busco.eukaryota_odb12/asm-busco/asm.hic.hap1.p_ctg.fa/run_eukaryota_odb12/busco_sequences/single_copy_busco_sequences",
                "icAdaBipu1.phased/raw/busco.eukaryota_odb12/asm-busco/asm.hic.hap1.p_ctg.fa/run_eukaryota_odb12/full_table.tsv",
                "icAdaBipu1.phased/raw/busco.eukaryota_odb12/asm-busco/asm.hic.hap1.p_ctg.fa/run_eukaryota_odb12/missing_busco_list.tsv",
                "icAdaBipu1.phased/raw/busco.eukaryota_odb12/asm-busco/asm.hic.hap1.p_ctg.fa/run_eukaryota_odb12/short_summary.json",
                "icAdaBipu1.phased/raw/busco.eukaryota_odb12/asm-busco/asm.hic.hap1.p_ctg.fa/run_eukaryota_odb12/short_summary.txt",
                "icAdaBipu1.phased/raw/busco.eukaryota_odb12/asm-busco/asm.hic.hap1.p_ctg.fa/tmp",
                "icAdaBipu1.phased/raw/busco.eukaryota_odb12/asm-busco/asm.hic.hap1.p_ctg.fa/tmp/refseq_db.faa",
                "icAdaBipu1.phased/raw/busco.eukaryota_odb12/asm-busco/asm.hic.hap2.p_ctg.fa",
                "icAdaBipu1.phased/raw/busco.eukaryota_odb12/asm-busco/asm.hic.hap2.p_ctg.fa/logs",
                "icAdaBipu1.phased/raw/busco.eukaryota_odb12/asm-busco/asm.hic.hap2.p_ctg.fa/logs/bbtools_err.log",
                "icAdaBipu1.phased/raw/busco.eukaryota_odb12/asm-busco/asm.hic.hap2.p_ctg.fa/logs/bbtools_out.log",
                "icAdaBipu1.phased/raw/busco.eukaryota_odb12/asm-busco/asm.hic.hap2.p_ctg.fa/logs/hmmsearch_err.log",
                "icAdaBipu1.phased/raw/busco.eukaryota_odb12/asm-busco/asm.hic.hap2.p_ctg.fa/logs/hmmsearch_out.log",
                "icAdaBipu1.phased/raw/busco.eukaryota_odb12/asm-busco/asm.hic.hap2.p_ctg.fa/logs/miniprot_align_eukaryota_odb12_err.log",
                "icAdaBipu1.phased/raw/busco.eukaryota_odb12/asm-busco/asm.hic.hap2.p_ctg.fa/logs/miniprot_align_eukaryota_odb12_out.log",
                "icAdaBipu1.phased/raw/busco.eukaryota_odb12/asm-busco/asm.hic.hap2.p_ctg.fa/logs/miniprot_index_err.log",
                "icAdaBipu1.phased/raw/busco.eukaryota_odb12/asm-busco/asm.hic.hap2.p_ctg.fa/logs/miniprot_index_out.log",
                "icAdaBipu1.phased/raw/busco.eukaryota_odb12/asm-busco/asm.hic.hap2.p_ctg.fa/run_eukaryota_odb12",
                "icAdaBipu1.phased/raw/busco.eukaryota_odb12/asm-busco/asm.hic.hap2.p_ctg.fa/run_eukaryota_odb12/busco_sequences",
                "icAdaBipu1.phased/raw/busco.eukaryota_odb12/asm-busco/asm.hic.hap2.p_ctg.fa/run_eukaryota_odb12/busco_sequences/fragmented_busco_sequences",
                "icAdaBipu1.phased/raw/busco.eukaryota_odb12/asm-busco/asm.hic.hap2.p_ctg.fa/run_eukaryota_odb12/busco_sequences/multi_copy_busco_sequences",
                "icAdaBipu1.phased/raw/busco.eukaryota_odb12/asm-busco/asm.hic.hap2.p_ctg.fa/run_eukaryota_odb12/busco_sequences/single_copy_busco_sequences",
                "icAdaBipu1.phased/raw/busco.eukaryota_odb12/asm-busco/asm.hic.hap2.p_ctg.fa/run_eukaryota_odb12/full_table.tsv",
                "icAdaBipu1.phased/raw/busco.eukaryota_odb12/asm-busco/asm.hic.hap2.p_ctg.fa/run_eukaryota_odb12/missing_busco_list.tsv",
                "icAdaBipu1.phased/raw/busco.eukaryota_odb12/asm-busco/asm.hic.hap2.p_ctg.fa/run_eukaryota_odb12/short_summary.json",
                "icAdaBipu1.phased/raw/busco.eukaryota_odb12/asm-busco/asm.hic.hap2.p_ctg.fa/run_eukaryota_odb12/short_summary.txt",
                "icAdaBipu1.phased/raw/busco.eukaryota_odb12/asm-busco/asm.hic.hap2.p_ctg.fa/tmp",
                "icAdaBipu1.phased/raw/busco.eukaryota_odb12/asm-busco/asm.hic.hap2.p_ctg.fa/tmp/refseq_db.faa",
                "icAdaBipu1.phased/raw/busco.eukaryota_odb12/asm-busco/batch_summary.txt",
                "icAdaBipu1.phased/raw/busco.eukaryota_odb12/asm-busco/logs",
                "icAdaBipu1.phased/raw/busco.eukaryota_odb12/short_summary.specific.eukaryota_odb12.asm.hic.hap1.p_ctg.fa.json",
                "icAdaBipu1.phased/raw/busco.eukaryota_odb12/short_summary.specific.eukaryota_odb12.asm.hic.hap1.p_ctg.fa.txt",
                "icAdaBipu1.phased/raw/busco.eukaryota_odb12/short_summary.specific.eukaryota_odb12.asm.hic.hap2.p_ctg.fa.json",
                "icAdaBipu1.phased/raw/busco.eukaryota_odb12/short_summary.specific.eukaryota_odb12.asm.hic.hap2.p_ctg.fa.txt",
                "icAdaBipu1.phased/raw/index.json",
                "icAdaBipu1.phased/raw/merqury.ccs",
                "icAdaBipu1.phased/raw/merqury.ccs/asm.ccs.asm.hic.hap1.p_ctg.spectra-cn.fl.png",
                "icAdaBipu1.phased/raw/merqury.ccs/asm.ccs.asm.hic.hap1.p_ctg.spectra-cn.ln.png",
                "icAdaBipu1.phased/raw/merqury.ccs/asm.ccs.asm.hic.hap1.p_ctg.spectra-cn.st.png",
                "icAdaBipu1.phased/raw/merqury.ccs/asm.ccs.asm.hic.hap2.p_ctg.spectra-cn.fl.png",
                "icAdaBipu1.phased/raw/merqury.ccs/asm.ccs.asm.hic.hap2.p_ctg.spectra-cn.ln.png",
                "icAdaBipu1.phased/raw/merqury.ccs/asm.ccs.asm.hic.hap2.p_ctg.spectra-cn.st.png",
                "icAdaBipu1.phased/raw/merqury.ccs/asm.ccs.completeness.stats",
                "icAdaBipu1.phased/raw/merqury.ccs/asm.ccs.qv",
                "icAdaBipu1.phased/raw/merqury.ccs/asm.ccs.spectra-asm.fl.png",
                "icAdaBipu1.phased/raw/merqury.ccs/asm.ccs.spectra-asm.ln.png",
                "icAdaBipu1.phased/raw/merqury.ccs/asm.ccs.spectra-asm.st.png",
                "icAdaBipu1.phased/raw/merqury.ccs/asm.ccs.spectra-cn.fl.png",
                "icAdaBipu1.phased/raw/merqury.ccs/asm.ccs.spectra-cn.ln.png",
                "icAdaBipu1.phased/raw/merqury.ccs/asm.ccs.spectra-cn.st.png",
                "icAdaBipu1.phased/scaffolding",
                "icAdaBipu1.phased/scaffolding/asm_hap1_scaffolds_final.fa.assembly_summary",
                "icAdaBipu1.phased/scaffolding/asm_hap1_scaffolds_final.fa.gz",
                "icAdaBipu1.phased/scaffolding/asm_hap1_scaffolds_final.fa.stats",
                "icAdaBipu1.phased/scaffolding/asm_hap2_scaffolds_final.fa.assembly_summary",
                "icAdaBipu1.phased/scaffolding/asm_hap2_scaffolds_final.fa.gz",
                "icAdaBipu1.phased/scaffolding/asm_hap2_scaffolds_final.fa.stats",
                "icAdaBipu1.phased/scaffolding/busco.eukaryota_odb12",
                "icAdaBipu1.phased/scaffolding/busco.eukaryota_odb12/asm-busco",
                "icAdaBipu1.phased/scaffolding/busco.eukaryota_odb12/asm-busco.batch_summary.txt",
                "icAdaBipu1.phased/scaffolding/busco.eukaryota_odb12/asm-busco.log",
                "icAdaBipu1.phased/scaffolding/busco.eukaryota_odb12/asm-busco/asm_hap1_scaffolds_final.fa",
                "icAdaBipu1.phased/scaffolding/busco.eukaryota_odb12/asm-busco/asm_hap1_scaffolds_final.fa/logs",
                "icAdaBipu1.phased/scaffolding/busco.eukaryota_odb12/asm-busco/asm_hap1_scaffolds_final.fa/logs/bbtools_err.log",
                "icAdaBipu1.phased/scaffolding/busco.eukaryota_odb12/asm-busco/asm_hap1_scaffolds_final.fa/logs/bbtools_out.log",
                "icAdaBipu1.phased/scaffolding/busco.eukaryota_odb12/asm-busco/asm_hap1_scaffolds_final.fa/logs/hmmsearch_err.log",
                "icAdaBipu1.phased/scaffolding/busco.eukaryota_odb12/asm-busco/asm_hap1_scaffolds_final.fa/logs/hmmsearch_out.log",
                "icAdaBipu1.phased/scaffolding/busco.eukaryota_odb12/asm-busco/asm_hap1_scaffolds_final.fa/logs/miniprot_align_eukaryota_odb12_err.log",
                "icAdaBipu1.phased/scaffolding/busco.eukaryota_odb12/asm-busco/asm_hap1_scaffolds_final.fa/logs/miniprot_align_eukaryota_odb12_out.log",
                "icAdaBipu1.phased/scaffolding/busco.eukaryota_odb12/asm-busco/asm_hap1_scaffolds_final.fa/logs/miniprot_index_err.log",
                "icAdaBipu1.phased/scaffolding/busco.eukaryota_odb12/asm-busco/asm_hap1_scaffolds_final.fa/logs/miniprot_index_out.log",
                "icAdaBipu1.phased/scaffolding/busco.eukaryota_odb12/asm-busco/asm_hap1_scaffolds_final.fa/run_eukaryota_odb12",
                "icAdaBipu1.phased/scaffolding/busco.eukaryota_odb12/asm-busco/asm_hap1_scaffolds_final.fa/run_eukaryota_odb12/busco_sequences",
                "icAdaBipu1.phased/scaffolding/busco.eukaryota_odb12/asm-busco/asm_hap1_scaffolds_final.fa/run_eukaryota_odb12/busco_sequences/fragmented_busco_sequences",
                "icAdaBipu1.phased/scaffolding/busco.eukaryota_odb12/asm-busco/asm_hap1_scaffolds_final.fa/run_eukaryota_odb12/busco_sequences/multi_copy_busco_sequences",
                "icAdaBipu1.phased/scaffolding/busco.eukaryota_odb12/asm-busco/asm_hap1_scaffolds_final.fa/run_eukaryota_odb12/busco_sequences/single_copy_busco_sequences",
                "icAdaBipu1.phased/scaffolding/busco.eukaryota_odb12/asm-busco/asm_hap1_scaffolds_final.fa/run_eukaryota_odb12/full_table.tsv",
                "icAdaBipu1.phased/scaffolding/busco.eukaryota_odb12/asm-busco/asm_hap1_scaffolds_final.fa/run_eukaryota_odb12/missing_busco_list.tsv",
                "icAdaBipu1.phased/scaffolding/busco.eukaryota_odb12/asm-busco/asm_hap1_scaffolds_final.fa/run_eukaryota_odb12/short_summary.json",
                "icAdaBipu1.phased/scaffolding/busco.eukaryota_odb12/asm-busco/asm_hap1_scaffolds_final.fa/run_eukaryota_odb12/short_summary.txt",
                "icAdaBipu1.phased/scaffolding/busco.eukaryota_odb12/asm-busco/asm_hap1_scaffolds_final.fa/tmp",
                "icAdaBipu1.phased/scaffolding/busco.eukaryota_odb12/asm-busco/asm_hap1_scaffolds_final.fa/tmp/refseq_db.faa",
                "icAdaBipu1.phased/scaffolding/busco.eukaryota_odb12/asm-busco/asm_hap2_scaffolds_final.fa",
                "icAdaBipu1.phased/scaffolding/busco.eukaryota_odb12/asm-busco/asm_hap2_scaffolds_final.fa/logs",
                "icAdaBipu1.phased/scaffolding/busco.eukaryota_odb12/asm-busco/asm_hap2_scaffolds_final.fa/logs/bbtools_err.log",
                "icAdaBipu1.phased/scaffolding/busco.eukaryota_odb12/asm-busco/asm_hap2_scaffolds_final.fa/logs/bbtools_out.log",
                "icAdaBipu1.phased/scaffolding/busco.eukaryota_odb12/asm-busco/asm_hap2_scaffolds_final.fa/logs/hmmsearch_err.log",
                "icAdaBipu1.phased/scaffolding/busco.eukaryota_odb12/asm-busco/asm_hap2_scaffolds_final.fa/logs/hmmsearch_out.log",
                "icAdaBipu1.phased/scaffolding/busco.eukaryota_odb12/asm-busco/asm_hap2_scaffolds_final.fa/logs/miniprot_align_eukaryota_odb12_err.log",
                "icAdaBipu1.phased/scaffolding/busco.eukaryota_odb12/asm-busco/asm_hap2_scaffolds_final.fa/logs/miniprot_align_eukaryota_odb12_out.log",
                "icAdaBipu1.phased/scaffolding/busco.eukaryota_odb12/asm-busco/asm_hap2_scaffolds_final.fa/logs/miniprot_index_err.log",
                "icAdaBipu1.phased/scaffolding/busco.eukaryota_odb12/asm-busco/asm_hap2_scaffolds_final.fa/logs/miniprot_index_out.log",
                "icAdaBipu1.phased/scaffolding/busco.eukaryota_odb12/asm-busco/asm_hap2_scaffolds_final.fa/run_eukaryota_odb12",
                "icAdaBipu1.phased/scaffolding/busco.eukaryota_odb12/asm-busco/asm_hap2_scaffolds_final.fa/run_eukaryota_odb12/busco_sequences",
                "icAdaBipu1.phased/scaffolding/busco.eukaryota_odb12/asm-busco/asm_hap2_scaffolds_final.fa/run_eukaryota_odb12/busco_sequences/fragmented_busco_sequences",
                "icAdaBipu1.phased/scaffolding/busco.eukaryota_odb12/asm-busco/asm_hap2_scaffolds_final.fa/run_eukaryota_odb12/busco_sequences/multi_copy_busco_sequences",
                "icAdaBipu1.phased/scaffolding/busco.eukaryota_odb12/asm-busco/asm_hap2_scaffolds_final.fa/run_eukaryota_odb12/busco_sequences/single_copy_busco_sequences",
                "icAdaBipu1.phased/scaffolding/busco.eukaryota_odb12/asm-busco/asm_hap2_scaffolds_final.fa/run_eukaryota_odb12/full_table.tsv",
                "icAdaBipu1.phased/scaffolding/busco.eukaryota_odb12/asm-busco/asm_hap2_scaffolds_final.fa/run_eukaryota_odb12/missing_busco_list.tsv",
                "icAdaBipu1.phased/scaffolding/busco.eukaryota_odb12/asm-busco/asm_hap2_scaffolds_final.fa/run_eukaryota_odb12/short_summary.json",
                "icAdaBipu1.phased/scaffolding/busco.eukaryota_odb12/asm-busco/asm_hap2_scaffolds_final.fa/run_eukaryota_odb12/short_summary.txt",
                "icAdaBipu1.phased/scaffolding/busco.eukaryota_odb12/asm-busco/asm_hap2_scaffolds_final.fa/tmp",
                "icAdaBipu1.phased/scaffolding/busco.eukaryota_odb12/asm-busco/asm_hap2_scaffolds_final.fa/tmp/refseq_db.faa",
                "icAdaBipu1.phased/scaffolding/busco.eukaryota_odb12/asm-busco/batch_summary.txt",
                "icAdaBipu1.phased/scaffolding/busco.eukaryota_odb12/asm-busco/logs",
                "icAdaBipu1.phased/scaffolding/busco.eukaryota_odb12/short_summary.specific.eukaryota_odb12.asm_hap1_scaffolds_final.fa.json",
                "icAdaBipu1.phased/scaffolding/busco.eukaryota_odb12/short_summary.specific.eukaryota_odb12.asm_hap1_scaffolds_final.fa.txt",
                "icAdaBipu1.phased/scaffolding/busco.eukaryota_odb12/short_summary.specific.eukaryota_odb12.asm_hap2_scaffolds_final.fa.json",
                "icAdaBipu1.phased/scaffolding/busco.eukaryota_odb12/short_summary.specific.eukaryota_odb12.asm_hap2_scaffolds_final.fa.txt",
                "icAdaBipu1.phased/scaffolding/contact_maps",
                "icAdaBipu1.phased/scaffolding/contact_maps/asm_hap1.hic",
                "icAdaBipu1.phased/scaffolding/contact_maps/asm_hap1.mcool",
                "icAdaBipu1.phased/scaffolding/contact_maps/asm_hap1.pretext",
                "icAdaBipu1.phased/scaffolding/contact_maps/asm_hap1.pretext.FullMap.png",
                "icAdaBipu1.phased/scaffolding/contact_maps/asm_hap2.hic",
                "icAdaBipu1.phased/scaffolding/contact_maps/asm_hap2.mcool",
                "icAdaBipu1.phased/scaffolding/contact_maps/asm_hap2.pretext",
                "icAdaBipu1.phased/scaffolding/contact_maps/asm_hap2.pretext.FullMap.png",
                "icAdaBipu1.phased/scaffolding/hic_aln",
                "icAdaBipu1.phased/scaffolding/hic_aln/asm_hap1.flagstat",
                "icAdaBipu1.phased/scaffolding/hic_aln/asm_hap1.idxstats",
                "icAdaBipu1.phased/scaffolding/hic_aln/asm_hap1.stats",
                "icAdaBipu1.phased/scaffolding/hic_aln/asm_hap1_merged.bam",
                "icAdaBipu1.phased/scaffolding/hic_aln/asm_hap1_merged.bam.csi",
                "icAdaBipu1.phased/scaffolding/hic_aln/asm_hap2.flagstat",
                "icAdaBipu1.phased/scaffolding/hic_aln/asm_hap2.idxstats",
                "icAdaBipu1.phased/scaffolding/hic_aln/asm_hap2.stats",
                "icAdaBipu1.phased/scaffolding/hic_aln/asm_hap2_merged.bam",
                "icAdaBipu1.phased/scaffolding/hic_aln/asm_hap2_merged.bam.csi",
                "icAdaBipu1.phased/scaffolding/index.json",
                "icAdaBipu1.phased/scaffolding/merqury.ccs",
                "icAdaBipu1.phased/scaffolding/merqury.ccs/asm.ccs.asm_hap1_scaffolds_final.spectra-cn.fl.png",
                "icAdaBipu1.phased/scaffolding/merqury.ccs/asm.ccs.asm_hap1_scaffolds_final.spectra-cn.ln.png",
                "icAdaBipu1.phased/scaffolding/merqury.ccs/asm.ccs.asm_hap1_scaffolds_final.spectra-cn.st.png",
                "icAdaBipu1.phased/scaffolding/merqury.ccs/asm.ccs.asm_hap2_scaffolds_final.spectra-cn.fl.png",
                "icAdaBipu1.phased/scaffolding/merqury.ccs/asm.ccs.asm_hap2_scaffolds_final.spectra-cn.ln.png",
                "icAdaBipu1.phased/scaffolding/merqury.ccs/asm.ccs.asm_hap2_scaffolds_final.spectra-cn.st.png",
                "icAdaBipu1.phased/scaffolding/merqury.ccs/asm.ccs.completeness.stats",
                "icAdaBipu1.phased/scaffolding/merqury.ccs/asm.ccs.qv",
                "icAdaBipu1.phased/scaffolding/merqury.ccs/asm.ccs.spectra-asm.fl.png",
                "icAdaBipu1.phased/scaffolding/merqury.ccs/asm.ccs.spectra-asm.ln.png",
                "icAdaBipu1.phased/scaffolding/merqury.ccs/asm.ccs.spectra-asm.st.png",
                "icAdaBipu1.phased/scaffolding/merqury.ccs/asm.ccs.spectra-cn.fl.png",
                "icAdaBipu1.phased/scaffolding/merqury.ccs/asm.ccs.spectra-cn.ln.png",
                "icAdaBipu1.phased/scaffolding/merqury.ccs/asm.ccs.spectra-cn.st.png",
                "icAdaBipu1.phased/scaffolding/yahs",
                "icAdaBipu1.phased/scaffolding/yahs/asm_hap1.bin",
                "icAdaBipu1.phased/scaffolding/yahs/asm_hap1.log",
                "icAdaBipu1.phased/scaffolding/yahs/asm_hap1_inital_break_01.agp",
                "icAdaBipu1.phased/scaffolding/yahs/asm_hap1_inital_break_02.agp",
                "icAdaBipu1.phased/scaffolding/yahs/asm_hap1_r01_break.agp",
                "icAdaBipu1.phased/scaffolding/yahs/asm_hap1_r02_break.agp",
                "icAdaBipu1.phased/scaffolding/yahs/asm_hap1_scaffolds_final.agp",
                "icAdaBipu1.phased/scaffolding/yahs/asm_hap2.bin",
                "icAdaBipu1.phased/scaffolding/yahs/asm_hap2.log",
                "icAdaBipu1.phased/scaffolding/yahs/asm_hap2_inital_break_01.agp",
                "icAdaBipu1.phased/scaffolding/yahs/asm_hap2_inital_break_02.agp",
                "icAdaBipu1.phased/scaffolding/yahs/asm_hap2_r01_break.agp",
                "icAdaBipu1.phased/scaffolding/yahs/asm_hap2_r02_break.agp",
                "icAdaBipu1.phased/scaffolding/yahs/asm_hap2_scaffolds_final.agp",
                "icAdaBipu1.pri",
                "icAdaBipu1.pri/index.json",
                "icAdaBipu1.pri/mito",
                "icAdaBipu1.pri/mito/contigs_annotations.png",
                "icAdaBipu1.pri/mito/contigs_circularization",
                "icAdaBipu1.pri/mito/contigs_circularization/all_contigs.circularisationCheck.txt",
                "icAdaBipu1.pri/mito/contigs_filtering",
                "icAdaBipu1.pri/mito/contigs_filtering/contigs.blastn",
                "icAdaBipu1.pri/mito/contigs_filtering/contigs_ids.txt",
                "icAdaBipu1.pri/mito/contigs_filtering/parsed_blast.txt",
                "icAdaBipu1.pri/mito/contigs_filtering/parsed_blast_all.txt",
                "icAdaBipu1.pri/mito/contigs_stats.tsv",
                "icAdaBipu1.pri/mito/final_mitogenome.annotation.png",
                "icAdaBipu1.pri/mito/final_mitogenome.fasta",
                "icAdaBipu1.pri/mito/final_mitogenome.gb",
                "icAdaBipu1.pri/mito/final_mitogenome_choice",
                "icAdaBipu1.pri/mito/final_mitogenome_choice/all_mitogenomes.rotated.aligned.aln",
                "icAdaBipu1.pri/mito/final_mitogenome_choice/all_mitogenomes.rotated.fa",
                "icAdaBipu1.pri/mito/final_mitogenome_choice/cdhit.out",
                "icAdaBipu1.pri/mito/final_mitogenome_choice/cdhit.out.clstr",
                "icAdaBipu1.pri/mito/fixed_header_contigs.fasta",
                "icAdaBipu1.pri/mito/index.json",
                "icAdaBipu1.pri/mito/mitohifi.log",
                "icAdaBipu1.pri/mito/potential_contigs",
                "icAdaBipu1.pri/mito/potential_contigs/ptg000039l",
                "icAdaBipu1.pri/mito/potential_contigs/ptg000039l/ptg000039l.annotation",
                "icAdaBipu1.pri/mito/potential_contigs/ptg000039l/ptg000039l.annotation/PQ668616.fasta",
                "icAdaBipu1.pri/mito/potential_contigs/ptg000039l/ptg000039l.annotation/ptg000039l.annotation_MitoFinder_mitfi_Final_Results",
                "icAdaBipu1.pri/mito/potential_contigs/ptg000039l/ptg000039l.annotation/ptg000039l.annotation_MitoFinder_mitfi_Final_Results/ptg000039l.annotation.infos",
                "icAdaBipu1.pri/mito/potential_contigs/ptg000039l/ptg000039l.annotation/ptg000039l.annotation_MitoFinder_mitfi_Final_Results/ptg000039l.annotation_final_genes_AA.fasta",
                "icAdaBipu1.pri/mito/potential_contigs/ptg000039l/ptg000039l.annotation/ptg000039l.annotation_MitoFinder_mitfi_Final_Results/ptg000039l.annotation_final_genes_NT.fasta",
                "icAdaBipu1.pri/mito/potential_contigs/ptg000039l/ptg000039l.annotation/ptg000039l.annotation_MitoFinder_mitfi_Final_Results/ptg000039l.annotation_mtDNA_contig.fasta",
                "icAdaBipu1.pri/mito/potential_contigs/ptg000039l/ptg000039l.annotation/ptg000039l.annotation_MitoFinder_mitfi_Final_Results/ptg000039l.annotation_mtDNA_contig.gb",
                "icAdaBipu1.pri/mito/potential_contigs/ptg000039l/ptg000039l.annotation/ptg000039l.annotation_MitoFinder_mitfi_Final_Results/ptg000039l.annotation_mtDNA_contig.gff",
                "icAdaBipu1.pri/mito/potential_contigs/ptg000039l/ptg000039l.annotation/ptg000039l.annotation_MitoFinder_mitfi_Final_Results/ptg000039l.annotation_mtDNA_contig.tbl",
                "icAdaBipu1.pri/mito/potential_contigs/ptg000039l/ptg000039l.annotation/ptg000039l.annotation_MitoFinder_mitfi_Final_Results/ptg000039l.annotation_mtDNA_contig_genes_AA.fasta",
                "icAdaBipu1.pri/mito/potential_contigs/ptg000039l/ptg000039l.annotation/ptg000039l.annotation_MitoFinder_mitfi_Final_Results/ptg000039l.annotation_mtDNA_contig_genes_NT.fasta",
                "icAdaBipu1.pri/mito/potential_contigs/ptg000039l/ptg000039l.annotation/ptg000039l.annotation_mitfi",
                "icAdaBipu1.pri/mito/potential_contigs/ptg000039l/ptg000039l.annotation/ptg000039l.annotation_mitfi/MiTFi.log",
                "icAdaBipu1.pri/mito/potential_contigs/ptg000039l/ptg000039l.annotation/ptg000039l.annotation_mitfi/ptg000039l.annotation_mtDNA_contig.mitfi",
                "icAdaBipu1.pri/mito/potential_contigs/ptg000039l/ptg000039l.annotation/ptg000039l.annotation_tmp",
                "icAdaBipu1.pri/mito/potential_contigs/ptg000039l/ptg000039l.annotation/ptg000039l.annotation_tmp/circularization_check.blast.xml",
                "icAdaBipu1.pri/mito/potential_contigs/ptg000039l/ptg000039l.annotation/ptg000039l.annotation_tmp/contig_id_database.fasta",
                "icAdaBipu1.pri/mito/potential_contigs/ptg000039l/ptg000039l.annotation/ptg000039l.annotation_tmp/geneChecker.log",
                "icAdaBipu1.pri/mito/potential_contigs/ptg000039l/ptg000039l.annotation/ptg000039l.annotation_tmp/geneChecker_error.log",
                "icAdaBipu1.pri/mito/potential_contigs/ptg000039l/ptg000039l.annotation/ptg000039l.annotation_tmp/ptg000039l.annotation_blast_out.txt",
                "icAdaBipu1.pri/mito/potential_contigs/ptg000039l/ptg000039l.annotation/ptg000039l.annotation_tmp/ptg000039l.annotation_link.scafSeq.nhr",
                "icAdaBipu1.pri/mito/potential_contigs/ptg000039l/ptg000039l.annotation/ptg000039l.annotation_tmp/ptg000039l.annotation_link.scafSeq.nin",
                "icAdaBipu1.pri/mito/potential_contigs/ptg000039l/ptg000039l.annotation/ptg000039l.annotation_tmp/ptg000039l.annotation_link.scafSeq.nsq",
                "icAdaBipu1.pri/mito/potential_contigs/ptg000039l/ptg000039l.annotation/ptg000039l.annotation_tmp/ptg000039l.annotation_mtDNA_contig_raw.gff",
                "icAdaBipu1.pri/mito/potential_contigs/ptg000039l/ptg000039l.annotation/ptg000039l.annotation_tmp/ptg000039l.annotation_mtDNA_contig_ref.blast.xml",
                "icAdaBipu1.pri/mito/potential_contigs/ptg000039l/ptg000039l.annotation/ptg000039l.annotation_tmp/ptg000039l.annotation_mtDNA_contig_ref.cds.blast.xml",
                "icAdaBipu1.pri/mito/potential_contigs/ptg000039l/ptg000039l.annotation/ptg000039l.annotation_tmp/ptg000039l.annotation_mtDNA_contig_ref.cds.fasta",
                "icAdaBipu1.pri/mito/potential_contigs/ptg000039l/ptg000039l.annotation/ptg000039l.annotation_tmp/ptg000039l.annotation_mtDNA_contig_ref.fasta",
                "icAdaBipu1.pri/mito/potential_contigs/ptg000039l/ptg000039l.annotation/ptg000039l.annotation_tmp/ref_ATP6_database.fasta",
                "icAdaBipu1.pri/mito/potential_contigs/ptg000039l/ptg000039l.annotation/ptg000039l.annotation_tmp/ref_ATP8_database.fasta",
                "icAdaBipu1.pri/mito/potential_contigs/ptg000039l/ptg000039l.annotation/ptg000039l.annotation_tmp/ref_COX1_database.fasta",
                "icAdaBipu1.pri/mito/potential_contigs/ptg000039l/ptg000039l.annotation/ptg000039l.annotation_tmp/ref_COX2_database.fasta",
                "icAdaBipu1.pri/mito/potential_contigs/ptg000039l/ptg000039l.annotation/ptg000039l.annotation_tmp/ref_COX3_database.fasta",
                "icAdaBipu1.pri/mito/potential_contigs/ptg000039l/ptg000039l.annotation/ptg000039l.annotation_tmp/ref_CYTB_database.fasta",
                "icAdaBipu1.pri/mito/potential_contigs/ptg000039l/ptg000039l.annotation/ptg000039l.annotation_tmp/ref_ND1_database.fasta",
                "icAdaBipu1.pri/mito/potential_contigs/ptg000039l/ptg000039l.annotation/ptg000039l.annotation_tmp/ref_ND2_database.fasta",
                "icAdaBipu1.pri/mito/potential_contigs/ptg000039l/ptg000039l.annotation/ptg000039l.annotation_tmp/ref_ND3_database.fasta",
                "icAdaBipu1.pri/mito/potential_contigs/ptg000039l/ptg000039l.annotation/ptg000039l.annotation_tmp/ref_ND4L_database.fasta",
                "icAdaBipu1.pri/mito/potential_contigs/ptg000039l/ptg000039l.annotation/ptg000039l.annotation_tmp/ref_ND4_database.fasta",
                "icAdaBipu1.pri/mito/potential_contigs/ptg000039l/ptg000039l.annotation/ptg000039l.annotation_tmp/ref_ND5_database.fasta",
                "icAdaBipu1.pri/mito/potential_contigs/ptg000039l/ptg000039l.annotation/ptg000039l.annotation_tmp/ref_ND6_database.fasta",
                "icAdaBipu1.pri/mito/potential_contigs/ptg000039l/ptg000039l.annotation/ptg000039l.annotation_tmp/ref_for_mtDNA_contig.fasta",
                "icAdaBipu1.pri/mito/potential_contigs/ptg000039l/ptg000039l.annotation/ptg000039l.annotation_tmp/ref_rrnL_database.fasta",
                "icAdaBipu1.pri/mito/potential_contigs/ptg000039l/ptg000039l.annotation/ptg000039l.annotation_tmp/ref_rrnS_database.fasta",
                "icAdaBipu1.pri/mito/potential_contigs/ptg000039l/ptg000039l.annotation/ptg000039l.annotation_tmp/translated_genes_for_database.fasta",
                "icAdaBipu1.pri/mito/potential_contigs/ptg000039l/ptg000039l.annotation_MitoFinder.log",
                "icAdaBipu1.pri/mito/potential_contigs/ptg000039l/ptg000039l.circularisationCheck.txt",
                "icAdaBipu1.pri/mito/potential_contigs/ptg000039l/ptg000039l.circularization_check.blast.tsv",
                "icAdaBipu1.pri/mito/potential_contigs/ptg000039l/ptg000039l.individual.stats",
                "icAdaBipu1.pri/mito/potential_contigs/ptg000039l/ptg000039l.mito.fa",
                "icAdaBipu1.pri/mito/potential_contigs/ptg000039l/ptg000039l.mitogenome.fa",
                "icAdaBipu1.pri/mito/potential_contigs/ptg000039l/ptg000039l.mitogenome.gb",
                "icAdaBipu1.pri/mito/potential_contigs/ptg000039l/ptg000039l.mitogenome.rotated.fa",
                "icAdaBipu1.pri/mito/potential_contigs/ptg000039l/ptg000039l.mitogenome.rotated.gb",
                "icAdaBipu1.pri/mito/potential_contigs/ptg000039l/ptg000039l.trnas",
                "icAdaBipu1.pri/mito/shared_genes.tsv",
                "icAdaBipu1.pri/purging",
                "icAdaBipu1.pri/purging/asm.hap.fa.gz",
                "icAdaBipu1.pri/purging/asm.htigs.all.fa.assembly_summary",
                "icAdaBipu1.pri/purging/asm.htigs.all.fa.gz",
                "icAdaBipu1.pri/purging/asm.htigs.all.fa.stats",
                "icAdaBipu1.pri/purging/asm.purged.fa.assembly_summary",
                "icAdaBipu1.pri/purging/asm.purged.fa.gz",
                "icAdaBipu1.pri/purging/asm.purged.fa.stats",
                "icAdaBipu1.pri/purging/busco.eukaryota_odb12",
                "icAdaBipu1.pri/purging/busco.eukaryota_odb12/asm-busco",
                "icAdaBipu1.pri/purging/busco.eukaryota_odb12/asm-busco.batch_summary.txt",
                "icAdaBipu1.pri/purging/busco.eukaryota_odb12/asm-busco.log",
                "icAdaBipu1.pri/purging/busco.eukaryota_odb12/asm-busco/asm.htigs.all.fa",
                "icAdaBipu1.pri/purging/busco.eukaryota_odb12/asm-busco/asm.htigs.all.fa/logs",
                "icAdaBipu1.pri/purging/busco.eukaryota_odb12/asm-busco/asm.htigs.all.fa/logs/bbtools_err.log",
                "icAdaBipu1.pri/purging/busco.eukaryota_odb12/asm-busco/asm.htigs.all.fa/logs/bbtools_out.log",
                "icAdaBipu1.pri/purging/busco.eukaryota_odb12/asm-busco/asm.htigs.all.fa/logs/hmmsearch_err.log",
                "icAdaBipu1.pri/purging/busco.eukaryota_odb12/asm-busco/asm.htigs.all.fa/logs/hmmsearch_out.log",
                "icAdaBipu1.pri/purging/busco.eukaryota_odb12/asm-busco/asm.htigs.all.fa/logs/miniprot_align_eukaryota_odb12_err.log",
                "icAdaBipu1.pri/purging/busco.eukaryota_odb12/asm-busco/asm.htigs.all.fa/logs/miniprot_align_eukaryota_odb12_out.log",
                "icAdaBipu1.pri/purging/busco.eukaryota_odb12/asm-busco/asm.htigs.all.fa/logs/miniprot_index_err.log",
                "icAdaBipu1.pri/purging/busco.eukaryota_odb12/asm-busco/asm.htigs.all.fa/logs/miniprot_index_out.log",
                "icAdaBipu1.pri/purging/busco.eukaryota_odb12/asm-busco/asm.htigs.all.fa/run_eukaryota_odb12",
                "icAdaBipu1.pri/purging/busco.eukaryota_odb12/asm-busco/asm.htigs.all.fa/run_eukaryota_odb12/busco_sequences",
                "icAdaBipu1.pri/purging/busco.eukaryota_odb12/asm-busco/asm.htigs.all.fa/run_eukaryota_odb12/busco_sequences/fragmented_busco_sequences",
                "icAdaBipu1.pri/purging/busco.eukaryota_odb12/asm-busco/asm.htigs.all.fa/run_eukaryota_odb12/busco_sequences/multi_copy_busco_sequences",
                "icAdaBipu1.pri/purging/busco.eukaryota_odb12/asm-busco/asm.htigs.all.fa/run_eukaryota_odb12/busco_sequences/single_copy_busco_sequences",
                "icAdaBipu1.pri/purging/busco.eukaryota_odb12/asm-busco/asm.htigs.all.fa/run_eukaryota_odb12/full_table.tsv",
                "icAdaBipu1.pri/purging/busco.eukaryota_odb12/asm-busco/asm.htigs.all.fa/run_eukaryota_odb12/missing_busco_list.tsv",
                "icAdaBipu1.pri/purging/busco.eukaryota_odb12/asm-busco/asm.htigs.all.fa/run_eukaryota_odb12/short_summary.json",
                "icAdaBipu1.pri/purging/busco.eukaryota_odb12/asm-busco/asm.htigs.all.fa/run_eukaryota_odb12/short_summary.txt",
                "icAdaBipu1.pri/purging/busco.eukaryota_odb12/asm-busco/asm.htigs.all.fa/tmp",
                "icAdaBipu1.pri/purging/busco.eukaryota_odb12/asm-busco/asm.htigs.all.fa/tmp/refseq_db.faa",
                "icAdaBipu1.pri/purging/busco.eukaryota_odb12/asm-busco/asm.purged.fa",
                "icAdaBipu1.pri/purging/busco.eukaryota_odb12/asm-busco/asm.purged.fa/logs",
                "icAdaBipu1.pri/purging/busco.eukaryota_odb12/asm-busco/asm.purged.fa/logs/bbtools_err.log",
                "icAdaBipu1.pri/purging/busco.eukaryota_odb12/asm-busco/asm.purged.fa/logs/bbtools_out.log",
                "icAdaBipu1.pri/purging/busco.eukaryota_odb12/asm-busco/asm.purged.fa/logs/hmmsearch_err.log",
                "icAdaBipu1.pri/purging/busco.eukaryota_odb12/asm-busco/asm.purged.fa/logs/hmmsearch_out.log",
                "icAdaBipu1.pri/purging/busco.eukaryota_odb12/asm-busco/asm.purged.fa/logs/miniprot_align_eukaryota_odb12_err.log",
                "icAdaBipu1.pri/purging/busco.eukaryota_odb12/asm-busco/asm.purged.fa/logs/miniprot_align_eukaryota_odb12_out.log",
                "icAdaBipu1.pri/purging/busco.eukaryota_odb12/asm-busco/asm.purged.fa/logs/miniprot_index_err.log",
                "icAdaBipu1.pri/purging/busco.eukaryota_odb12/asm-busco/asm.purged.fa/logs/miniprot_index_out.log",
                "icAdaBipu1.pri/purging/busco.eukaryota_odb12/asm-busco/asm.purged.fa/run_eukaryota_odb12",
                "icAdaBipu1.pri/purging/busco.eukaryota_odb12/asm-busco/asm.purged.fa/run_eukaryota_odb12/busco_sequences",
                "icAdaBipu1.pri/purging/busco.eukaryota_odb12/asm-busco/asm.purged.fa/run_eukaryota_odb12/busco_sequences/fragmented_busco_sequences",
                "icAdaBipu1.pri/purging/busco.eukaryota_odb12/asm-busco/asm.purged.fa/run_eukaryota_odb12/busco_sequences/multi_copy_busco_sequences",
                "icAdaBipu1.pri/purging/busco.eukaryota_odb12/asm-busco/asm.purged.fa/run_eukaryota_odb12/busco_sequences/single_copy_busco_sequences",
                "icAdaBipu1.pri/purging/busco.eukaryota_odb12/asm-busco/asm.purged.fa/run_eukaryota_odb12/full_table.tsv",
                "icAdaBipu1.pri/purging/busco.eukaryota_odb12/asm-busco/asm.purged.fa/run_eukaryota_odb12/missing_busco_list.tsv",
                "icAdaBipu1.pri/purging/busco.eukaryota_odb12/asm-busco/asm.purged.fa/run_eukaryota_odb12/short_summary.json",
                "icAdaBipu1.pri/purging/busco.eukaryota_odb12/asm-busco/asm.purged.fa/run_eukaryota_odb12/short_summary.txt",
                "icAdaBipu1.pri/purging/busco.eukaryota_odb12/asm-busco/asm.purged.fa/tmp",
                "icAdaBipu1.pri/purging/busco.eukaryota_odb12/asm-busco/asm.purged.fa/tmp/refseq_db.faa",
                "icAdaBipu1.pri/purging/busco.eukaryota_odb12/asm-busco/batch_summary.txt",
                "icAdaBipu1.pri/purging/busco.eukaryota_odb12/asm-busco/logs",
                "icAdaBipu1.pri/purging/busco.eukaryota_odb12/short_summary.specific.eukaryota_odb12.asm.htigs.all.fa.json",
                "icAdaBipu1.pri/purging/busco.eukaryota_odb12/short_summary.specific.eukaryota_odb12.asm.htigs.all.fa.txt",
                "icAdaBipu1.pri/purging/busco.eukaryota_odb12/short_summary.specific.eukaryota_odb12.asm.purged.fa.json",
                "icAdaBipu1.pri/purging/busco.eukaryota_odb12/short_summary.specific.eukaryota_odb12.asm.purged.fa.txt",
                "icAdaBipu1.pri/purging/coverage",
                "icAdaBipu1.pri/purging/coverage/asm.PB.base.cov",
                "icAdaBipu1.pri/purging/coverage/asm.PB.stat",
                "icAdaBipu1.pri/purging/coverage/asm.calcuts.log",
                "icAdaBipu1.pri/purging/coverage/asm.cutoffs",
                "icAdaBipu1.pri/purging/coverage/asm.png",
                "icAdaBipu1.pri/purging/index.json",
                "icAdaBipu1.pri/purging/merqury.ccs",
                "icAdaBipu1.pri/purging/merqury.ccs/asm.ccs.asm.htigs.all.spectra-cn.fl.png",
                "icAdaBipu1.pri/purging/merqury.ccs/asm.ccs.asm.htigs.all.spectra-cn.ln.png",
                "icAdaBipu1.pri/purging/merqury.ccs/asm.ccs.asm.htigs.all.spectra-cn.st.png",
                "icAdaBipu1.pri/purging/merqury.ccs/asm.ccs.asm.purged.spectra-cn.fl.png",
                "icAdaBipu1.pri/purging/merqury.ccs/asm.ccs.asm.purged.spectra-cn.ln.png",
                "icAdaBipu1.pri/purging/merqury.ccs/asm.ccs.asm.purged.spectra-cn.st.png",
                "icAdaBipu1.pri/purging/merqury.ccs/asm.ccs.completeness.stats",
                "icAdaBipu1.pri/purging/merqury.ccs/asm.ccs.qv",
                "icAdaBipu1.pri/purging/merqury.ccs/asm.ccs.spectra-asm.fl.png",
                "icAdaBipu1.pri/purging/merqury.ccs/asm.ccs.spectra-asm.ln.png",
                "icAdaBipu1.pri/purging/merqury.ccs/asm.ccs.spectra-asm.st.png",
                "icAdaBipu1.pri/purging/merqury.ccs/asm.ccs.spectra-cn.fl.png",
                "icAdaBipu1.pri/purging/merqury.ccs/asm.ccs.spectra-cn.ln.png",
                "icAdaBipu1.pri/purging/merqury.ccs/asm.ccs.spectra-cn.st.png",
                "icAdaBipu1.pri/purging/purge_dups",
                "icAdaBipu1.pri/purging/purge_dups/asm.dups.bed.gz",
                "icAdaBipu1.pri/purging/purge_dups/asm.purge_dups.log",
                "icAdaBipu1.pri/purging/split_aln",
                "icAdaBipu1.pri/purging/split_aln/asm.self_aln.paf",
                "icAdaBipu1.pri/purging/split_aln/asm.self_aln.split.fasta.gz",
                "icAdaBipu1.pri/raw",
                "icAdaBipu1.pri/raw/asm.a_ctg.fa.assembly_summary",
                "icAdaBipu1.pri/raw/asm.a_ctg.fa.gz",
                "icAdaBipu1.pri/raw/asm.a_ctg.fa.stats",
                "icAdaBipu1.pri/raw/asm.a_ctg.gfa.gz",
                "icAdaBipu1.pri/raw/asm.a_ctg.lowQ.bed.gz",
                "icAdaBipu1.pri/raw/asm.a_ctg.noseq.fa.gz",
                "icAdaBipu1.pri/raw/asm.a_ctg.noseq.gfa.gz",
                "icAdaBipu1.pri/raw/asm.log",
                "icAdaBipu1.pri/raw/asm.p_ctg.fa.assembly_summary",
                "icAdaBipu1.pri/raw/asm.p_ctg.fa.gz",
                "icAdaBipu1.pri/raw/asm.p_ctg.fa.stats",
                "icAdaBipu1.pri/raw/asm.p_ctg.gfa.gz",
                "icAdaBipu1.pri/raw/asm.p_ctg.lowQ.bed.gz",
                "icAdaBipu1.pri/raw/asm.p_ctg.noseq.fa.gz",
                "icAdaBipu1.pri/raw/asm.p_ctg.noseq.gfa.gz",
                "icAdaBipu1.pri/raw/asm.p_utg.fa.gz",
                "icAdaBipu1.pri/raw/asm.p_utg.gfa.gz",
                "icAdaBipu1.pri/raw/asm.p_utg.lowQ.bed.gz",
                "icAdaBipu1.pri/raw/asm.p_utg.noseq.fa.gz",
                "icAdaBipu1.pri/raw/asm.p_utg.noseq.gfa.gz",
                "icAdaBipu1.pri/raw/asm.r_utg.fa.gz",
                "icAdaBipu1.pri/raw/asm.r_utg.gfa.gz",
                "icAdaBipu1.pri/raw/asm.r_utg.lowQ.bed.gz",
                "icAdaBipu1.pri/raw/asm.r_utg.noseq.fa.gz",
                "icAdaBipu1.pri/raw/asm.r_utg.noseq.gfa.gz",
                "icAdaBipu1.pri/raw/busco.eukaryota_odb12",
                "icAdaBipu1.pri/raw/busco.eukaryota_odb12/asm-busco",
                "icAdaBipu1.pri/raw/busco.eukaryota_odb12/asm-busco.batch_summary.txt",
                "icAdaBipu1.pri/raw/busco.eukaryota_odb12/asm-busco.log",
                "icAdaBipu1.pri/raw/busco.eukaryota_odb12/asm-busco/asm.a_ctg.fa",
                "icAdaBipu1.pri/raw/busco.eukaryota_odb12/asm-busco/asm.a_ctg.fa/logs",
                "icAdaBipu1.pri/raw/busco.eukaryota_odb12/asm-busco/asm.a_ctg.fa/logs/bbtools_err.log",
                "icAdaBipu1.pri/raw/busco.eukaryota_odb12/asm-busco/asm.a_ctg.fa/logs/bbtools_out.log",
                "icAdaBipu1.pri/raw/busco.eukaryota_odb12/asm-busco/asm.a_ctg.fa/logs/hmmsearch_err.log",
                "icAdaBipu1.pri/raw/busco.eukaryota_odb12/asm-busco/asm.a_ctg.fa/logs/hmmsearch_out.log",
                "icAdaBipu1.pri/raw/busco.eukaryota_odb12/asm-busco/asm.a_ctg.fa/logs/miniprot_align_eukaryota_odb12_err.log",
                "icAdaBipu1.pri/raw/busco.eukaryota_odb12/asm-busco/asm.a_ctg.fa/logs/miniprot_align_eukaryota_odb12_out.log",
                "icAdaBipu1.pri/raw/busco.eukaryota_odb12/asm-busco/asm.a_ctg.fa/logs/miniprot_index_err.log",
                "icAdaBipu1.pri/raw/busco.eukaryota_odb12/asm-busco/asm.a_ctg.fa/logs/miniprot_index_out.log",
                "icAdaBipu1.pri/raw/busco.eukaryota_odb12/asm-busco/asm.a_ctg.fa/run_eukaryota_odb12",
                "icAdaBipu1.pri/raw/busco.eukaryota_odb12/asm-busco/asm.a_ctg.fa/run_eukaryota_odb12/busco_sequences",
                "icAdaBipu1.pri/raw/busco.eukaryota_odb12/asm-busco/asm.a_ctg.fa/run_eukaryota_odb12/busco_sequences/fragmented_busco_sequences",
                "icAdaBipu1.pri/raw/busco.eukaryota_odb12/asm-busco/asm.a_ctg.fa/run_eukaryota_odb12/busco_sequences/multi_copy_busco_sequences",
                "icAdaBipu1.pri/raw/busco.eukaryota_odb12/asm-busco/asm.a_ctg.fa/run_eukaryota_odb12/busco_sequences/single_copy_busco_sequences",
                "icAdaBipu1.pri/raw/busco.eukaryota_odb12/asm-busco/asm.a_ctg.fa/run_eukaryota_odb12/full_table.tsv",
                "icAdaBipu1.pri/raw/busco.eukaryota_odb12/asm-busco/asm.a_ctg.fa/run_eukaryota_odb12/missing_busco_list.tsv",
                "icAdaBipu1.pri/raw/busco.eukaryota_odb12/asm-busco/asm.a_ctg.fa/run_eukaryota_odb12/short_summary.json",
                "icAdaBipu1.pri/raw/busco.eukaryota_odb12/asm-busco/asm.a_ctg.fa/run_eukaryota_odb12/short_summary.txt",
                "icAdaBipu1.pri/raw/busco.eukaryota_odb12/asm-busco/asm.a_ctg.fa/tmp",
                "icAdaBipu1.pri/raw/busco.eukaryota_odb12/asm-busco/asm.a_ctg.fa/tmp/refseq_db.faa",
                "icAdaBipu1.pri/raw/busco.eukaryota_odb12/asm-busco/asm.p_ctg.fa",
                "icAdaBipu1.pri/raw/busco.eukaryota_odb12/asm-busco/asm.p_ctg.fa/logs",
                "icAdaBipu1.pri/raw/busco.eukaryota_odb12/asm-busco/asm.p_ctg.fa/logs/bbtools_err.log",
                "icAdaBipu1.pri/raw/busco.eukaryota_odb12/asm-busco/asm.p_ctg.fa/logs/bbtools_out.log",
                "icAdaBipu1.pri/raw/busco.eukaryota_odb12/asm-busco/asm.p_ctg.fa/logs/hmmsearch_err.log",
                "icAdaBipu1.pri/raw/busco.eukaryota_odb12/asm-busco/asm.p_ctg.fa/logs/hmmsearch_out.log",
                "icAdaBipu1.pri/raw/busco.eukaryota_odb12/asm-busco/asm.p_ctg.fa/logs/miniprot_align_eukaryota_odb12_err.log",
                "icAdaBipu1.pri/raw/busco.eukaryota_odb12/asm-busco/asm.p_ctg.fa/logs/miniprot_align_eukaryota_odb12_out.log",
                "icAdaBipu1.pri/raw/busco.eukaryota_odb12/asm-busco/asm.p_ctg.fa/logs/miniprot_index_err.log",
                "icAdaBipu1.pri/raw/busco.eukaryota_odb12/asm-busco/asm.p_ctg.fa/logs/miniprot_index_out.log",
                "icAdaBipu1.pri/raw/busco.eukaryota_odb12/asm-busco/asm.p_ctg.fa/run_eukaryota_odb12",
                "icAdaBipu1.pri/raw/busco.eukaryota_odb12/asm-busco/asm.p_ctg.fa/run_eukaryota_odb12/busco_sequences",
                "icAdaBipu1.pri/raw/busco.eukaryota_odb12/asm-busco/asm.p_ctg.fa/run_eukaryota_odb12/busco_sequences/fragmented_busco_sequences",
                "icAdaBipu1.pri/raw/busco.eukaryota_odb12/asm-busco/asm.p_ctg.fa/run_eukaryota_odb12/busco_sequences/multi_copy_busco_sequences",
                "icAdaBipu1.pri/raw/busco.eukaryota_odb12/asm-busco/asm.p_ctg.fa/run_eukaryota_odb12/busco_sequences/single_copy_busco_sequences",
                "icAdaBipu1.pri/raw/busco.eukaryota_odb12/asm-busco/asm.p_ctg.fa/run_eukaryota_odb12/full_table.tsv",
                "icAdaBipu1.pri/raw/busco.eukaryota_odb12/asm-busco/asm.p_ctg.fa/run_eukaryota_odb12/missing_busco_list.tsv",
                "icAdaBipu1.pri/raw/busco.eukaryota_odb12/asm-busco/asm.p_ctg.fa/run_eukaryota_odb12/short_summary.json",
                "icAdaBipu1.pri/raw/busco.eukaryota_odb12/asm-busco/asm.p_ctg.fa/run_eukaryota_odb12/short_summary.txt",
                "icAdaBipu1.pri/raw/busco.eukaryota_odb12/asm-busco/asm.p_ctg.fa/tmp",
                "icAdaBipu1.pri/raw/busco.eukaryota_odb12/asm-busco/asm.p_ctg.fa/tmp/refseq_db.faa",
                "icAdaBipu1.pri/raw/busco.eukaryota_odb12/asm-busco/batch_summary.txt",
                "icAdaBipu1.pri/raw/busco.eukaryota_odb12/asm-busco/logs",
                "icAdaBipu1.pri/raw/busco.eukaryota_odb12/short_summary.specific.eukaryota_odb12.asm.a_ctg.fa.json",
                "icAdaBipu1.pri/raw/busco.eukaryota_odb12/short_summary.specific.eukaryota_odb12.asm.a_ctg.fa.txt",
                "icAdaBipu1.pri/raw/busco.eukaryota_odb12/short_summary.specific.eukaryota_odb12.asm.p_ctg.fa.json",
                "icAdaBipu1.pri/raw/busco.eukaryota_odb12/short_summary.specific.eukaryota_odb12.asm.p_ctg.fa.txt",
                "icAdaBipu1.pri/raw/index.json",
                "icAdaBipu1.pri/raw/merqury.ccs",
                "icAdaBipu1.pri/raw/merqury.ccs/asm.ccs.asm.a_ctg.spectra-cn.fl.png",
                "icAdaBipu1.pri/raw/merqury.ccs/asm.ccs.asm.a_ctg.spectra-cn.ln.png",
                "icAdaBipu1.pri/raw/merqury.ccs/asm.ccs.asm.a_ctg.spectra-cn.st.png",
                "icAdaBipu1.pri/raw/merqury.ccs/asm.ccs.asm.p_ctg.spectra-cn.fl.png",
                "icAdaBipu1.pri/raw/merqury.ccs/asm.ccs.asm.p_ctg.spectra-cn.ln.png",
                "icAdaBipu1.pri/raw/merqury.ccs/asm.ccs.asm.p_ctg.spectra-cn.st.png",
                "icAdaBipu1.pri/raw/merqury.ccs/asm.ccs.completeness.stats",
                "icAdaBipu1.pri/raw/merqury.ccs/asm.ccs.qv",
                "icAdaBipu1.pri/raw/merqury.ccs/asm.ccs.spectra-asm.fl.png",
                "icAdaBipu1.pri/raw/merqury.ccs/asm.ccs.spectra-asm.ln.png",
                "icAdaBipu1.pri/raw/merqury.ccs/asm.ccs.spectra-asm.st.png",
                "icAdaBipu1.pri/raw/merqury.ccs/asm.ccs.spectra-cn.fl.png",
                "icAdaBipu1.pri/raw/merqury.ccs/asm.ccs.spectra-cn.ln.png",
                "icAdaBipu1.pri/raw/merqury.ccs/asm.ccs.spectra-cn.st.png",
                "icAdaBipu1.pri/scaffolding",
                "icAdaBipu1.pri/scaffolding/asm_hap1_scaffolds_final.fa.assembly_summary",
                "icAdaBipu1.pri/scaffolding/asm_hap1_scaffolds_final.fa.gz",
                "icAdaBipu1.pri/scaffolding/asm_hap1_scaffolds_final.fa.stats",
                "icAdaBipu1.pri/scaffolding/asm_hap2_scaffolds_final.fa.assembly_summary",
                "icAdaBipu1.pri/scaffolding/asm_hap2_scaffolds_final.fa.gz",
                "icAdaBipu1.pri/scaffolding/asm_hap2_scaffolds_final.fa.stats",
                "icAdaBipu1.pri/scaffolding/busco.eukaryota_odb12",
                "icAdaBipu1.pri/scaffolding/busco.eukaryota_odb12/asm-busco",
                "icAdaBipu1.pri/scaffolding/busco.eukaryota_odb12/asm-busco.batch_summary.txt",
                "icAdaBipu1.pri/scaffolding/busco.eukaryota_odb12/asm-busco.log",
                "icAdaBipu1.pri/scaffolding/busco.eukaryota_odb12/asm-busco/asm_hap1_scaffolds_final.fa",
                "icAdaBipu1.pri/scaffolding/busco.eukaryota_odb12/asm-busco/asm_hap1_scaffolds_final.fa/logs",
                "icAdaBipu1.pri/scaffolding/busco.eukaryota_odb12/asm-busco/asm_hap1_scaffolds_final.fa/logs/bbtools_err.log",
                "icAdaBipu1.pri/scaffolding/busco.eukaryota_odb12/asm-busco/asm_hap1_scaffolds_final.fa/logs/bbtools_out.log",
                "icAdaBipu1.pri/scaffolding/busco.eukaryota_odb12/asm-busco/asm_hap1_scaffolds_final.fa/logs/hmmsearch_err.log",
                "icAdaBipu1.pri/scaffolding/busco.eukaryota_odb12/asm-busco/asm_hap1_scaffolds_final.fa/logs/hmmsearch_out.log",
                "icAdaBipu1.pri/scaffolding/busco.eukaryota_odb12/asm-busco/asm_hap1_scaffolds_final.fa/logs/miniprot_align_eukaryota_odb12_err.log",
                "icAdaBipu1.pri/scaffolding/busco.eukaryota_odb12/asm-busco/asm_hap1_scaffolds_final.fa/logs/miniprot_align_eukaryota_odb12_out.log",
                "icAdaBipu1.pri/scaffolding/busco.eukaryota_odb12/asm-busco/asm_hap1_scaffolds_final.fa/logs/miniprot_index_err.log",
                "icAdaBipu1.pri/scaffolding/busco.eukaryota_odb12/asm-busco/asm_hap1_scaffolds_final.fa/logs/miniprot_index_out.log",
                "icAdaBipu1.pri/scaffolding/busco.eukaryota_odb12/asm-busco/asm_hap1_scaffolds_final.fa/run_eukaryota_odb12",
                "icAdaBipu1.pri/scaffolding/busco.eukaryota_odb12/asm-busco/asm_hap1_scaffolds_final.fa/run_eukaryota_odb12/busco_sequences",
                "icAdaBipu1.pri/scaffolding/busco.eukaryota_odb12/asm-busco/asm_hap1_scaffolds_final.fa/run_eukaryota_odb12/busco_sequences/fragmented_busco_sequences",
                "icAdaBipu1.pri/scaffolding/busco.eukaryota_odb12/asm-busco/asm_hap1_scaffolds_final.fa/run_eukaryota_odb12/busco_sequences/multi_copy_busco_sequences",
                "icAdaBipu1.pri/scaffolding/busco.eukaryota_odb12/asm-busco/asm_hap1_scaffolds_final.fa/run_eukaryota_odb12/busco_sequences/single_copy_busco_sequences",
                "icAdaBipu1.pri/scaffolding/busco.eukaryota_odb12/asm-busco/asm_hap1_scaffolds_final.fa/run_eukaryota_odb12/full_table.tsv",
                "icAdaBipu1.pri/scaffolding/busco.eukaryota_odb12/asm-busco/asm_hap1_scaffolds_final.fa/run_eukaryota_odb12/missing_busco_list.tsv",
                "icAdaBipu1.pri/scaffolding/busco.eukaryota_odb12/asm-busco/asm_hap1_scaffolds_final.fa/run_eukaryota_odb12/short_summary.json",
                "icAdaBipu1.pri/scaffolding/busco.eukaryota_odb12/asm-busco/asm_hap1_scaffolds_final.fa/run_eukaryota_odb12/short_summary.txt",
                "icAdaBipu1.pri/scaffolding/busco.eukaryota_odb12/asm-busco/asm_hap1_scaffolds_final.fa/tmp",
                "icAdaBipu1.pri/scaffolding/busco.eukaryota_odb12/asm-busco/asm_hap1_scaffolds_final.fa/tmp/refseq_db.faa",
                "icAdaBipu1.pri/scaffolding/busco.eukaryota_odb12/asm-busco/asm_hap2_scaffolds_final.fa",
                "icAdaBipu1.pri/scaffolding/busco.eukaryota_odb12/asm-busco/asm_hap2_scaffolds_final.fa/logs",
                "icAdaBipu1.pri/scaffolding/busco.eukaryota_odb12/asm-busco/asm_hap2_scaffolds_final.fa/logs/bbtools_err.log",
                "icAdaBipu1.pri/scaffolding/busco.eukaryota_odb12/asm-busco/asm_hap2_scaffolds_final.fa/logs/bbtools_out.log",
                "icAdaBipu1.pri/scaffolding/busco.eukaryota_odb12/asm-busco/asm_hap2_scaffolds_final.fa/logs/hmmsearch_err.log",
                "icAdaBipu1.pri/scaffolding/busco.eukaryota_odb12/asm-busco/asm_hap2_scaffolds_final.fa/logs/hmmsearch_out.log",
                "icAdaBipu1.pri/scaffolding/busco.eukaryota_odb12/asm-busco/asm_hap2_scaffolds_final.fa/logs/miniprot_align_eukaryota_odb12_err.log",
                "icAdaBipu1.pri/scaffolding/busco.eukaryota_odb12/asm-busco/asm_hap2_scaffolds_final.fa/logs/miniprot_align_eukaryota_odb12_out.log",
                "icAdaBipu1.pri/scaffolding/busco.eukaryota_odb12/asm-busco/asm_hap2_scaffolds_final.fa/logs/miniprot_index_err.log",
                "icAdaBipu1.pri/scaffolding/busco.eukaryota_odb12/asm-busco/asm_hap2_scaffolds_final.fa/logs/miniprot_index_out.log",
                "icAdaBipu1.pri/scaffolding/busco.eukaryota_odb12/asm-busco/asm_hap2_scaffolds_final.fa/run_eukaryota_odb12",
                "icAdaBipu1.pri/scaffolding/busco.eukaryota_odb12/asm-busco/asm_hap2_scaffolds_final.fa/run_eukaryota_odb12/busco_sequences",
                "icAdaBipu1.pri/scaffolding/busco.eukaryota_odb12/asm-busco/asm_hap2_scaffolds_final.fa/run_eukaryota_odb12/busco_sequences/fragmented_busco_sequences",
                "icAdaBipu1.pri/scaffolding/busco.eukaryota_odb12/asm-busco/asm_hap2_scaffolds_final.fa/run_eukaryota_odb12/busco_sequences/multi_copy_busco_sequences",
                "icAdaBipu1.pri/scaffolding/busco.eukaryota_odb12/asm-busco/asm_hap2_scaffolds_final.fa/run_eukaryota_odb12/busco_sequences/single_copy_busco_sequences",
                "icAdaBipu1.pri/scaffolding/busco.eukaryota_odb12/asm-busco/asm_hap2_scaffolds_final.fa/run_eukaryota_odb12/full_table.tsv",
                "icAdaBipu1.pri/scaffolding/busco.eukaryota_odb12/asm-busco/asm_hap2_scaffolds_final.fa/run_eukaryota_odb12/missing_busco_list.tsv",
                "icAdaBipu1.pri/scaffolding/busco.eukaryota_odb12/asm-busco/asm_hap2_scaffolds_final.fa/run_eukaryota_odb12/short_summary.json",
                "icAdaBipu1.pri/scaffolding/busco.eukaryota_odb12/asm-busco/asm_hap2_scaffolds_final.fa/run_eukaryota_odb12/short_summary.txt",
                "icAdaBipu1.pri/scaffolding/busco.eukaryota_odb12/asm-busco/asm_hap2_scaffolds_final.fa/tmp",
                "icAdaBipu1.pri/scaffolding/busco.eukaryota_odb12/asm-busco/asm_hap2_scaffolds_final.fa/tmp/refseq_db.faa",
                "icAdaBipu1.pri/scaffolding/busco.eukaryota_odb12/asm-busco/batch_summary.txt",
                "icAdaBipu1.pri/scaffolding/busco.eukaryota_odb12/asm-busco/logs",
                "icAdaBipu1.pri/scaffolding/busco.eukaryota_odb12/short_summary.specific.eukaryota_odb12.asm_hap1_scaffolds_final.fa.json",
                "icAdaBipu1.pri/scaffolding/busco.eukaryota_odb12/short_summary.specific.eukaryota_odb12.asm_hap1_scaffolds_final.fa.txt",
                "icAdaBipu1.pri/scaffolding/busco.eukaryota_odb12/short_summary.specific.eukaryota_odb12.asm_hap2_scaffolds_final.fa.json",
                "icAdaBipu1.pri/scaffolding/busco.eukaryota_odb12/short_summary.specific.eukaryota_odb12.asm_hap2_scaffolds_final.fa.txt",
                "icAdaBipu1.pri/scaffolding/contact_maps",
                "icAdaBipu1.pri/scaffolding/contact_maps/asm_hap1.hic",
                "icAdaBipu1.pri/scaffolding/contact_maps/asm_hap1.mcool",
                "icAdaBipu1.pri/scaffolding/contact_maps/asm_hap1.pretext",
                "icAdaBipu1.pri/scaffolding/contact_maps/asm_hap1.pretext.FullMap.png",
                "icAdaBipu1.pri/scaffolding/contact_maps/asm_hap2.hic",
                "icAdaBipu1.pri/scaffolding/contact_maps/asm_hap2.mcool",
                "icAdaBipu1.pri/scaffolding/contact_maps/asm_hap2.pretext",
                "icAdaBipu1.pri/scaffolding/contact_maps/asm_hap2.pretext.FullMap.png",
                "icAdaBipu1.pri/scaffolding/hic_aln",
                "icAdaBipu1.pri/scaffolding/hic_aln/asm_hap1.flagstat",
                "icAdaBipu1.pri/scaffolding/hic_aln/asm_hap1.idxstats",
                "icAdaBipu1.pri/scaffolding/hic_aln/asm_hap1.stats",
                "icAdaBipu1.pri/scaffolding/hic_aln/asm_hap1_merged.bam",
                "icAdaBipu1.pri/scaffolding/hic_aln/asm_hap1_merged.bam.csi",
                "icAdaBipu1.pri/scaffolding/hic_aln/asm_hap2.flagstat",
                "icAdaBipu1.pri/scaffolding/hic_aln/asm_hap2.idxstats",
                "icAdaBipu1.pri/scaffolding/hic_aln/asm_hap2.stats",
                "icAdaBipu1.pri/scaffolding/hic_aln/asm_hap2_merged.bam",
                "icAdaBipu1.pri/scaffolding/hic_aln/asm_hap2_merged.bam.csi",
                "icAdaBipu1.pri/scaffolding/index.json",
                "icAdaBipu1.pri/scaffolding/merqury.ccs",
                "icAdaBipu1.pri/scaffolding/merqury.ccs/asm.ccs.asm_hap1_scaffolds_final.spectra-cn.fl.png",
                "icAdaBipu1.pri/scaffolding/merqury.ccs/asm.ccs.asm_hap1_scaffolds_final.spectra-cn.ln.png",
                "icAdaBipu1.pri/scaffolding/merqury.ccs/asm.ccs.asm_hap1_scaffolds_final.spectra-cn.st.png",
                "icAdaBipu1.pri/scaffolding/merqury.ccs/asm.ccs.asm_hap2_scaffolds_final.spectra-cn.fl.png",
                "icAdaBipu1.pri/scaffolding/merqury.ccs/asm.ccs.asm_hap2_scaffolds_final.spectra-cn.ln.png",
                "icAdaBipu1.pri/scaffolding/merqury.ccs/asm.ccs.asm_hap2_scaffolds_final.spectra-cn.st.png",
                "icAdaBipu1.pri/scaffolding/merqury.ccs/asm.ccs.completeness.stats",
                "icAdaBipu1.pri/scaffolding/merqury.ccs/asm.ccs.qv",
                "icAdaBipu1.pri/scaffolding/merqury.ccs/asm.ccs.spectra-asm.fl.png",
                "icAdaBipu1.pri/scaffolding/merqury.ccs/asm.ccs.spectra-asm.ln.png",
                "icAdaBipu1.pri/scaffolding/merqury.ccs/asm.ccs.spectra-asm.st.png",
                "icAdaBipu1.pri/scaffolding/merqury.ccs/asm.ccs.spectra-cn.fl.png",
                "icAdaBipu1.pri/scaffolding/merqury.ccs/asm.ccs.spectra-cn.ln.png",
                "icAdaBipu1.pri/scaffolding/merqury.ccs/asm.ccs.spectra-cn.st.png",
                "icAdaBipu1.pri/scaffolding/yahs",
                "icAdaBipu1.pri/scaffolding/yahs/asm_hap1.bin",
                "icAdaBipu1.pri/scaffolding/yahs/asm_hap1.log",
                "icAdaBipu1.pri/scaffolding/yahs/asm_hap1_inital_break_01.agp",
                "icAdaBipu1.pri/scaffolding/yahs/asm_hap1_inital_break_02.agp",
                "icAdaBipu1.pri/scaffolding/yahs/asm_hap1_r01_break.agp",
                "icAdaBipu1.pri/scaffolding/yahs/asm_hap1_scaffolds_final.agp",
                "icAdaBipu1.pri/scaffolding/yahs/asm_hap2.bin",
                "icAdaBipu1.pri/scaffolding/yahs/asm_hap2.log",
                "icAdaBipu1.pri/scaffolding/yahs/asm_hap2_inital_break_01.agp",
                "icAdaBipu1.pri/scaffolding/yahs/asm_hap2_inital_break_02.agp",
                "icAdaBipu1.pri/scaffolding/yahs/asm_hap2_scaffolds_final.agp",
                "pipeline_info",
                "pipeline_info/genomeassembly_software_versions.yml"
            ],
            [
                ".icAdaBipu1.illumina_10x.k31.ktab.1:md5,66e731259e52b68c3c7f06f9c4031c3d",
                ".icAdaBipu1.illumina_10x.k31.ktab.2:md5,ab315cb5a8e32927c8c206844b6b171b",
                ".icAdaBipu1.illumina_10x.k31.ktab.3:md5,9a998013378ac4a5946f8110d8e30f86",
                ".icAdaBipu1.illumina_10x.k31.ktab.4:md5,24ab5876a4a301cd7c682ad8377511a1",
                "icAdaBipu1.illumina_10x.k31.hist:md5,5cb17394d63e062f004d6220e07a7506",
                "icAdaBipu1.illumina_10x.k31.ktab:md5,520961969164ca32746e04a623efc8a0",
                ".icAdaBipu1.illumina_hic.k31.ktab.1:md5,d875ccdc8b24ae81d938c8a35be6a7ad",
                ".icAdaBipu1.illumina_hic.k31.ktab.2:md5,f0cf5a04b8de8d02e96c90a186970c7a",
                ".icAdaBipu1.illumina_hic.k31.ktab.3:md5,aad1e1ca04d160c64335cf4d05d0e3be",
                ".icAdaBipu1.illumina_hic.k31.ktab.4:md5,fe62802d55ea596451861e9851aeeda9",
                "icAdaBipu1.illumina_hic.k31.hist:md5,fca488ae2c36af64f0dab3f52216ca10",
                "icAdaBipu1.illumina_hic.k31.ktab:md5,7bb9b8b52e3606f22945c086b2c163d6",
                ".icAdaBipu1.pacbio_hifi.k31.ktab.1:md5,57e324160514ee2703c8b97e6f19f85a",
                ".icAdaBipu1.pacbio_hifi.k31.ktab.2:md5,5cfc60d2017c5a17f1dd8e00da607b26",
                ".icAdaBipu1.pacbio_hifi.k31.ktab.3:md5,45218a16c3bf76cf761dda725fb0d4c6",
                ".icAdaBipu1.pacbio_hifi.k31.ktab.4:md5,172ee53d8cb63175b4f047892aa40e21",
                "icAdaBipu1.pacbio_hifi.k31.hist:md5,18065e7ade2c21abf14db6619b2be29e",
                "icAdaBipu1.pacbio_hifi.k31.ktab:md5,30c1fe5554d83df56a7a4972efb6a329",
                "asm.k1001_c5.mito.ctg.bed:md5,72f08b6ad03b195b4d861bf3928bfacd",
                "asm.k1001_c5.mito.ctg.fasta:md5,7f25b0d05017f9d57139044529f12d35",
                "asm.k1001_c5.mito.gfa:md5,307f579f45bb2a05f753e7686746f98a",
                "asm.k1001_c5.utg.final.gfa:md5,606596572886d5434e420c8bf32e2431",
                "asm.k1001_c5.utg.gfa:md5,833a12bdade520d44504ce9fdd143f8a",
                "asm.hic.hap1.p_ctg.fa.assembly_summary:md5,653ab2ee07ca3ac4fcda381840676fc3",
                "asm.hic.hap1.p_ctg.fa.gz:md5,075215358f6d0da306d4c03911ac026d",
                "asm.hic.hap1.p_ctg.fa.stats:md5,b9f84387d4535f510c3b85d069ac461c",
                "asm.hic.hap1.p_ctg.gfa.gz:md5,ff7e4471501f63b55cd43f45094bc829",
                "asm.hic.hap1.p_ctg.lowQ.bed.gz:md5,b053c8db13c88b1e57d70c52edee1269",
                "asm.hic.hap1.p_ctg.noseq.fa.gz:md5,6d3c69d8eb469fbad9d6173158ecc6a5",
                "asm.hic.hap1.p_ctg.noseq.gfa.gz:md5,f7d5d8dff4eda9fd374ddc2669e7b012",
                "asm.hic.hap2.p_ctg.fa.assembly_summary:md5,7ff7976f2c7a4c2f272241fa1215d6ca",
                "asm.hic.hap2.p_ctg.fa.gz:md5,aa00980099020da24234430b3d32fb81",
                "asm.hic.hap2.p_ctg.fa.stats:md5,8c194701d3d71421dbd1ac2249047694",
                "asm.hic.hap2.p_ctg.gfa.gz:md5,dae3219aec288b7d3cbe5378e9fa8d61",
                "asm.hic.hap2.p_ctg.lowQ.bed.gz:md5,75561cac8ecb7da3c6bc2c2b25054262",
                "asm.hic.hap2.p_ctg.noseq.fa.gz:md5,a899e9363240b89af0f3cd50e42493de",
                "asm.hic.hap2.p_ctg.noseq.gfa.gz:md5,9e3aeacbd7ba61cc7e5aa325588c3b8a",
                "asm.hic.p_ctg.fa.gz:md5,f4fb270fbb745424f54c0c86f09fff15",
                "asm.hic.p_ctg.gfa.gz:md5,8b166f8dad80256cd9f0613f40f95214",
                "asm.hic.p_ctg.lowQ.bed.gz:md5,abf219fff364e20f2fce3c393be3daba",
                "asm.hic.p_ctg.noseq.fa.gz:md5,197985b8cb49560c14b85087fca5668b",
                "asm.hic.p_ctg.noseq.gfa.gz:md5,815f2820efb107fd3642f9f5e6a93b1b",
                "asm.hic.p_utg.fa.gz:md5,c96ee0bda8d82da2efa79967d00b6c62",
                "asm.hic.p_utg.gfa.gz:md5,36f4cb2243b3ad4f723b572b3f22af9a",
                "asm.hic.p_utg.lowQ.bed.gz:md5,614c5bae6121c1224233bd9aadbc9574",
                "asm.hic.p_utg.noseq.fa.gz:md5,c6c0e5d277ce2e4f0189aee3c8fa1eb8",
                "asm.hic.p_utg.noseq.gfa.gz:md5,ebe7c43c8d13879265c604affeed61e3",
                "asm.hic.r_utg.fa.gz:md5,8f5b60462a235b355c01e50fa8c129c9",
                "asm.hic.r_utg.gfa.gz:md5,e761cd0a0442afd7399bbdec34e6498a",
                "asm.hic.r_utg.lowQ.bed.gz:md5,12288c3a4575e076eae34320cffc93fa",
                "asm.hic.r_utg.noseq.fa.gz:md5,1e09dc03769e1b8f20adf99a5a4348f1",
                "asm.hic.r_utg.noseq.gfa.gz:md5,fddd85d87b7a0d8ce04efbce7c2a6f71",
                "full_table.tsv:md5,e0fd31c49063bd08ff8035e15e77b1de",
                "missing_busco_list.tsv:md5,acdeace2ccfe585ce655a8ab5e4d4764",
                "refseq_db.faa:md5,0d53f0a1964cc202e99f4851839273a3",
                "full_table.tsv:md5,e0fd31c49063bd08ff8035e15e77b1de",
                "missing_busco_list.tsv:md5,acdeace2ccfe585ce655a8ab5e4d4764",
                "refseq_db.faa:md5,0d53f0a1964cc202e99f4851839273a3",
                "asm.ccs.completeness.stats:md5,456573b5d720210c4b6c83e9d9c153d4",
                "asm_hap1_scaffolds_final.fa.assembly_summary:md5,6ba5f1c6854391c583ef7adc83ec6a77",
                "asm_hap1_scaffolds_final.fa.gz:md5,0bd6c650cee565d25854bff4880d6f70",
                "asm_hap1_scaffolds_final.fa.stats:md5,8583eb639fc220c0eb793c133de03a0a",
                "asm_hap2_scaffolds_final.fa.assembly_summary:md5,66bb6c61c2c69e796acdccdc6dc99f84",
                "asm_hap2_scaffolds_final.fa.gz:md5,f55bd2e3deb73b6138435bb3149480b3",
                "asm_hap2_scaffolds_final.fa.stats:md5,6969bcdaf4d7082f06670a1d7d131624",
                "full_table.tsv:md5,e0fd31c49063bd08ff8035e15e77b1de",
                "missing_busco_list.tsv:md5,acdeace2ccfe585ce655a8ab5e4d4764",
                "refseq_db.faa:md5,0d53f0a1964cc202e99f4851839273a3",
                "full_table.tsv:md5,e0fd31c49063bd08ff8035e15e77b1de",
                "missing_busco_list.tsv:md5,acdeace2ccfe585ce655a8ab5e4d4764",
                "refseq_db.faa:md5,0d53f0a1964cc202e99f4851839273a3",
                "asm_hap1.hic:md5,183093e06305b4497a64a6e61d06b96b",
                "asm_hap2.hic:md5,e43e437eaa3ddc80f8eaece11b984262",
                "asm_hap1.flagstat:md5,35b38248e17520143bd8f375565bdaf1",
                "asm_hap1.idxstats:md5,00eb7b34fa91ca264ecffe0db010e8d9",
                "asm_hap1.stats:md5,6c6cffa26ce34e2787ba68c28043fbe2",
                "asm_hap2.flagstat:md5,3f1d9809931b6c3a776d1ed3168c9b50",
                "asm_hap2.idxstats:md5,3a5bda6179118dcbcc0ad05e90f461a8",
                "asm_hap2.stats:md5,1680554d6310ae626e472ff68c43c20f",
                "asm.ccs.completeness.stats:md5,9eca5bfbdb2f1540d3d14ff687f9634a",
                "asm_hap1_inital_break_01.agp:md5,cbddf5b0bb257d9ec543ddd4c45e242b",
                "asm_hap1_inital_break_02.agp:md5,cbddf5b0bb257d9ec543ddd4c45e242b",
                "asm_hap1_r01_break.agp:md5,a738cd66f50e56bf5e2293792e0a4766",
                "asm_hap1_r02_break.agp:md5,e408a7cd8547726a3cd232b3645f7b7f",
                "asm_hap1_scaffolds_final.agp:md5,09b7cf1d361c6f04e03c147f8fe0a7cf",
                "asm_hap2_inital_break_01.agp:md5,bd142a218264cf9dffd5f510a76f711e",
                "asm_hap2_inital_break_02.agp:md5,bd142a218264cf9dffd5f510a76f711e",
                "asm_hap2_r01_break.agp:md5,ebc885175adab7e12d4ae912f884a3b2",
                "asm_hap2_r02_break.agp:md5,fb2067a06b6a3c8129d9d09354e68931",
                "asm_hap2_scaffolds_final.agp:md5,1b855e18438e1b9b2275d56756df341d",
                "all_contigs.circularisationCheck.txt:md5,5b4338559df2e3363a7218c1b5656274",
                "contigs.blastn:md5,0e9e0102d6b0979c2617cff777eec90c",
                "contigs_ids.txt:md5,7402ebc0cd8fe7cb57b9ec703047ed94",
                "parsed_blast.txt:md5,ec27d76c8950acbc044e3209e29a442e",
                "parsed_blast_all.txt:md5,ec27d76c8950acbc044e3209e29a442e",
                "final_mitogenome.fasta:md5,9ac014bd8be19867fc1eb28a285d5e49",
                "final_mitogenome.gb:md5,395db81b0e769abb2da955702e43fc1b",
                "all_mitogenomes.rotated.aligned.aln:md5,d41d8cd98f00b204e9800998ecf8427e",
                "all_mitogenomes.rotated.fa:md5,9ac014bd8be19867fc1eb28a285d5e49",
                "cdhit.out:md5,9ac014bd8be19867fc1eb28a285d5e49",
                "cdhit.out.clstr:md5,e052d101dcedd36c8ec8cfa02152f1a9",
                "fixed_header_contigs.fasta:md5,6729777d34ac48f833cba27512cc8f9e",
                "PQ668616.fasta:md5,c43ef3cbcc02b9e53b61896c8cd01958",
                "ptg000039l.annotation.infos:md5,cd5a874c89a888495f528a4e45d7c9d6",
                "ptg000039l.annotation_final_genes_AA.fasta:md5,359ee8f8b99e5baa256ea4a4de6571b1",
                "ptg000039l.annotation_final_genes_NT.fasta:md5,c6c5b85a50717d11839efd2041ca2441",
                "ptg000039l.annotation_mtDNA_contig.fasta:md5,f20cbfefe0eba797479b1e4fd239b5fd",
                "ptg000039l.annotation_mtDNA_contig.gb:md5,6175c90b3d37c3ea0eb7147b6003afd5",
                "ptg000039l.annotation_mtDNA_contig.gff:md5,6ead8d8937c89df4035553c7178d38e2",
                "ptg000039l.annotation_mtDNA_contig.tbl:md5,03f6181a39b41a4dc30de85edca2e20f",
                "ptg000039l.annotation_mtDNA_contig_genes_AA.fasta:md5,359ee8f8b99e5baa256ea4a4de6571b1",
                "ptg000039l.annotation_mtDNA_contig_genes_NT.fasta:md5,c6c5b85a50717d11839efd2041ca2441",
                "ptg000039l.annotation_mtDNA_contig.mitfi:md5,5ed23d55945837fa02414fc91bf4ed49",
                "contig_id_database.fasta:md5,4f6e89bf5703c2471e6a8e84357335db",
                "ptg000039l.annotation_blast_out.txt:md5,af7427b8214fc981bb21fae3061339f1",
                "ptg000039l.annotation_mtDNA_contig_raw.gff:md5,5782016a8d2ed2cce1cda64b2e850919",
                "ptg000039l.annotation_mtDNA_contig_ref.blast.xml:md5,28b68d48c522f99b9be4bea4788eda78",
                "ptg000039l.annotation_mtDNA_contig_ref.cds.blast.xml:md5,8c118c194527a6ffe09cbc036138e9ee",
                "ptg000039l.annotation_mtDNA_contig_ref.cds.fasta:md5,86d782f1c1d26611ba42bb0a8ce6591b",
                "ptg000039l.annotation_mtDNA_contig_ref.fasta:md5,acaa70d3626fc4e664458c8a6c2db6b9",
                "ref_ATP6_database.fasta:md5,98685ccf4ba0a45ad4a130e6d7c4e879",
                "ref_ATP8_database.fasta:md5,e58bf7ff8b1404cc02d5c550ded4d9e4",
                "ref_COX1_database.fasta:md5,59a41a3e36590668baea66ee73a01709",
                "ref_COX2_database.fasta:md5,829c02c21dfeb38e3dfde2ad6994868c",
                "ref_COX3_database.fasta:md5,f9ca020bad8b4cbffaf4c06e952df824",
                "ref_CYTB_database.fasta:md5,c09fc1df08773cdc856d5ec5daa477db",
                "ref_ND1_database.fasta:md5,ed67ffd75649394bd8a0eaa8b5e6f4e8",
                "ref_ND2_database.fasta:md5,5de0f4f695ff75c40071d2d4da3c3c48",
                "ref_ND3_database.fasta:md5,a20cae91831f11ebf2bea1e233e2a8e8",
                "ref_ND4L_database.fasta:md5,d7ce635c912b8cd692af5a04997519d9",
                "ref_ND4_database.fasta:md5,985755924200ec04612fe55f6aab9dcd",
                "ref_ND5_database.fasta:md5,4980eeaffe0bae40680992e55ff898ac",
                "ref_ND6_database.fasta:md5,29508529e02f5daadfe17b56a8a051e2",
                "ref_for_mtDNA_contig.fasta:md5,487baa2f0bec5c52892a5addf6b71963",
                "ref_rrnL_database.fasta:md5,bb54c53312dabe4dd7dcf0836b037c52",
                "ref_rrnS_database.fasta:md5,6678ca80d10ea33bf67dec742f587e86",
                "translated_genes_for_database.fasta:md5,321ce1b9c439ebf42eb165f520daa90a",
                "ptg000039l.circularisationCheck.txt:md5,2489da0b5864d1312db960bbb0675414",
                "ptg000039l.circularization_check.blast.tsv:md5,7ec7b452365d76da6e91eefa5a9d855c",
                "ptg000039l.individual.stats:md5,f297d55b87b8e099aa3a43a96f331638",
                "ptg000039l.mito.fa:md5,647d03b1f35dcb2aaee49454bded5bf0",
                "ptg000039l.mitogenome.fa:md5,9c6d0bff4c9775d28cadbf58985f2a79",
                "ptg000039l.mitogenome.gb:md5,46f6254897508a5583a489fa0a068dab",
                "ptg000039l.mitogenome.rotated.fa:md5,9ac014bd8be19867fc1eb28a285d5e49",
                "ptg000039l.mitogenome.rotated.gb:md5,395db81b0e769abb2da955702e43fc1b",
                "ptg000039l.trnas:md5,f2944d6ac3bb838ec217517c5cf1f647",
                "shared_genes.tsv:md5,6a4a73e2394e4b1708d8749175062010",
                "asm.hap.fa.gz:md5,be81a92d5c2d075787e3589840ce655a",
                "asm.htigs.all.fa.assembly_summary:md5,dae07ed5be4b1fb13c1c60cdb77d1a77",
                "asm.htigs.all.fa.gz:md5,b4c61c43cf0e53caa622ed77d1e84ab1",
                "asm.htigs.all.fa.stats:md5,979acda05255197f84a3791327f56869",
                "asm.purged.fa.assembly_summary:md5,767c4eb55b411b238634e84d725fb6a9",
                "asm.purged.fa.gz:md5,8f11b53970a57ced5c4e725c575a8d3f",
                "asm.purged.fa.stats:md5,b2872d4765ef03d652a434e162c2d7d4",
                "full_table.tsv:md5,e0fd31c49063bd08ff8035e15e77b1de",
                "missing_busco_list.tsv:md5,acdeace2ccfe585ce655a8ab5e4d4764",
                "refseq_db.faa:md5,0d53f0a1964cc202e99f4851839273a3",
                "full_table.tsv:md5,e0fd31c49063bd08ff8035e15e77b1de",
                "missing_busco_list.tsv:md5,acdeace2ccfe585ce655a8ab5e4d4764",
                "refseq_db.faa:md5,0d53f0a1964cc202e99f4851839273a3",
                "asm.PB.base.cov:md5,1039771f451f0111ae38a4e3883c9de9",
                "asm.PB.stat:md5,838286fdb342af2abd81244d15aedc0c",
                "asm.cutoffs:md5,2309f2c470aca9ac259b2c0dea18c503",
                "asm.ccs.completeness.stats:md5,e42120bb6ba67dd6d792f8609756d2a0",
                "asm.dups.bed.gz:md5,d3edbbb4fc0c6b080782ff74bdba2dd5",
                "asm.self_aln.paf:md5,7522c116c2c929d4a00263eae159833a",
                "asm.self_aln.split.fasta.gz:md5,fb382667cc6b2d2306efe598114a7460",
                "asm.a_ctg.fa.assembly_summary:md5,322e0b2f8741c61409fa746168a5b597",
                "asm.a_ctg.fa.gz:md5,ac988f6ae9634cffb45467c50511e125",
                "asm.a_ctg.fa.stats:md5,103958588a7b25eb03a7ac7795060dac",
                "asm.a_ctg.gfa.gz:md5,5d327f1c5c1703c6e6e3184445d94ba2",
                "asm.a_ctg.lowQ.bed.gz:md5,df479182467c911625ee56de3148c919",
                "asm.a_ctg.noseq.fa.gz:md5,6b6cb964f0abfeaa67fb41c7b1ce29cd",
                "asm.a_ctg.noseq.gfa.gz:md5,49482190b9d6aa6cb2c664764991e314",
                "asm.p_ctg.fa.assembly_summary:md5,ca67f62314fecee9477715f1babaa5e5",
                "asm.p_ctg.fa.gz:md5,f085b1223ab9c21d6574ee56ef2516cf",
                "asm.p_ctg.fa.stats:md5,16175a28f337bddbfe5177baa7e2af46",
                "asm.p_ctg.gfa.gz:md5,74363e467dec6b0c76df1cc03f47e3d1",
                "asm.p_ctg.lowQ.bed.gz:md5,f5f23c3771a60b1e3ecc480b20c9574e",
                "asm.p_ctg.noseq.fa.gz:md5,798b60578182fecf981082adb454d538",
                "asm.p_ctg.noseq.gfa.gz:md5,f5fab0e103308ca679b166d9cf262325",
                "asm.p_utg.fa.gz:md5,c96ee0bda8d82da2efa79967d00b6c62",
                "asm.p_utg.gfa.gz:md5,36f4cb2243b3ad4f723b572b3f22af9a",
                "asm.p_utg.lowQ.bed.gz:md5,614c5bae6121c1224233bd9aadbc9574",
                "asm.p_utg.noseq.fa.gz:md5,c6c0e5d277ce2e4f0189aee3c8fa1eb8",
                "asm.p_utg.noseq.gfa.gz:md5,ebe7c43c8d13879265c604affeed61e3",
                "asm.r_utg.fa.gz:md5,8f5b60462a235b355c01e50fa8c129c9",
                "asm.r_utg.gfa.gz:md5,e761cd0a0442afd7399bbdec34e6498a",
                "asm.r_utg.lowQ.bed.gz:md5,12288c3a4575e076eae34320cffc93fa",
                "asm.r_utg.noseq.fa.gz:md5,1e09dc03769e1b8f20adf99a5a4348f1",
                "asm.r_utg.noseq.gfa.gz:md5,fddd85d87b7a0d8ce04efbce7c2a6f71",
                "full_table.tsv:md5,e0fd31c49063bd08ff8035e15e77b1de",
                "missing_busco_list.tsv:md5,acdeace2ccfe585ce655a8ab5e4d4764",
                "refseq_db.faa:md5,0d53f0a1964cc202e99f4851839273a3",
                "full_table.tsv:md5,e0fd31c49063bd08ff8035e15e77b1de",
                "missing_busco_list.tsv:md5,acdeace2ccfe585ce655a8ab5e4d4764",
                "refseq_db.faa:md5,0d53f0a1964cc202e99f4851839273a3",
                "asm.ccs.completeness.stats:md5,7d1acabdff2b06bd3b7f731c6d8ed653",
                "asm_hap1_scaffolds_final.fa.assembly_summary:md5,e21d18d7359cd3896b93158e94b43e27",
                "asm_hap1_scaffolds_final.fa.gz:md5,3ba8f6368de3a3d88992069b78728bb9",
                "asm_hap1_scaffolds_final.fa.stats:md5,9917513d8e12bb5058a2da881b499852",
                "asm_hap2_scaffolds_final.fa.assembly_summary:md5,48813a5bf4066a229084415d21793f96",
                "asm_hap2_scaffolds_final.fa.gz:md5,4bbc1a85828a1828252f8020900640d0",
                "asm_hap2_scaffolds_final.fa.stats:md5,9326409dcd34b9c7aecec5f14da76090",
                "full_table.tsv:md5,e0fd31c49063bd08ff8035e15e77b1de",
                "missing_busco_list.tsv:md5,acdeace2ccfe585ce655a8ab5e4d4764",
                "refseq_db.faa:md5,0d53f0a1964cc202e99f4851839273a3",
                "full_table.tsv:md5,e0fd31c49063bd08ff8035e15e77b1de",
                "missing_busco_list.tsv:md5,acdeace2ccfe585ce655a8ab5e4d4764",
                "refseq_db.faa:md5,0d53f0a1964cc202e99f4851839273a3",
                "asm_hap1.hic:md5,dea918fd8273c97f2b8adfd5f8576f98",
                "asm_hap2.hic:md5,183fda29d5d51211dbd9a6e2943a9633",
                "asm_hap1.flagstat:md5,3bc3ff9ae08e2651ad01c7411ae43ece",
                "asm_hap1.idxstats:md5,291ddbd9a1bfe3a2746be043123572c4",
                "asm_hap1.stats:md5,5f35bfe3e0f41a0b4420ea8d5253a2e5",
                "asm_hap2.flagstat:md5,a5d0a2b5c1e8e6d24ea626c0cd3512ed",
                "asm_hap2.idxstats:md5,f7a20733e9ea6bbc2cd62e38b08ac8b8",
                "asm_hap2.stats:md5,5ad93764644e8800e667398801283561",
                "asm.ccs.completeness.stats:md5,5ad26918c4ae29046f748c85dca60d05",
                "asm_hap1_inital_break_01.agp:md5,94abc4ede3674d029b8531d093afe7cc",
                "asm_hap1_inital_break_02.agp:md5,94abc4ede3674d029b8531d093afe7cc",
                "asm_hap1_r01_break.agp:md5,8e3ea4fe0722c3b9e0077776e1549dcd",
                "asm_hap1_scaffolds_final.agp:md5,7587d1d71f7161b3c7d1654c2c5dcaf6",
                "asm_hap2_inital_break_01.agp:md5,85a331b5c30bc06e08d45931038e4977",
                "asm_hap2_inital_break_02.agp:md5,85a331b5c30bc06e08d45931038e4977",
                "asm_hap2_scaffolds_final.agp:md5,71e9ff335b18274c12ea970407a87c1a"
            ]
        ],
        "timestamp": "2026-04-14T11:36:25.528310418",
        "meta": {
            "nf-test": "0.9.5",
            "nextflow": "25.10.4"
        }
    }
}