{
    "dhQueRobu3 - test PacBio + UL ONT, ONT-only assembly, mitohifi plastid search": {
        "content": [
            155,
            {
                "ASMSTATS": {
                    "asmstats": "1.0.0",
                    "seqtk": "1.5-r133"
                },
                "BANDAGE_IMAGE": {
                    "bandage": "0.9.0"
                },
                "BEDTOOLS_BAMTOBEDSORT": {
                    "bedtools": "2.31.1",
                    "samtools": 1.23
                },
                "BGZIP_HIFIASM": {
                    "htslib": 1.24,
                    "xz": "5.8.3"
                },
                "BGZIP_SCAFFOLDED": {
                    "htslib": 1.24,
                    "xz": "5.8.3"
                },
                "BUSCO_BUSCO": {
                    "busco": "6.1.0"
                },
                "BWAMEM2_INDEX": {
                    "bwamem2": "2.2.1"
                },
                "COOLER_CLOAD": {
                    "cooler": "0.10.4"
                },
                "COOLER_ZOOMIFY": {
                    "cooler": "0.10.4"
                },
                "CRAMALIGN_BWAMEM2ALIGNHIC": {
                    "bwamem2": "2.2.1",
                    "samtools": "1.22.1"
                },
                "CRAMALIGN_GENCRAMCHUNKS": {
                    "cramchunks": "1.1.0"
                },
                "FASTK_FASTK": {
                    "fastk": 1.2
                },
                "FASTK_HISTEX": {
                    "fastk": 1.2
                },
                "GAWK_PROCESS_PAIRS_FILE": {
                    "gawk": "5.3.1"
                },
                "GENOMESCOPE2": {
                    "genomescope2": 2.0
                },
                "GFASTATS": {
                    "gfastats": "1.3.11"
                },
                "HIFIASM": {
                    "hifiasm": "0.25.0-r726",
                    "samtools": 1.23
                },
                "HIFIASM_BIN": {
                    "hifiasm": "0.25.0-r726",
                    "samtools": 1.23
                },
                "JUICERTOOLS_PRE": {
                    "juicer_tools": "2.20.00"
                },
                "MERQURYFK_MERQURYFK": {
                    "R": "4.3.3",
                    "fastk": 1.2,
                    "merquryfk": 1.2
                },
                "MITOHIFI_MITOHIFI": {
                    "mitohifi": "3.2.3"
                },
                "OATK": {
                    "oatk": 1.0
                },
                "PRETEXTMAP": {
                    "PretextMap": "0.2.4",
                    "samtools": 1.23
                },
                "PRETEXTSNAPSHOT": {
                    "PretextSnapshot": "0.0.7"
                },
                "SAMTOOLS_FAIDX": {
                    "samtools": 1.24
                },
                "SAMTOOLS_FAIDX_CONTIGS": {
                    "samtools": 1.24
                },
                "SAMTOOLS_FAIDX_SCAFFOLDS": {
                    "samtools": 1.24
                },
                "SAMTOOLS_FLAGSTAT": {
                    "samtools": 1.24
                },
                "SAMTOOLS_IDXSTATS": {
                    "samtools": 1.24
                },
                "SAMTOOLS_INDEX": {
                    "samtools": 1.24
                },
                "SAMTOOLS_MERGEDUP": {
                    "samtools": "1.23.1"
                },
                "SAMTOOLS_SPLITHEADER": {
                    "samtools": 1.24
                },
                "SAMTOOLS_STATS": {
                    "samtools": 1.24
                },
                "Workflow": {
                    "sanger-tol/genomeassembly": "v1.0.1"
                },
                "YAHS": {
                    "yahs": "1.2.2"
                },
                "YAHS_MAKEPAIRSFILE": {
                    "gawk": "5.3.1",
                    "juicer_pre": "1.2.2",
                    "sort": 9.5
                }
            },
            [
                "dhQueRobu3.oatk",
                "dhQueRobu3.oatk/asm.k1001_c5.annot_mito.txt",
                "dhQueRobu3.oatk/asm.k1001_c5.annot_pltd.txt",
                "dhQueRobu3.oatk/asm.k1001_c5.log",
                "dhQueRobu3.oatk/asm.k1001_c5.mito.ctg.bed",
                "dhQueRobu3.oatk/asm.k1001_c5.mito.ctg.fasta",
                "dhQueRobu3.oatk/asm.k1001_c5.mito.gfa",
                "dhQueRobu3.oatk/asm.k1001_c5.mito.png",
                "dhQueRobu3.oatk/asm.k1001_c5.pltd.ctg.bed",
                "dhQueRobu3.oatk/asm.k1001_c5.pltd.ctg.fasta",
                "dhQueRobu3.oatk/asm.k1001_c5.pltd.gfa",
                "dhQueRobu3.oatk/asm.k1001_c5.pltd.png",
                "dhQueRobu3.oatk/asm.k1001_c5.utg.final.gfa",
                "dhQueRobu3.oatk/asm.k1001_c5.utg.final.png",
                "dhQueRobu3.oatk/asm.k1001_c5.utg.gfa",
                "dhQueRobu3.oatk/index.json",
                "dhQueRobu3.ont",
                "dhQueRobu3.ont/hifiasm",
                "dhQueRobu3.ont/hifiasm/asm.bp.hap1.p_ctg.fa.assembly_summary",
                "dhQueRobu3.ont/hifiasm/asm.bp.hap1.p_ctg.fa.gz",
                "dhQueRobu3.ont/hifiasm/asm.bp.hap1.p_ctg.fa.stats",
                "dhQueRobu3.ont/hifiasm/asm.bp.hap1.p_ctg.gfa.gz",
                "dhQueRobu3.ont/hifiasm/asm.bp.hap1.p_ctg.lowQ.bed.gz",
                "dhQueRobu3.ont/hifiasm/asm.bp.hap1.p_ctg.noseq.fa.gz",
                "dhQueRobu3.ont/hifiasm/asm.bp.hap1.p_ctg.noseq.gfa.gz",
                "dhQueRobu3.ont/hifiasm/asm.bp.hap2.p_ctg.fa.assembly_summary",
                "dhQueRobu3.ont/hifiasm/asm.bp.hap2.p_ctg.fa.gz",
                "dhQueRobu3.ont/hifiasm/asm.bp.hap2.p_ctg.fa.stats",
                "dhQueRobu3.ont/hifiasm/asm.bp.hap2.p_ctg.gfa.gz",
                "dhQueRobu3.ont/hifiasm/asm.bp.hap2.p_ctg.lowQ.bed.gz",
                "dhQueRobu3.ont/hifiasm/asm.bp.hap2.p_ctg.noseq.fa.gz",
                "dhQueRobu3.ont/hifiasm/asm.bp.hap2.p_ctg.noseq.gfa.gz",
                "dhQueRobu3.ont/hifiasm/asm.bp.p_ctg.fa.gz",
                "dhQueRobu3.ont/hifiasm/asm.bp.p_ctg.gfa.gz",
                "dhQueRobu3.ont/hifiasm/asm.bp.p_ctg.lowQ.bed.gz",
                "dhQueRobu3.ont/hifiasm/asm.bp.p_ctg.noseq.fa.gz",
                "dhQueRobu3.ont/hifiasm/asm.bp.p_ctg.noseq.gfa.gz",
                "dhQueRobu3.ont/hifiasm/asm.bp.p_utg.fa.gz",
                "dhQueRobu3.ont/hifiasm/asm.bp.p_utg.gfa.gz",
                "dhQueRobu3.ont/hifiasm/asm.bp.p_utg.lowQ.bed.gz",
                "dhQueRobu3.ont/hifiasm/asm.bp.p_utg.noseq.fa.gz",
                "dhQueRobu3.ont/hifiasm/asm.bp.p_utg.noseq.gfa.gz",
                "dhQueRobu3.ont/hifiasm/asm.bp.r_utg.fa.gz",
                "dhQueRobu3.ont/hifiasm/asm.bp.r_utg.gfa.gz",
                "dhQueRobu3.ont/hifiasm/asm.bp.r_utg.lowQ.bed.gz",
                "dhQueRobu3.ont/hifiasm/asm.bp.r_utg.noseq.fa.gz",
                "dhQueRobu3.ont/hifiasm/asm.bp.r_utg.noseq.gfa.gz",
                "dhQueRobu3.ont/hifiasm/asm.log",
                "dhQueRobu3.ont/hifiasm/busco.eukaryota_odb12",
                "dhQueRobu3.ont/hifiasm/busco.eukaryota_odb12/asm-busco",
                "dhQueRobu3.ont/hifiasm/busco.eukaryota_odb12/asm-busco.batch_summary.txt",
                "dhQueRobu3.ont/hifiasm/busco.eukaryota_odb12/asm-busco.log",
                "dhQueRobu3.ont/hifiasm/busco.eukaryota_odb12/asm-busco/asm.bp.hap1.p_ctg.fa",
                "dhQueRobu3.ont/hifiasm/busco.eukaryota_odb12/asm-busco/asm.bp.hap1.p_ctg.fa/logs",
                "dhQueRobu3.ont/hifiasm/busco.eukaryota_odb12/asm-busco/asm.bp.hap1.p_ctg.fa/logs/bbtools_err.log",
                "dhQueRobu3.ont/hifiasm/busco.eukaryota_odb12/asm-busco/asm.bp.hap1.p_ctg.fa/logs/bbtools_out.log",
                "dhQueRobu3.ont/hifiasm/busco.eukaryota_odb12/asm-busco/asm.bp.hap1.p_ctg.fa/logs/hmmsearch_err.log",
                "dhQueRobu3.ont/hifiasm/busco.eukaryota_odb12/asm-busco/asm.bp.hap1.p_ctg.fa/logs/hmmsearch_out.log",
                "dhQueRobu3.ont/hifiasm/busco.eukaryota_odb12/asm-busco/asm.bp.hap1.p_ctg.fa/logs/miniprot_align_eukaryota_odb12_err.log",
                "dhQueRobu3.ont/hifiasm/busco.eukaryota_odb12/asm-busco/asm.bp.hap1.p_ctg.fa/logs/miniprot_align_eukaryota_odb12_out.log",
                "dhQueRobu3.ont/hifiasm/busco.eukaryota_odb12/asm-busco/asm.bp.hap1.p_ctg.fa/logs/miniprot_index_err.log",
                "dhQueRobu3.ont/hifiasm/busco.eukaryota_odb12/asm-busco/asm.bp.hap1.p_ctg.fa/logs/miniprot_index_out.log",
                "dhQueRobu3.ont/hifiasm/busco.eukaryota_odb12/asm-busco/asm.bp.hap1.p_ctg.fa/run_eukaryota_odb12",
                "dhQueRobu3.ont/hifiasm/busco.eukaryota_odb12/asm-busco/asm.bp.hap1.p_ctg.fa/run_eukaryota_odb12/busco_sequences",
                "dhQueRobu3.ont/hifiasm/busco.eukaryota_odb12/asm-busco/asm.bp.hap1.p_ctg.fa/run_eukaryota_odb12/busco_sequences/fragmented_busco_sequences",
                "dhQueRobu3.ont/hifiasm/busco.eukaryota_odb12/asm-busco/asm.bp.hap1.p_ctg.fa/run_eukaryota_odb12/busco_sequences/multi_copy_busco_sequences",
                "dhQueRobu3.ont/hifiasm/busco.eukaryota_odb12/asm-busco/asm.bp.hap1.p_ctg.fa/run_eukaryota_odb12/busco_sequences/single_copy_busco_sequences",
                "dhQueRobu3.ont/hifiasm/busco.eukaryota_odb12/asm-busco/asm.bp.hap1.p_ctg.fa/run_eukaryota_odb12/full_table.tsv",
                "dhQueRobu3.ont/hifiasm/busco.eukaryota_odb12/asm-busco/asm.bp.hap1.p_ctg.fa/run_eukaryota_odb12/missing_busco_list.tsv",
                "dhQueRobu3.ont/hifiasm/busco.eukaryota_odb12/asm-busco/asm.bp.hap1.p_ctg.fa/run_eukaryota_odb12/short_summary.json",
                "dhQueRobu3.ont/hifiasm/busco.eukaryota_odb12/asm-busco/asm.bp.hap1.p_ctg.fa/run_eukaryota_odb12/short_summary.txt",
                "dhQueRobu3.ont/hifiasm/busco.eukaryota_odb12/asm-busco/asm.bp.hap2.p_ctg.fa",
                "dhQueRobu3.ont/hifiasm/busco.eukaryota_odb12/asm-busco/asm.bp.hap2.p_ctg.fa/logs",
                "dhQueRobu3.ont/hifiasm/busco.eukaryota_odb12/asm-busco/asm.bp.hap2.p_ctg.fa/logs/bbtools_err.log",
                "dhQueRobu3.ont/hifiasm/busco.eukaryota_odb12/asm-busco/asm.bp.hap2.p_ctg.fa/logs/bbtools_out.log",
                "dhQueRobu3.ont/hifiasm/busco.eukaryota_odb12/asm-busco/asm.bp.hap2.p_ctg.fa/logs/hmmsearch_err.log",
                "dhQueRobu3.ont/hifiasm/busco.eukaryota_odb12/asm-busco/asm.bp.hap2.p_ctg.fa/logs/hmmsearch_out.log",
                "dhQueRobu3.ont/hifiasm/busco.eukaryota_odb12/asm-busco/asm.bp.hap2.p_ctg.fa/logs/miniprot_align_eukaryota_odb12_err.log",
                "dhQueRobu3.ont/hifiasm/busco.eukaryota_odb12/asm-busco/asm.bp.hap2.p_ctg.fa/logs/miniprot_align_eukaryota_odb12_out.log",
                "dhQueRobu3.ont/hifiasm/busco.eukaryota_odb12/asm-busco/asm.bp.hap2.p_ctg.fa/logs/miniprot_index_err.log",
                "dhQueRobu3.ont/hifiasm/busco.eukaryota_odb12/asm-busco/asm.bp.hap2.p_ctg.fa/logs/miniprot_index_out.log",
                "dhQueRobu3.ont/hifiasm/busco.eukaryota_odb12/asm-busco/asm.bp.hap2.p_ctg.fa/run_eukaryota_odb12",
                "dhQueRobu3.ont/hifiasm/busco.eukaryota_odb12/asm-busco/asm.bp.hap2.p_ctg.fa/run_eukaryota_odb12/busco_sequences",
                "dhQueRobu3.ont/hifiasm/busco.eukaryota_odb12/asm-busco/asm.bp.hap2.p_ctg.fa/run_eukaryota_odb12/busco_sequences/fragmented_busco_sequences",
                "dhQueRobu3.ont/hifiasm/busco.eukaryota_odb12/asm-busco/asm.bp.hap2.p_ctg.fa/run_eukaryota_odb12/busco_sequences/multi_copy_busco_sequences",
                "dhQueRobu3.ont/hifiasm/busco.eukaryota_odb12/asm-busco/asm.bp.hap2.p_ctg.fa/run_eukaryota_odb12/busco_sequences/single_copy_busco_sequences",
                "dhQueRobu3.ont/hifiasm/busco.eukaryota_odb12/asm-busco/asm.bp.hap2.p_ctg.fa/run_eukaryota_odb12/full_table.tsv",
                "dhQueRobu3.ont/hifiasm/busco.eukaryota_odb12/asm-busco/asm.bp.hap2.p_ctg.fa/run_eukaryota_odb12/missing_busco_list.tsv",
                "dhQueRobu3.ont/hifiasm/busco.eukaryota_odb12/asm-busco/asm.bp.hap2.p_ctg.fa/run_eukaryota_odb12/short_summary.json",
                "dhQueRobu3.ont/hifiasm/busco.eukaryota_odb12/asm-busco/asm.bp.hap2.p_ctg.fa/run_eukaryota_odb12/short_summary.txt",
                "dhQueRobu3.ont/hifiasm/busco.eukaryota_odb12/asm-busco/batch_summary.txt",
                "dhQueRobu3.ont/hifiasm/busco.eukaryota_odb12/asm-busco/logs",
                "dhQueRobu3.ont/hifiasm/busco.eukaryota_odb12/short_summary.specific.eukaryota_odb12.asm.bp.hap1.p_ctg.fa.json",
                "dhQueRobu3.ont/hifiasm/busco.eukaryota_odb12/short_summary.specific.eukaryota_odb12.asm.bp.hap1.p_ctg.fa.txt",
                "dhQueRobu3.ont/hifiasm/busco.eukaryota_odb12/short_summary.specific.eukaryota_odb12.asm.bp.hap2.p_ctg.fa.json",
                "dhQueRobu3.ont/hifiasm/busco.eukaryota_odb12/short_summary.specific.eukaryota_odb12.asm.bp.hap2.p_ctg.fa.txt",
                "dhQueRobu3.ont/hifiasm/index.json",
                "dhQueRobu3.ont/hifiasm/merqury.ont",
                "dhQueRobu3.ont/hifiasm/merqury.ont/asm.ont.asm.bp.hap1.p_ctg.spectra-cn.fl.png",
                "dhQueRobu3.ont/hifiasm/merqury.ont/asm.ont.asm.bp.hap1.p_ctg.spectra-cn.ln.png",
                "dhQueRobu3.ont/hifiasm/merqury.ont/asm.ont.asm.bp.hap1.p_ctg.spectra-cn.st.png",
                "dhQueRobu3.ont/hifiasm/merqury.ont/asm.ont.asm.bp.hap2.p_ctg.spectra-cn.fl.png",
                "dhQueRobu3.ont/hifiasm/merqury.ont/asm.ont.asm.bp.hap2.p_ctg.spectra-cn.ln.png",
                "dhQueRobu3.ont/hifiasm/merqury.ont/asm.ont.asm.bp.hap2.p_ctg.spectra-cn.st.png",
                "dhQueRobu3.ont/hifiasm/merqury.ont/asm.ont.completeness.stats",
                "dhQueRobu3.ont/hifiasm/merqury.ont/asm.ont.qv",
                "dhQueRobu3.ont/hifiasm/merqury.ont/asm.ont.spectra-asm.fl.png",
                "dhQueRobu3.ont/hifiasm/merqury.ont/asm.ont.spectra-asm.ln.png",
                "dhQueRobu3.ont/hifiasm/merqury.ont/asm.ont.spectra-asm.st.png",
                "dhQueRobu3.ont/hifiasm/merqury.ont/asm.ont.spectra-cn.fl.png",
                "dhQueRobu3.ont/hifiasm/merqury.ont/asm.ont.spectra-cn.ln.png",
                "dhQueRobu3.ont/hifiasm/merqury.ont/asm.ont.spectra-cn.st.png",
                "dhQueRobu3.ont/index.json",
                "dhQueRobu3.ont/scaffolding",
                "dhQueRobu3.ont/scaffolding/asm_hap1_scaffolds_final.fa.assembly_summary",
                "dhQueRobu3.ont/scaffolding/asm_hap1_scaffolds_final.fa.gz",
                "dhQueRobu3.ont/scaffolding/asm_hap1_scaffolds_final.fa.stats",
                "dhQueRobu3.ont/scaffolding/asm_hap2_scaffolds_final.fa.assembly_summary",
                "dhQueRobu3.ont/scaffolding/asm_hap2_scaffolds_final.fa.gz",
                "dhQueRobu3.ont/scaffolding/asm_hap2_scaffolds_final.fa.stats",
                "dhQueRobu3.ont/scaffolding/busco.eukaryota_odb12",
                "dhQueRobu3.ont/scaffolding/busco.eukaryota_odb12/asm-busco",
                "dhQueRobu3.ont/scaffolding/busco.eukaryota_odb12/asm-busco.batch_summary.txt",
                "dhQueRobu3.ont/scaffolding/busco.eukaryota_odb12/asm-busco.log",
                "dhQueRobu3.ont/scaffolding/busco.eukaryota_odb12/asm-busco/asm_hap1_scaffolds_final.fa",
                "dhQueRobu3.ont/scaffolding/busco.eukaryota_odb12/asm-busco/asm_hap1_scaffolds_final.fa/logs",
                "dhQueRobu3.ont/scaffolding/busco.eukaryota_odb12/asm-busco/asm_hap1_scaffolds_final.fa/logs/bbtools_err.log",
                "dhQueRobu3.ont/scaffolding/busco.eukaryota_odb12/asm-busco/asm_hap1_scaffolds_final.fa/logs/bbtools_out.log",
                "dhQueRobu3.ont/scaffolding/busco.eukaryota_odb12/asm-busco/asm_hap1_scaffolds_final.fa/logs/hmmsearch_err.log",
                "dhQueRobu3.ont/scaffolding/busco.eukaryota_odb12/asm-busco/asm_hap1_scaffolds_final.fa/logs/hmmsearch_out.log",
                "dhQueRobu3.ont/scaffolding/busco.eukaryota_odb12/asm-busco/asm_hap1_scaffolds_final.fa/logs/miniprot_align_eukaryota_odb12_err.log",
                "dhQueRobu3.ont/scaffolding/busco.eukaryota_odb12/asm-busco/asm_hap1_scaffolds_final.fa/logs/miniprot_align_eukaryota_odb12_out.log",
                "dhQueRobu3.ont/scaffolding/busco.eukaryota_odb12/asm-busco/asm_hap1_scaffolds_final.fa/logs/miniprot_index_err.log",
                "dhQueRobu3.ont/scaffolding/busco.eukaryota_odb12/asm-busco/asm_hap1_scaffolds_final.fa/logs/miniprot_index_out.log",
                "dhQueRobu3.ont/scaffolding/busco.eukaryota_odb12/asm-busco/asm_hap1_scaffolds_final.fa/run_eukaryota_odb12",
                "dhQueRobu3.ont/scaffolding/busco.eukaryota_odb12/asm-busco/asm_hap1_scaffolds_final.fa/run_eukaryota_odb12/busco_sequences",
                "dhQueRobu3.ont/scaffolding/busco.eukaryota_odb12/asm-busco/asm_hap1_scaffolds_final.fa/run_eukaryota_odb12/busco_sequences/fragmented_busco_sequences",
                "dhQueRobu3.ont/scaffolding/busco.eukaryota_odb12/asm-busco/asm_hap1_scaffolds_final.fa/run_eukaryota_odb12/busco_sequences/multi_copy_busco_sequences",
                "dhQueRobu3.ont/scaffolding/busco.eukaryota_odb12/asm-busco/asm_hap1_scaffolds_final.fa/run_eukaryota_odb12/busco_sequences/single_copy_busco_sequences",
                "dhQueRobu3.ont/scaffolding/busco.eukaryota_odb12/asm-busco/asm_hap1_scaffolds_final.fa/run_eukaryota_odb12/full_table.tsv",
                "dhQueRobu3.ont/scaffolding/busco.eukaryota_odb12/asm-busco/asm_hap1_scaffolds_final.fa/run_eukaryota_odb12/missing_busco_list.tsv",
                "dhQueRobu3.ont/scaffolding/busco.eukaryota_odb12/asm-busco/asm_hap1_scaffolds_final.fa/run_eukaryota_odb12/short_summary.json",
                "dhQueRobu3.ont/scaffolding/busco.eukaryota_odb12/asm-busco/asm_hap1_scaffolds_final.fa/run_eukaryota_odb12/short_summary.txt",
                "dhQueRobu3.ont/scaffolding/busco.eukaryota_odb12/asm-busco/asm_hap2_scaffolds_final.fa",
                "dhQueRobu3.ont/scaffolding/busco.eukaryota_odb12/asm-busco/asm_hap2_scaffolds_final.fa/logs",
                "dhQueRobu3.ont/scaffolding/busco.eukaryota_odb12/asm-busco/asm_hap2_scaffolds_final.fa/logs/bbtools_err.log",
                "dhQueRobu3.ont/scaffolding/busco.eukaryota_odb12/asm-busco/asm_hap2_scaffolds_final.fa/logs/bbtools_out.log",
                "dhQueRobu3.ont/scaffolding/busco.eukaryota_odb12/asm-busco/asm_hap2_scaffolds_final.fa/logs/hmmsearch_err.log",
                "dhQueRobu3.ont/scaffolding/busco.eukaryota_odb12/asm-busco/asm_hap2_scaffolds_final.fa/logs/hmmsearch_out.log",
                "dhQueRobu3.ont/scaffolding/busco.eukaryota_odb12/asm-busco/asm_hap2_scaffolds_final.fa/logs/miniprot_align_eukaryota_odb12_err.log",
                "dhQueRobu3.ont/scaffolding/busco.eukaryota_odb12/asm-busco/asm_hap2_scaffolds_final.fa/logs/miniprot_align_eukaryota_odb12_out.log",
                "dhQueRobu3.ont/scaffolding/busco.eukaryota_odb12/asm-busco/asm_hap2_scaffolds_final.fa/logs/miniprot_index_err.log",
                "dhQueRobu3.ont/scaffolding/busco.eukaryota_odb12/asm-busco/asm_hap2_scaffolds_final.fa/logs/miniprot_index_out.log",
                "dhQueRobu3.ont/scaffolding/busco.eukaryota_odb12/asm-busco/asm_hap2_scaffolds_final.fa/run_eukaryota_odb12",
                "dhQueRobu3.ont/scaffolding/busco.eukaryota_odb12/asm-busco/asm_hap2_scaffolds_final.fa/run_eukaryota_odb12/busco_sequences",
                "dhQueRobu3.ont/scaffolding/busco.eukaryota_odb12/asm-busco/asm_hap2_scaffolds_final.fa/run_eukaryota_odb12/busco_sequences/fragmented_busco_sequences",
                "dhQueRobu3.ont/scaffolding/busco.eukaryota_odb12/asm-busco/asm_hap2_scaffolds_final.fa/run_eukaryota_odb12/busco_sequences/multi_copy_busco_sequences",
                "dhQueRobu3.ont/scaffolding/busco.eukaryota_odb12/asm-busco/asm_hap2_scaffolds_final.fa/run_eukaryota_odb12/busco_sequences/single_copy_busco_sequences",
                "dhQueRobu3.ont/scaffolding/busco.eukaryota_odb12/asm-busco/asm_hap2_scaffolds_final.fa/run_eukaryota_odb12/full_table.tsv",
                "dhQueRobu3.ont/scaffolding/busco.eukaryota_odb12/asm-busco/asm_hap2_scaffolds_final.fa/run_eukaryota_odb12/missing_busco_list.tsv",
                "dhQueRobu3.ont/scaffolding/busco.eukaryota_odb12/asm-busco/asm_hap2_scaffolds_final.fa/run_eukaryota_odb12/short_summary.json",
                "dhQueRobu3.ont/scaffolding/busco.eukaryota_odb12/asm-busco/asm_hap2_scaffolds_final.fa/run_eukaryota_odb12/short_summary.txt",
                "dhQueRobu3.ont/scaffolding/busco.eukaryota_odb12/asm-busco/batch_summary.txt",
                "dhQueRobu3.ont/scaffolding/busco.eukaryota_odb12/asm-busco/logs",
                "dhQueRobu3.ont/scaffolding/busco.eukaryota_odb12/short_summary.specific.eukaryota_odb12.asm_hap1_scaffolds_final.fa.json",
                "dhQueRobu3.ont/scaffolding/busco.eukaryota_odb12/short_summary.specific.eukaryota_odb12.asm_hap1_scaffolds_final.fa.txt",
                "dhQueRobu3.ont/scaffolding/busco.eukaryota_odb12/short_summary.specific.eukaryota_odb12.asm_hap2_scaffolds_final.fa.json",
                "dhQueRobu3.ont/scaffolding/busco.eukaryota_odb12/short_summary.specific.eukaryota_odb12.asm_hap2_scaffolds_final.fa.txt",
                "dhQueRobu3.ont/scaffolding/contact_maps",
                "dhQueRobu3.ont/scaffolding/contact_maps/asm_hap1.hic",
                "dhQueRobu3.ont/scaffolding/contact_maps/asm_hap1.mcool",
                "dhQueRobu3.ont/scaffolding/contact_maps/asm_hap1.pretext",
                "dhQueRobu3.ont/scaffolding/contact_maps/asm_hap1.pretext.FullMap.png",
                "dhQueRobu3.ont/scaffolding/contact_maps/asm_hap2.hic",
                "dhQueRobu3.ont/scaffolding/contact_maps/asm_hap2.mcool",
                "dhQueRobu3.ont/scaffolding/contact_maps/asm_hap2.pretext",
                "dhQueRobu3.ont/scaffolding/contact_maps/asm_hap2.pretext.FullMap.png",
                "dhQueRobu3.ont/scaffolding/hic_aln",
                "dhQueRobu3.ont/scaffolding/hic_aln/asm_hap1.flagstat",
                "dhQueRobu3.ont/scaffolding/hic_aln/asm_hap1.idxstats",
                "dhQueRobu3.ont/scaffolding/hic_aln/asm_hap1.stats",
                "dhQueRobu3.ont/scaffolding/hic_aln/asm_hap2.flagstat",
                "dhQueRobu3.ont/scaffolding/hic_aln/asm_hap2.idxstats",
                "dhQueRobu3.ont/scaffolding/hic_aln/asm_hap2.stats",
                "dhQueRobu3.ont/scaffolding/index.json",
                "dhQueRobu3.ont/scaffolding/merqury.ont",
                "dhQueRobu3.ont/scaffolding/merqury.ont/asm.ont.asm_hap1_scaffolds_final.spectra-cn.fl.png",
                "dhQueRobu3.ont/scaffolding/merqury.ont/asm.ont.asm_hap1_scaffolds_final.spectra-cn.ln.png",
                "dhQueRobu3.ont/scaffolding/merqury.ont/asm.ont.asm_hap1_scaffolds_final.spectra-cn.st.png",
                "dhQueRobu3.ont/scaffolding/merqury.ont/asm.ont.asm_hap2_scaffolds_final.spectra-cn.fl.png",
                "dhQueRobu3.ont/scaffolding/merqury.ont/asm.ont.asm_hap2_scaffolds_final.spectra-cn.ln.png",
                "dhQueRobu3.ont/scaffolding/merqury.ont/asm.ont.asm_hap2_scaffolds_final.spectra-cn.st.png",
                "dhQueRobu3.ont/scaffolding/merqury.ont/asm.ont.completeness.stats",
                "dhQueRobu3.ont/scaffolding/merqury.ont/asm.ont.qv",
                "dhQueRobu3.ont/scaffolding/merqury.ont/asm.ont.spectra-asm.fl.png",
                "dhQueRobu3.ont/scaffolding/merqury.ont/asm.ont.spectra-asm.ln.png",
                "dhQueRobu3.ont/scaffolding/merqury.ont/asm.ont.spectra-asm.st.png",
                "dhQueRobu3.ont/scaffolding/merqury.ont/asm.ont.spectra-cn.fl.png",
                "dhQueRobu3.ont/scaffolding/merqury.ont/asm.ont.spectra-cn.ln.png",
                "dhQueRobu3.ont/scaffolding/merqury.ont/asm.ont.spectra-cn.st.png",
                "dhQueRobu3.ont/scaffolding/yahs",
                "dhQueRobu3.ont/scaffolding/yahs/asm_hap1.bin",
                "dhQueRobu3.ont/scaffolding/yahs/asm_hap1.log",
                "dhQueRobu3.ont/scaffolding/yahs/asm_hap1_inital_break_01.agp",
                "dhQueRobu3.ont/scaffolding/yahs/asm_hap1_scaffolds_final.agp",
                "dhQueRobu3.ont/scaffolding/yahs/asm_hap2.bin",
                "dhQueRobu3.ont/scaffolding/yahs/asm_hap2.log",
                "dhQueRobu3.ont/scaffolding/yahs/asm_hap2_inital_break_01.agp",
                "dhQueRobu3.ont/scaffolding/yahs/asm_hap2_r01_break.agp",
                "dhQueRobu3.ont/scaffolding/yahs/asm_hap2_scaffolds_final.agp",
                "dhQueRobu3.ul",
                "dhQueRobu3.ul/hifiasm",
                "dhQueRobu3.ul/hifiasm/asm.hic.hap1.p_ctg.fa.assembly_summary",
                "dhQueRobu3.ul/hifiasm/asm.hic.hap1.p_ctg.fa.gz",
                "dhQueRobu3.ul/hifiasm/asm.hic.hap1.p_ctg.fa.stats",
                "dhQueRobu3.ul/hifiasm/asm.hic.hap1.p_ctg.gfa.gz",
                "dhQueRobu3.ul/hifiasm/asm.hic.hap1.p_ctg.lowQ.bed.gz",
                "dhQueRobu3.ul/hifiasm/asm.hic.hap1.p_ctg.noseq.fa.gz",
                "dhQueRobu3.ul/hifiasm/asm.hic.hap1.p_ctg.noseq.gfa.gz",
                "dhQueRobu3.ul/hifiasm/asm.hic.hap2.p_ctg.fa.assembly_summary",
                "dhQueRobu3.ul/hifiasm/asm.hic.hap2.p_ctg.fa.gz",
                "dhQueRobu3.ul/hifiasm/asm.hic.hap2.p_ctg.fa.stats",
                "dhQueRobu3.ul/hifiasm/asm.hic.hap2.p_ctg.gfa.gz",
                "dhQueRobu3.ul/hifiasm/asm.hic.hap2.p_ctg.lowQ.bed.gz",
                "dhQueRobu3.ul/hifiasm/asm.hic.hap2.p_ctg.noseq.fa.gz",
                "dhQueRobu3.ul/hifiasm/asm.hic.hap2.p_ctg.noseq.gfa.gz",
                "dhQueRobu3.ul/hifiasm/asm.hic.p_ctg.fa.gz",
                "dhQueRobu3.ul/hifiasm/asm.hic.p_ctg.gfa.gz",
                "dhQueRobu3.ul/hifiasm/asm.hic.p_ctg.lowQ.bed.gz",
                "dhQueRobu3.ul/hifiasm/asm.hic.p_ctg.noseq.fa.gz",
                "dhQueRobu3.ul/hifiasm/asm.hic.p_ctg.noseq.gfa.gz",
                "dhQueRobu3.ul/hifiasm/asm.hic.p_utg.fa.gz",
                "dhQueRobu3.ul/hifiasm/asm.hic.p_utg.gfa.gz",
                "dhQueRobu3.ul/hifiasm/asm.hic.p_utg.lowQ.bed.gz",
                "dhQueRobu3.ul/hifiasm/asm.hic.p_utg.noseq.fa.gz",
                "dhQueRobu3.ul/hifiasm/asm.hic.p_utg.noseq.gfa.gz",
                "dhQueRobu3.ul/hifiasm/asm.hic.r_utg.fa.gz",
                "dhQueRobu3.ul/hifiasm/asm.hic.r_utg.gfa.gz",
                "dhQueRobu3.ul/hifiasm/asm.hic.r_utg.lowQ.bed.gz",
                "dhQueRobu3.ul/hifiasm/asm.hic.r_utg.noseq.fa.gz",
                "dhQueRobu3.ul/hifiasm/asm.hic.r_utg.noseq.gfa.gz",
                "dhQueRobu3.ul/hifiasm/asm.log",
                "dhQueRobu3.ul/hifiasm/busco.eukaryota_odb12",
                "dhQueRobu3.ul/hifiasm/busco.eukaryota_odb12/asm-busco",
                "dhQueRobu3.ul/hifiasm/busco.eukaryota_odb12/asm-busco.batch_summary.txt",
                "dhQueRobu3.ul/hifiasm/busco.eukaryota_odb12/asm-busco.log",
                "dhQueRobu3.ul/hifiasm/busco.eukaryota_odb12/asm-busco/asm.hic.hap1.p_ctg.fa",
                "dhQueRobu3.ul/hifiasm/busco.eukaryota_odb12/asm-busco/asm.hic.hap1.p_ctg.fa/logs",
                "dhQueRobu3.ul/hifiasm/busco.eukaryota_odb12/asm-busco/asm.hic.hap1.p_ctg.fa/logs/bbtools_err.log",
                "dhQueRobu3.ul/hifiasm/busco.eukaryota_odb12/asm-busco/asm.hic.hap1.p_ctg.fa/logs/bbtools_out.log",
                "dhQueRobu3.ul/hifiasm/busco.eukaryota_odb12/asm-busco/asm.hic.hap1.p_ctg.fa/logs/hmmsearch_err.log",
                "dhQueRobu3.ul/hifiasm/busco.eukaryota_odb12/asm-busco/asm.hic.hap1.p_ctg.fa/logs/hmmsearch_out.log",
                "dhQueRobu3.ul/hifiasm/busco.eukaryota_odb12/asm-busco/asm.hic.hap1.p_ctg.fa/logs/miniprot_align_eukaryota_odb12_err.log",
                "dhQueRobu3.ul/hifiasm/busco.eukaryota_odb12/asm-busco/asm.hic.hap1.p_ctg.fa/logs/miniprot_align_eukaryota_odb12_out.log",
                "dhQueRobu3.ul/hifiasm/busco.eukaryota_odb12/asm-busco/asm.hic.hap1.p_ctg.fa/logs/miniprot_index_err.log",
                "dhQueRobu3.ul/hifiasm/busco.eukaryota_odb12/asm-busco/asm.hic.hap1.p_ctg.fa/logs/miniprot_index_out.log",
                "dhQueRobu3.ul/hifiasm/busco.eukaryota_odb12/asm-busco/asm.hic.hap1.p_ctg.fa/run_eukaryota_odb12",
                "dhQueRobu3.ul/hifiasm/busco.eukaryota_odb12/asm-busco/asm.hic.hap1.p_ctg.fa/run_eukaryota_odb12/busco_sequences",
                "dhQueRobu3.ul/hifiasm/busco.eukaryota_odb12/asm-busco/asm.hic.hap1.p_ctg.fa/run_eukaryota_odb12/busco_sequences/fragmented_busco_sequences",
                "dhQueRobu3.ul/hifiasm/busco.eukaryota_odb12/asm-busco/asm.hic.hap1.p_ctg.fa/run_eukaryota_odb12/busco_sequences/fragmented_busco_sequences/360521at2759.faa",
                "dhQueRobu3.ul/hifiasm/busco.eukaryota_odb12/asm-busco/asm.hic.hap1.p_ctg.fa/run_eukaryota_odb12/busco_sequences/fragmented_busco_sequences/360521at2759.gff",
                "dhQueRobu3.ul/hifiasm/busco.eukaryota_odb12/asm-busco/asm.hic.hap1.p_ctg.fa/run_eukaryota_odb12/busco_sequences/multi_copy_busco_sequences",
                "dhQueRobu3.ul/hifiasm/busco.eukaryota_odb12/asm-busco/asm.hic.hap1.p_ctg.fa/run_eukaryota_odb12/busco_sequences/single_copy_busco_sequences",
                "dhQueRobu3.ul/hifiasm/busco.eukaryota_odb12/asm-busco/asm.hic.hap1.p_ctg.fa/run_eukaryota_odb12/busco_sequences/single_copy_busco_sequences/311633at2759.faa",
                "dhQueRobu3.ul/hifiasm/busco.eukaryota_odb12/asm-busco/asm.hic.hap1.p_ctg.fa/run_eukaryota_odb12/busco_sequences/single_copy_busco_sequences/311633at2759.gff",
                "dhQueRobu3.ul/hifiasm/busco.eukaryota_odb12/asm-busco/asm.hic.hap1.p_ctg.fa/run_eukaryota_odb12/full_table.tsv",
                "dhQueRobu3.ul/hifiasm/busco.eukaryota_odb12/asm-busco/asm.hic.hap1.p_ctg.fa/run_eukaryota_odb12/missing_busco_list.tsv",
                "dhQueRobu3.ul/hifiasm/busco.eukaryota_odb12/asm-busco/asm.hic.hap1.p_ctg.fa/run_eukaryota_odb12/short_summary.json",
                "dhQueRobu3.ul/hifiasm/busco.eukaryota_odb12/asm-busco/asm.hic.hap1.p_ctg.fa/run_eukaryota_odb12/short_summary.txt",
                "dhQueRobu3.ul/hifiasm/busco.eukaryota_odb12/asm-busco/asm.hic.hap2.p_ctg.fa",
                "dhQueRobu3.ul/hifiasm/busco.eukaryota_odb12/asm-busco/asm.hic.hap2.p_ctg.fa/logs",
                "dhQueRobu3.ul/hifiasm/busco.eukaryota_odb12/asm-busco/asm.hic.hap2.p_ctg.fa/logs/bbtools_err.log",
                "dhQueRobu3.ul/hifiasm/busco.eukaryota_odb12/asm-busco/asm.hic.hap2.p_ctg.fa/logs/bbtools_out.log",
                "dhQueRobu3.ul/hifiasm/busco.eukaryota_odb12/asm-busco/asm.hic.hap2.p_ctg.fa/logs/hmmsearch_err.log",
                "dhQueRobu3.ul/hifiasm/busco.eukaryota_odb12/asm-busco/asm.hic.hap2.p_ctg.fa/logs/hmmsearch_out.log",
                "dhQueRobu3.ul/hifiasm/busco.eukaryota_odb12/asm-busco/asm.hic.hap2.p_ctg.fa/logs/miniprot_align_eukaryota_odb12_err.log",
                "dhQueRobu3.ul/hifiasm/busco.eukaryota_odb12/asm-busco/asm.hic.hap2.p_ctg.fa/logs/miniprot_align_eukaryota_odb12_out.log",
                "dhQueRobu3.ul/hifiasm/busco.eukaryota_odb12/asm-busco/asm.hic.hap2.p_ctg.fa/logs/miniprot_index_err.log",
                "dhQueRobu3.ul/hifiasm/busco.eukaryota_odb12/asm-busco/asm.hic.hap2.p_ctg.fa/logs/miniprot_index_out.log",
                "dhQueRobu3.ul/hifiasm/busco.eukaryota_odb12/asm-busco/asm.hic.hap2.p_ctg.fa/run_eukaryota_odb12",
                "dhQueRobu3.ul/hifiasm/busco.eukaryota_odb12/asm-busco/asm.hic.hap2.p_ctg.fa/run_eukaryota_odb12/busco_sequences",
                "dhQueRobu3.ul/hifiasm/busco.eukaryota_odb12/asm-busco/asm.hic.hap2.p_ctg.fa/run_eukaryota_odb12/busco_sequences/fragmented_busco_sequences",
                "dhQueRobu3.ul/hifiasm/busco.eukaryota_odb12/asm-busco/asm.hic.hap2.p_ctg.fa/run_eukaryota_odb12/busco_sequences/multi_copy_busco_sequences",
                "dhQueRobu3.ul/hifiasm/busco.eukaryota_odb12/asm-busco/asm.hic.hap2.p_ctg.fa/run_eukaryota_odb12/busco_sequences/single_copy_busco_sequences",
                "dhQueRobu3.ul/hifiasm/busco.eukaryota_odb12/asm-busco/asm.hic.hap2.p_ctg.fa/run_eukaryota_odb12/busco_sequences/single_copy_busco_sequences/311633at2759.faa",
                "dhQueRobu3.ul/hifiasm/busco.eukaryota_odb12/asm-busco/asm.hic.hap2.p_ctg.fa/run_eukaryota_odb12/busco_sequences/single_copy_busco_sequences/311633at2759.gff",
                "dhQueRobu3.ul/hifiasm/busco.eukaryota_odb12/asm-busco/asm.hic.hap2.p_ctg.fa/run_eukaryota_odb12/full_table.tsv",
                "dhQueRobu3.ul/hifiasm/busco.eukaryota_odb12/asm-busco/asm.hic.hap2.p_ctg.fa/run_eukaryota_odb12/missing_busco_list.tsv",
                "dhQueRobu3.ul/hifiasm/busco.eukaryota_odb12/asm-busco/asm.hic.hap2.p_ctg.fa/run_eukaryota_odb12/short_summary.json",
                "dhQueRobu3.ul/hifiasm/busco.eukaryota_odb12/asm-busco/asm.hic.hap2.p_ctg.fa/run_eukaryota_odb12/short_summary.txt",
                "dhQueRobu3.ul/hifiasm/busco.eukaryota_odb12/asm-busco/batch_summary.txt",
                "dhQueRobu3.ul/hifiasm/busco.eukaryota_odb12/asm-busco/logs",
                "dhQueRobu3.ul/hifiasm/busco.eukaryota_odb12/short_summary.specific.eukaryota_odb12.asm.hic.hap1.p_ctg.fa.json",
                "dhQueRobu3.ul/hifiasm/busco.eukaryota_odb12/short_summary.specific.eukaryota_odb12.asm.hic.hap1.p_ctg.fa.txt",
                "dhQueRobu3.ul/hifiasm/busco.eukaryota_odb12/short_summary.specific.eukaryota_odb12.asm.hic.hap2.p_ctg.fa.json",
                "dhQueRobu3.ul/hifiasm/busco.eukaryota_odb12/short_summary.specific.eukaryota_odb12.asm.hic.hap2.p_ctg.fa.txt",
                "dhQueRobu3.ul/hifiasm/index.json",
                "dhQueRobu3.ul/hifiasm/merqury.ccs",
                "dhQueRobu3.ul/hifiasm/merqury.ccs/asm.ccs.asm.hic.hap1.p_ctg.spectra-cn.fl.png",
                "dhQueRobu3.ul/hifiasm/merqury.ccs/asm.ccs.asm.hic.hap1.p_ctg.spectra-cn.ln.png",
                "dhQueRobu3.ul/hifiasm/merqury.ccs/asm.ccs.asm.hic.hap1.p_ctg.spectra-cn.st.png",
                "dhQueRobu3.ul/hifiasm/merqury.ccs/asm.ccs.asm.hic.hap2.p_ctg.spectra-cn.fl.png",
                "dhQueRobu3.ul/hifiasm/merqury.ccs/asm.ccs.asm.hic.hap2.p_ctg.spectra-cn.ln.png",
                "dhQueRobu3.ul/hifiasm/merqury.ccs/asm.ccs.asm.hic.hap2.p_ctg.spectra-cn.st.png",
                "dhQueRobu3.ul/hifiasm/merqury.ccs/asm.ccs.completeness.stats",
                "dhQueRobu3.ul/hifiasm/merqury.ccs/asm.ccs.qv",
                "dhQueRobu3.ul/hifiasm/merqury.ccs/asm.ccs.spectra-asm.fl.png",
                "dhQueRobu3.ul/hifiasm/merqury.ccs/asm.ccs.spectra-asm.ln.png",
                "dhQueRobu3.ul/hifiasm/merqury.ccs/asm.ccs.spectra-asm.st.png",
                "dhQueRobu3.ul/hifiasm/merqury.ccs/asm.ccs.spectra-cn.fl.png",
                "dhQueRobu3.ul/hifiasm/merqury.ccs/asm.ccs.spectra-cn.ln.png",
                "dhQueRobu3.ul/hifiasm/merqury.ccs/asm.ccs.spectra-cn.st.png",
                "dhQueRobu3.ul/index.json",
                "dhQueRobu3.ul/null",
                "dhQueRobu3.ul/null/index.json",
                "dhQueRobu3.ul/plastid",
                "dhQueRobu3.ul/plastid/contigs_annotations.png",
                "dhQueRobu3.ul/plastid/contigs_circularization",
                "dhQueRobu3.ul/plastid/contigs_filtering",
                "dhQueRobu3.ul/plastid/contigs_stats.tsv",
                "dhQueRobu3.ul/plastid/final_mitogenome.annotation.png",
                "dhQueRobu3.ul/plastid/final_mitogenome.fasta",
                "dhQueRobu3.ul/plastid/final_mitogenome.gb",
                "dhQueRobu3.ul/plastid/final_mitogenome_choice",
                "dhQueRobu3.ul/plastid/fixed_header_contigs.fasta",
                "dhQueRobu3.ul/plastid/index.json",
                "dhQueRobu3.ul/plastid/mitohifi.log",
                "dhQueRobu3.ul/plastid/potential_contigs",
                "dhQueRobu3.ul/plastid/shared_genes.tsv",
                "dhQueRobu3.ul/scaffolding",
                "dhQueRobu3.ul/scaffolding/asm_hap1_scaffolds_final.fa.assembly_summary",
                "dhQueRobu3.ul/scaffolding/asm_hap1_scaffolds_final.fa.gz",
                "dhQueRobu3.ul/scaffolding/asm_hap1_scaffolds_final.fa.stats",
                "dhQueRobu3.ul/scaffolding/asm_hap2_scaffolds_final.fa.assembly_summary",
                "dhQueRobu3.ul/scaffolding/asm_hap2_scaffolds_final.fa.gz",
                "dhQueRobu3.ul/scaffolding/asm_hap2_scaffolds_final.fa.stats",
                "dhQueRobu3.ul/scaffolding/busco.eukaryota_odb12",
                "dhQueRobu3.ul/scaffolding/busco.eukaryota_odb12/asm-busco",
                "dhQueRobu3.ul/scaffolding/busco.eukaryota_odb12/asm-busco.batch_summary.txt",
                "dhQueRobu3.ul/scaffolding/busco.eukaryota_odb12/asm-busco.log",
                "dhQueRobu3.ul/scaffolding/busco.eukaryota_odb12/asm-busco/asm_hap1_scaffolds_final.fa",
                "dhQueRobu3.ul/scaffolding/busco.eukaryota_odb12/asm-busco/asm_hap1_scaffolds_final.fa/logs",
                "dhQueRobu3.ul/scaffolding/busco.eukaryota_odb12/asm-busco/asm_hap1_scaffolds_final.fa/logs/bbtools_err.log",
                "dhQueRobu3.ul/scaffolding/busco.eukaryota_odb12/asm-busco/asm_hap1_scaffolds_final.fa/logs/bbtools_out.log",
                "dhQueRobu3.ul/scaffolding/busco.eukaryota_odb12/asm-busco/asm_hap1_scaffolds_final.fa/logs/hmmsearch_err.log",
                "dhQueRobu3.ul/scaffolding/busco.eukaryota_odb12/asm-busco/asm_hap1_scaffolds_final.fa/logs/hmmsearch_out.log",
                "dhQueRobu3.ul/scaffolding/busco.eukaryota_odb12/asm-busco/asm_hap1_scaffolds_final.fa/logs/miniprot_align_eukaryota_odb12_err.log",
                "dhQueRobu3.ul/scaffolding/busco.eukaryota_odb12/asm-busco/asm_hap1_scaffolds_final.fa/logs/miniprot_align_eukaryota_odb12_out.log",
                "dhQueRobu3.ul/scaffolding/busco.eukaryota_odb12/asm-busco/asm_hap1_scaffolds_final.fa/logs/miniprot_index_err.log",
                "dhQueRobu3.ul/scaffolding/busco.eukaryota_odb12/asm-busco/asm_hap1_scaffolds_final.fa/logs/miniprot_index_out.log",
                "dhQueRobu3.ul/scaffolding/busco.eukaryota_odb12/asm-busco/asm_hap1_scaffolds_final.fa/run_eukaryota_odb12",
                "dhQueRobu3.ul/scaffolding/busco.eukaryota_odb12/asm-busco/asm_hap1_scaffolds_final.fa/run_eukaryota_odb12/busco_sequences",
                "dhQueRobu3.ul/scaffolding/busco.eukaryota_odb12/asm-busco/asm_hap1_scaffolds_final.fa/run_eukaryota_odb12/busco_sequences/fragmented_busco_sequences",
                "dhQueRobu3.ul/scaffolding/busco.eukaryota_odb12/asm-busco/asm_hap1_scaffolds_final.fa/run_eukaryota_odb12/busco_sequences/fragmented_busco_sequences/360521at2759.faa",
                "dhQueRobu3.ul/scaffolding/busco.eukaryota_odb12/asm-busco/asm_hap1_scaffolds_final.fa/run_eukaryota_odb12/busco_sequences/fragmented_busco_sequences/360521at2759.gff",
                "dhQueRobu3.ul/scaffolding/busco.eukaryota_odb12/asm-busco/asm_hap1_scaffolds_final.fa/run_eukaryota_odb12/busco_sequences/multi_copy_busco_sequences",
                "dhQueRobu3.ul/scaffolding/busco.eukaryota_odb12/asm-busco/asm_hap1_scaffolds_final.fa/run_eukaryota_odb12/busco_sequences/single_copy_busco_sequences",
                "dhQueRobu3.ul/scaffolding/busco.eukaryota_odb12/asm-busco/asm_hap1_scaffolds_final.fa/run_eukaryota_odb12/busco_sequences/single_copy_busco_sequences/311633at2759.faa",
                "dhQueRobu3.ul/scaffolding/busco.eukaryota_odb12/asm-busco/asm_hap1_scaffolds_final.fa/run_eukaryota_odb12/busco_sequences/single_copy_busco_sequences/311633at2759.gff",
                "dhQueRobu3.ul/scaffolding/busco.eukaryota_odb12/asm-busco/asm_hap1_scaffolds_final.fa/run_eukaryota_odb12/full_table.tsv",
                "dhQueRobu3.ul/scaffolding/busco.eukaryota_odb12/asm-busco/asm_hap1_scaffolds_final.fa/run_eukaryota_odb12/missing_busco_list.tsv",
                "dhQueRobu3.ul/scaffolding/busco.eukaryota_odb12/asm-busco/asm_hap1_scaffolds_final.fa/run_eukaryota_odb12/short_summary.json",
                "dhQueRobu3.ul/scaffolding/busco.eukaryota_odb12/asm-busco/asm_hap1_scaffolds_final.fa/run_eukaryota_odb12/short_summary.txt",
                "dhQueRobu3.ul/scaffolding/busco.eukaryota_odb12/asm-busco/asm_hap2_scaffolds_final.fa",
                "dhQueRobu3.ul/scaffolding/busco.eukaryota_odb12/asm-busco/asm_hap2_scaffolds_final.fa/logs",
                "dhQueRobu3.ul/scaffolding/busco.eukaryota_odb12/asm-busco/asm_hap2_scaffolds_final.fa/logs/bbtools_err.log",
                "dhQueRobu3.ul/scaffolding/busco.eukaryota_odb12/asm-busco/asm_hap2_scaffolds_final.fa/logs/bbtools_out.log",
                "dhQueRobu3.ul/scaffolding/busco.eukaryota_odb12/asm-busco/asm_hap2_scaffolds_final.fa/logs/hmmsearch_err.log",
                "dhQueRobu3.ul/scaffolding/busco.eukaryota_odb12/asm-busco/asm_hap2_scaffolds_final.fa/logs/hmmsearch_out.log",
                "dhQueRobu3.ul/scaffolding/busco.eukaryota_odb12/asm-busco/asm_hap2_scaffolds_final.fa/logs/miniprot_align_eukaryota_odb12_err.log",
                "dhQueRobu3.ul/scaffolding/busco.eukaryota_odb12/asm-busco/asm_hap2_scaffolds_final.fa/logs/miniprot_align_eukaryota_odb12_out.log",
                "dhQueRobu3.ul/scaffolding/busco.eukaryota_odb12/asm-busco/asm_hap2_scaffolds_final.fa/logs/miniprot_index_err.log",
                "dhQueRobu3.ul/scaffolding/busco.eukaryota_odb12/asm-busco/asm_hap2_scaffolds_final.fa/logs/miniprot_index_out.log",
                "dhQueRobu3.ul/scaffolding/busco.eukaryota_odb12/asm-busco/asm_hap2_scaffolds_final.fa/run_eukaryota_odb12",
                "dhQueRobu3.ul/scaffolding/busco.eukaryota_odb12/asm-busco/asm_hap2_scaffolds_final.fa/run_eukaryota_odb12/busco_sequences",
                "dhQueRobu3.ul/scaffolding/busco.eukaryota_odb12/asm-busco/asm_hap2_scaffolds_final.fa/run_eukaryota_odb12/busco_sequences/fragmented_busco_sequences",
                "dhQueRobu3.ul/scaffolding/busco.eukaryota_odb12/asm-busco/asm_hap2_scaffolds_final.fa/run_eukaryota_odb12/busco_sequences/multi_copy_busco_sequences",
                "dhQueRobu3.ul/scaffolding/busco.eukaryota_odb12/asm-busco/asm_hap2_scaffolds_final.fa/run_eukaryota_odb12/busco_sequences/single_copy_busco_sequences",
                "dhQueRobu3.ul/scaffolding/busco.eukaryota_odb12/asm-busco/asm_hap2_scaffolds_final.fa/run_eukaryota_odb12/busco_sequences/single_copy_busco_sequences/311633at2759.faa",
                "dhQueRobu3.ul/scaffolding/busco.eukaryota_odb12/asm-busco/asm_hap2_scaffolds_final.fa/run_eukaryota_odb12/busco_sequences/single_copy_busco_sequences/311633at2759.gff",
                "dhQueRobu3.ul/scaffolding/busco.eukaryota_odb12/asm-busco/asm_hap2_scaffolds_final.fa/run_eukaryota_odb12/full_table.tsv",
                "dhQueRobu3.ul/scaffolding/busco.eukaryota_odb12/asm-busco/asm_hap2_scaffolds_final.fa/run_eukaryota_odb12/missing_busco_list.tsv",
                "dhQueRobu3.ul/scaffolding/busco.eukaryota_odb12/asm-busco/asm_hap2_scaffolds_final.fa/run_eukaryota_odb12/short_summary.json",
                "dhQueRobu3.ul/scaffolding/busco.eukaryota_odb12/asm-busco/asm_hap2_scaffolds_final.fa/run_eukaryota_odb12/short_summary.txt",
                "dhQueRobu3.ul/scaffolding/busco.eukaryota_odb12/asm-busco/batch_summary.txt",
                "dhQueRobu3.ul/scaffolding/busco.eukaryota_odb12/asm-busco/logs",
                "dhQueRobu3.ul/scaffolding/busco.eukaryota_odb12/short_summary.specific.eukaryota_odb12.asm_hap1_scaffolds_final.fa.json",
                "dhQueRobu3.ul/scaffolding/busco.eukaryota_odb12/short_summary.specific.eukaryota_odb12.asm_hap1_scaffolds_final.fa.txt",
                "dhQueRobu3.ul/scaffolding/busco.eukaryota_odb12/short_summary.specific.eukaryota_odb12.asm_hap2_scaffolds_final.fa.json",
                "dhQueRobu3.ul/scaffolding/busco.eukaryota_odb12/short_summary.specific.eukaryota_odb12.asm_hap2_scaffolds_final.fa.txt",
                "dhQueRobu3.ul/scaffolding/contact_maps",
                "dhQueRobu3.ul/scaffolding/contact_maps/asm_hap1.hic",
                "dhQueRobu3.ul/scaffolding/contact_maps/asm_hap1.mcool",
                "dhQueRobu3.ul/scaffolding/contact_maps/asm_hap1.pretext",
                "dhQueRobu3.ul/scaffolding/contact_maps/asm_hap1.pretext.FullMap.png",
                "dhQueRobu3.ul/scaffolding/contact_maps/asm_hap2.hic",
                "dhQueRobu3.ul/scaffolding/contact_maps/asm_hap2.mcool",
                "dhQueRobu3.ul/scaffolding/contact_maps/asm_hap2.pretext",
                "dhQueRobu3.ul/scaffolding/contact_maps/asm_hap2.pretext.FullMap.png",
                "dhQueRobu3.ul/scaffolding/hic_aln",
                "dhQueRobu3.ul/scaffolding/hic_aln/asm_hap1.flagstat",
                "dhQueRobu3.ul/scaffolding/hic_aln/asm_hap1.idxstats",
                "dhQueRobu3.ul/scaffolding/hic_aln/asm_hap1.stats",
                "dhQueRobu3.ul/scaffolding/hic_aln/asm_hap2.flagstat",
                "dhQueRobu3.ul/scaffolding/hic_aln/asm_hap2.idxstats",
                "dhQueRobu3.ul/scaffolding/hic_aln/asm_hap2.stats",
                "dhQueRobu3.ul/scaffolding/index.json",
                "dhQueRobu3.ul/scaffolding/merqury.ccs",
                "dhQueRobu3.ul/scaffolding/merqury.ccs/asm.ccs.asm_hap1_scaffolds_final.spectra-cn.fl.png",
                "dhQueRobu3.ul/scaffolding/merqury.ccs/asm.ccs.asm_hap1_scaffolds_final.spectra-cn.ln.png",
                "dhQueRobu3.ul/scaffolding/merqury.ccs/asm.ccs.asm_hap1_scaffolds_final.spectra-cn.st.png",
                "dhQueRobu3.ul/scaffolding/merqury.ccs/asm.ccs.asm_hap2_scaffolds_final.spectra-cn.fl.png",
                "dhQueRobu3.ul/scaffolding/merqury.ccs/asm.ccs.asm_hap2_scaffolds_final.spectra-cn.ln.png",
                "dhQueRobu3.ul/scaffolding/merqury.ccs/asm.ccs.asm_hap2_scaffolds_final.spectra-cn.st.png",
                "dhQueRobu3.ul/scaffolding/merqury.ccs/asm.ccs.completeness.stats",
                "dhQueRobu3.ul/scaffolding/merqury.ccs/asm.ccs.qv",
                "dhQueRobu3.ul/scaffolding/merqury.ccs/asm.ccs.spectra-asm.fl.png",
                "dhQueRobu3.ul/scaffolding/merqury.ccs/asm.ccs.spectra-asm.ln.png",
                "dhQueRobu3.ul/scaffolding/merqury.ccs/asm.ccs.spectra-asm.st.png",
                "dhQueRobu3.ul/scaffolding/merqury.ccs/asm.ccs.spectra-cn.fl.png",
                "dhQueRobu3.ul/scaffolding/merqury.ccs/asm.ccs.spectra-cn.ln.png",
                "dhQueRobu3.ul/scaffolding/merqury.ccs/asm.ccs.spectra-cn.st.png",
                "dhQueRobu3.ul/scaffolding/yahs",
                "dhQueRobu3.ul/scaffolding/yahs/asm_hap1.bin",
                "dhQueRobu3.ul/scaffolding/yahs/asm_hap1.log",
                "dhQueRobu3.ul/scaffolding/yahs/asm_hap1_inital_break_01.agp",
                "dhQueRobu3.ul/scaffolding/yahs/asm_hap1_r01_break.agp",
                "dhQueRobu3.ul/scaffolding/yahs/asm_hap1_r02_break.agp",
                "dhQueRobu3.ul/scaffolding/yahs/asm_hap1_scaffolds_final.agp",
                "dhQueRobu3.ul/scaffolding/yahs/asm_hap2.bin",
                "dhQueRobu3.ul/scaffolding/yahs/asm_hap2.log",
                "dhQueRobu3.ul/scaffolding/yahs/asm_hap2_inital_break_01.agp",
                "dhQueRobu3.ul/scaffolding/yahs/asm_hap2_r01_break.agp",
                "dhQueRobu3.ul/scaffolding/yahs/asm_hap2_r02_break.agp",
                "dhQueRobu3.ul/scaffolding/yahs/asm_hap2_r03_break.agp",
                "dhQueRobu3.ul/scaffolding/yahs/asm_hap2_scaffolds_final.agp",
                "pipeline_info",
                "pipeline_info/genomeassembly_software_versions.yml"
            ],
            [
                "asm.k1001_c5.mito.ctg.bed:md5,dd088a0c0af98503d664c0f6748fc3c2",
                "asm.k1001_c5.mito.ctg.fasta:md5,8835ced559cd1366952f135081813ad8",
                "asm.k1001_c5.mito.gfa:md5,246803fbb0c82635407beb8641c099c4",
                "asm.k1001_c5.pltd.ctg.bed:md5,27bb5e8fb6e50dbd53799a69ac7ac725",
                "asm.k1001_c5.pltd.ctg.fasta:md5,c485260527328a06882c5213b5552ca3",
                "asm.k1001_c5.pltd.gfa:md5,eb8b0be979892273e7e702af727f2260",
                "asm.k1001_c5.utg.final.gfa:md5,0cf2786b73f9c6468031df67dfa811fc",
                "asm.k1001_c5.utg.gfa:md5,99e5637cc21042558c62f8e449df8b0a",
                "asm.bp.hap1.p_ctg.fa.assembly_summary:md5,2094ebca252b85e9c1b40db7b3c20140",
                "asm.bp.hap1.p_ctg.fa.gz:md5,4634826043ebf3e92d334780ae452404",
                "asm.bp.hap1.p_ctg.fa.stats:md5,eb101118c2783a6a13d4a24bf75f0015",
                "asm.bp.hap1.p_ctg.gfa.gz:md5,61507968894c0cbe47a2088c47027492",
                "asm.bp.hap1.p_ctg.lowQ.bed.gz:md5,f1c1df3c77f78758fa096dc6fec3f56b",
                "asm.bp.hap1.p_ctg.noseq.fa.gz:md5,cb449c26b7a7f58c10568a54c3c5f0a4",
                "asm.bp.hap1.p_ctg.noseq.gfa.gz:md5,8955d94d4f74305bbdfbbee1f012d40c",
                "asm.bp.hap2.p_ctg.fa.assembly_summary:md5,987ea014333e3c4426b5d11dcf3d6eab",
                "asm.bp.hap2.p_ctg.fa.gz:md5,3b7aedfa8212332faa1b986a2fb55b34",
                "asm.bp.hap2.p_ctg.fa.stats:md5,6b8eaafa27d01622a2d41fd8585eb64d",
                "asm.bp.hap2.p_ctg.gfa.gz:md5,834c5eedb572a22beb65150263df281e",
                "asm.bp.hap2.p_ctg.lowQ.bed.gz:md5,252b7d82d35b98d65862edf85f055319",
                "asm.bp.hap2.p_ctg.noseq.fa.gz:md5,0eb63032ae4ee0e1ff0f879cfac801fc",
                "asm.bp.hap2.p_ctg.noseq.gfa.gz:md5,bfb40a9a7adce803327d7cdadae4e63d",
                "asm.bp.p_ctg.fa.gz:md5,ca9ec8563432a81df3792b957bd1f9e9",
                "asm.bp.p_ctg.gfa.gz:md5,6f4112b4d518f53aba6a2cdd69e1421c",
                "asm.bp.p_ctg.lowQ.bed.gz:md5,d8ca6793b4af355bb23cc12abe5cd179",
                "asm.bp.p_ctg.noseq.fa.gz:md5,cb5431b8edfdc3ff51f1d95fe0ca94e0",
                "asm.bp.p_ctg.noseq.gfa.gz:md5,66186ed1e6d4eb7d3c992a32af898f91",
                "asm.bp.p_utg.fa.gz:md5,634302ed294830e56709584809d7db25",
                "asm.bp.p_utg.gfa.gz:md5,bdd7d0138fba6982857b17753176c068",
                "asm.bp.p_utg.lowQ.bed.gz:md5,189089fe989f360131896b0d8d97af1d",
                "asm.bp.p_utg.noseq.fa.gz:md5,ba82af7e6211705acb8ce06b7e5f4715",
                "asm.bp.p_utg.noseq.gfa.gz:md5,4edfa1eee0a5d2f86d97cb508f9c3fa6",
                "asm.bp.r_utg.fa.gz:md5,634302ed294830e56709584809d7db25",
                "asm.bp.r_utg.gfa.gz:md5,bdd7d0138fba6982857b17753176c068",
                "asm.bp.r_utg.lowQ.bed.gz:md5,189089fe989f360131896b0d8d97af1d",
                "asm.bp.r_utg.noseq.fa.gz:md5,ba82af7e6211705acb8ce06b7e5f4715",
                "asm.bp.r_utg.noseq.gfa.gz:md5,4edfa1eee0a5d2f86d97cb508f9c3fa6",
                "full_table.tsv:md5,d398ef56e3f90391b9a9a8d72f889b92",
                "missing_busco_list.tsv:md5,cd9b172c572448e1e3c75bcd0862f09e",
                "full_table.tsv:md5,d398ef56e3f90391b9a9a8d72f889b92",
                "missing_busco_list.tsv:md5,cd9b172c572448e1e3c75bcd0862f09e",
                "asm_hap1_scaffolds_final.fa.assembly_summary:md5,2094ebca252b85e9c1b40db7b3c20140",
                "asm_hap1_scaffolds_final.fa.gz:md5,6af18ec283eeda7a92902ce9a384450e",
                "asm_hap1_scaffolds_final.fa.stats:md5,96c5865a2ec08341dffb01306fecce79",
                "asm_hap2_scaffolds_final.fa.assembly_summary:md5,84023b2926d0fe5a74b872737603d942",
                "asm_hap2_scaffolds_final.fa.gz:md5,65d5b3f7d4e3d2a023c2096b4e28b2c2",
                "asm_hap2_scaffolds_final.fa.stats:md5,617fa724fd0eef174819d9a5be333803",
                "full_table.tsv:md5,d398ef56e3f90391b9a9a8d72f889b92",
                "missing_busco_list.tsv:md5,cd9b172c572448e1e3c75bcd0862f09e",
                "full_table.tsv:md5,d398ef56e3f90391b9a9a8d72f889b92",
                "missing_busco_list.tsv:md5,cd9b172c572448e1e3c75bcd0862f09e",
                "asm_hap1.hic:md5,1cd69967fb2233483cfb252120c70ebd",
                "asm_hap2.hic:md5,df0cc542eef75b00855f178b93c5983d",
                "asm_hap1.flagstat:md5,7abd8c2ab9fe01b6a768e3800172a7fa",
                "asm_hap1.idxstats:md5,43b526c64d3ffd29ac48e8f8fbac327d",
                "asm_hap1.stats:md5,9356e6875687a0423b4576eef672cf8c",
                "asm_hap2.flagstat:md5,20203d125826b5c4d47b2add78a258fb",
                "asm_hap2.idxstats:md5,11163024e45b7103d30a02f20f9f2b9d",
                "asm_hap2.stats:md5,7e3a9b6c084228c94e473b86bf5f9c3f",
                "asm_hap1.bin:md5,40447073d9bd21d8d272f51adb8a8dac",
                "asm_hap1_inital_break_01.agp:md5,a365f96e9a91a8dba3b4c02293ebe357",
                "asm_hap1_scaffolds_final.agp:md5,095eb66d6c55aee00eb25b7871fd5664",
                "asm_hap2.bin:md5,98c84ae5d753cfb92f325fcf8d85b902",
                "asm_hap2_inital_break_01.agp:md5,a9ea8dda151cd9f69d0bf065db0b2ccc",
                "asm_hap2_r01_break.agp:md5,0d962dbfee719fb3e2c236688ed6655c",
                "asm_hap2_scaffolds_final.agp:md5,0d962dbfee719fb3e2c236688ed6655c",
                "asm.hic.hap1.p_ctg.fa.assembly_summary:md5,f35c6abf87c01c0b872032c982cd73c1",
                "asm.hic.hap1.p_ctg.fa.gz:md5,28abb6dc2d2efa2865e087a3f0fc9461",
                "asm.hic.hap1.p_ctg.fa.stats:md5,6a6b35c7eb49baf24f72dd79d69cee2c",
                "asm.hic.hap1.p_ctg.gfa.gz:md5,51871e8b50ee33403bfa80570c33b5a7",
                "asm.hic.hap1.p_ctg.lowQ.bed.gz:md5,1120cc7863d1d57114091f64448c7787",
                "asm.hic.hap1.p_ctg.noseq.fa.gz:md5,e1a08c01eaa9d66e0cc415cbb167341c",
                "asm.hic.hap1.p_ctg.noseq.gfa.gz:md5,ca7c719e005ff7aaa73130831fbe1e3d",
                "asm.hic.hap2.p_ctg.fa.assembly_summary:md5,acb7058ecac2181f463dca0b31944b08",
                "asm.hic.hap2.p_ctg.fa.gz:md5,00556f885f51a939506c44a6b30d4bd2",
                "asm.hic.hap2.p_ctg.fa.stats:md5,07ae2163f2ea1dad90173a3abb9fbc73",
                "asm.hic.hap2.p_ctg.gfa.gz:md5,476492a9a1fee90a984d69cea1e70d77",
                "asm.hic.hap2.p_ctg.lowQ.bed.gz:md5,6d2c19b3d977732a69419bbc403debbf",
                "asm.hic.hap2.p_ctg.noseq.fa.gz:md5,d13be269a7db9f4ff23cec67cd9d246d",
                "asm.hic.hap2.p_ctg.noseq.gfa.gz:md5,aff6d6ec67911962d2dfc92a664f73d7",
                "asm.hic.p_ctg.fa.gz:md5,0b5d5995bb005af76f5405bd1a4fe5b3",
                "asm.hic.p_ctg.gfa.gz:md5,ab364b8bd5dfd0cab0a569b3e1e0cbf6",
                "asm.hic.p_ctg.lowQ.bed.gz:md5,a34da9d7afb8e0d5b59360dbddf88f55",
                "asm.hic.p_ctg.noseq.fa.gz:md5,357dd648a0cb5134f2ff4e9be974dc47",
                "asm.hic.p_ctg.noseq.gfa.gz:md5,bc718df89d8815ecf0817bc1dfa133a7",
                "asm.hic.p_utg.fa.gz:md5,f28c64259e114a69664e1d0d60c8ec81",
                "asm.hic.p_utg.gfa.gz:md5,eda6b8e56a6386d4ab7b1cb8a55c8eb5",
                "asm.hic.p_utg.lowQ.bed.gz:md5,0a4cffb3f43cd1e7b98cc9dac56b8eb9",
                "asm.hic.p_utg.noseq.fa.gz:md5,7631e0785d609d39394ebfb1c1a5cbd9",
                "asm.hic.p_utg.noseq.gfa.gz:md5,0781b9aeb9b88e713df19db05d75b1b8",
                "asm.hic.r_utg.fa.gz:md5,393083790c1e8004945775fe24b6d38e",
                "asm.hic.r_utg.gfa.gz:md5,4e962586db3ca06f2d45d850e7410340",
                "asm.hic.r_utg.lowQ.bed.gz:md5,8b29e703ebdb60d5adcb0e2cd93a46ad",
                "asm.hic.r_utg.noseq.fa.gz:md5,49568c4b19446dcd814c80b6432ea532",
                "asm.hic.r_utg.noseq.gfa.gz:md5,2c5a5130a0b32b55f40720163b2d0447",
                "360521at2759.faa:md5,8ae9e35b0e6e89583ba276de030f39b3",
                "360521at2759.gff:md5,5d2384bb30be0a82e15c0a50106170dd",
                "311633at2759.faa:md5,4b9fcc0f5e332b1b85bbfe4cd7b41e9c",
                "311633at2759.gff:md5,8fe3cf08fd5be248f0309e31100c1410",
                "full_table.tsv:md5,eed2949f8d7f165e30852a914487f97f",
                "missing_busco_list.tsv:md5,c64eb39fa1c105d9282151aee3fc0a3f",
                "311633at2759.faa:md5,238a2c36ee54ff407f6f7f70818b5576",
                "311633at2759.gff:md5,53ac3ff2a5b5b69772dd3fcccf536a50",
                "full_table.tsv:md5,965882bc6b9f13aa56da5a80c9a157d9",
                "missing_busco_list.tsv:md5,70005460c898339c24f5d570df17c12c",
                "asm_hap1_scaffolds_final.fa.assembly_summary:md5,a40c752845be9d9a48400dd5dca80dc3",
                "asm_hap1_scaffolds_final.fa.gz:md5,d391bd6bdd56d70849645c111477e621",
                "asm_hap1_scaffolds_final.fa.stats:md5,b2cf813a7fad739e893e6a272552d587",
                "asm_hap2_scaffolds_final.fa.assembly_summary:md5,1d5d7be1cd92a812bd654b528839e6f3",
                "asm_hap2_scaffolds_final.fa.gz:md5,94d5dd6313e4891c1b66b004196e665a",
                "asm_hap2_scaffolds_final.fa.stats:md5,1d841739d5a6ca961277b9c96a565047",
                "360521at2759.faa:md5,cc6e3e34607b4ce9d4a4e769eca0966d",
                "360521at2759.gff:md5,ea4a5dbb608e5a3c7d823fbaf1e4370b",
                "311633at2759.faa:md5,77ffdd3870a2eb547ff15b051062c552",
                "311633at2759.gff:md5,ac1ea1b1e4e62ae217c262efe78a8221",
                "full_table.tsv:md5,08449557b7d81417e2e2b917d1fa63b0",
                "missing_busco_list.tsv:md5,c64eb39fa1c105d9282151aee3fc0a3f",
                "311633at2759.faa:md5,73ffbbbf55f22b7fcc5dc189579b1d10",
                "311633at2759.gff:md5,e2b58763f3d33fd3190a1e88c5e9a702",
                "full_table.tsv:md5,3a0ebfa7e087638751c7386297962038",
                "missing_busco_list.tsv:md5,70005460c898339c24f5d570df17c12c",
                "asm_hap1.hic:md5,106c3d21dd432fb0dc9cc29bb5db14b5",
                "asm_hap2.hic:md5,6cfc6d90ebfe3ca32ce4a6cad6ce1c9d",
                "asm_hap1.flagstat:md5,5fc8993f04544c56944f2c656d9606fa",
                "asm_hap1.idxstats:md5,9587b84a3a28c5f8e8baf797a8291b02",
                "asm_hap1.stats:md5,8ff3e568f6b4a1e90da89c842aa53f6e",
                "asm_hap2.flagstat:md5,ea0b007856963b98718d17aa64212858",
                "asm_hap2.idxstats:md5,ab11102d48ab24a488d97aee70563b2c",
                "asm_hap2.stats:md5,c78af9d6259227c96347fa235f248b84",
                "asm_hap1.bin:md5,de54eb581fa43e1ddd86e419f72df64d",
                "asm_hap1_inital_break_01.agp:md5,9dd850297583e9422ed87478c59d87cb",
                "asm_hap1_r01_break.agp:md5,c1335988ebc6bbb6930a3e87d7c41143",
                "asm_hap1_r02_break.agp:md5,9f0ce4a1031590207ea8c81c3f862417",
                "asm_hap1_scaffolds_final.agp:md5,a635ae19b69d5e9b6ec2a426998fe24a",
                "asm_hap2.bin:md5,571af10f51470aa0e580d3b2f8e281d4",
                "asm_hap2_inital_break_01.agp:md5,ef85bd861ce59965321db2b51726b784",
                "asm_hap2_r01_break.agp:md5,513a3a6dba8f97c0fad82c17714c00e0",
                "asm_hap2_r02_break.agp:md5,1659470ef341d72c42b6295830110e40",
                "asm_hap2_r03_break.agp:md5,b21bbdb13a78edc21508e4167bd91031",
                "asm_hap2_scaffolds_final.agp:md5,a1d9fb5c9495434c2f5946fa5447d083"
            ]
        ],
        "timestamp": "2026-09-03T14:55:06.39768943",
        "meta": {
            "nf-test": "0.9.5",
            "nextflow": "25.10.4"
        }
    }
}
