{
    "dhQueRobu3 - test PacBio + UL ONT, ONT-only assembly, mitohifi plastid search": {
        "content": [
            0,
            {
                
            },
            [
                "pipeline_info"
            ],
            [
                
            ]
        ],
        "timestamp": "2026-08-12T12:48:56.817419",
        "meta": {
            "nf-test": "0.9.5",
            "nextflow": "26.04.6"
        }
    }
}