{
    "aBomVar4 - test trio assembly, mitohifi reads": {
        "content": [
            81,
            {
                "ASMSTATS": {
                    "asmstats": "1.0.0",
                    "seqtk": "1.5-r133"
                },
                "BEDTOOLS_BAMTOBEDSORT": {
                    "bedtools": "2.31.1",
                    "samtools": 1.23
                },
                "BGZIP_HIFIASM": {
                    "tabix": 1.21
                },
                "BGZIP_SCAFFOLDED": {
                    "tabix": 1.21
                },
                "BUSCO_BUSCO": {
                    "busco": "6.0.0"
                },
                "BWAMEM2_INDEX": {
                    "bwamem2": "2.2.1"
                },
                "COOLER_CLOAD": {
                    "cooler": "0.10.4"
                },
                "COOLER_ZOOMIFY": {
                    "cooler": "0.10.4"
                },
                "CRAMALIGN_BWAMEM2ALIGNHIC": {
                    "bwamem2": "2.2.1",
                    "samtools": "1.22.1"
                },
                "CRAMALIGN_GENCRAMCHUNKS": {
                    "cramchunks": "1.1.0"
                },
                "FASTK_FASTK": {
                    "fastk": 1.2
                },
                "FASTK_HISTEX": {
                    "fastk": 1.2
                },
                "GAWK_PROCESS_PAIRS_FILE": {
                    "gawk": "5.3.0"
                },
                "GENOMESCOPE2": {
                    "genomescope2": 2.0
                },
                "GFASTATS": {
                    "gfastats": "1.3.11"
                },
                "HIFIASM": {
                    "hifiasm": "0.25.0-r726",
                    "samtools": 1.23
                },
                "HIFIASM_BIN": {
                    "hifiasm": "0.25.0-r726",
                    "samtools": 1.23
                },
                "JUICERTOOLS_PRE": {
                    "juicer_tools": "2.20.00"
                },
                "MERQURYFK_HAPMAKER": {
                    "fastk": 1.2,
                    "merquryfk": 1.2
                },
                "MERQURYFK_MERQURYFK": {
                    "R": "4.3.3",
                    "fastk": 1.2,
                    "merquryfk": 1.2
                },
                "MITOHIFI_FINDMITOREFERENCE": {
                    "mitohifi": "3.2.3"
                },
                "MITOHIFI_MITOHIFI": {
                    "mitohifi": "3.2.3"
                },
                "PRETEXTMAP": {
                    "PretextMap": "0.2.3",
                    "samtools": 1.23
                },
                "PRETEXTSNAPSHOT": {
                    "PretextSnapshot": "0.0.5"
                },
                "SAMTOOLS_FAIDX": {
                    "samtools": "1.22.1"
                },
                "SAMTOOLS_FAIDX_CONTIGS": {
                    "samtools": "1.22.1"
                },
                "SAMTOOLS_FAIDX_SCAFFOLDS": {
                    "samtools": "1.22.1"
                },
                "SAMTOOLS_FLAGSTAT": {
                    "samtools": "1.22.1"
                },
                "SAMTOOLS_IDXSTATS": {
                    "samtools": "1.22.1"
                },
                "SAMTOOLS_INDEX": {
                    "samtools": "1.22.1"
                },
                "SAMTOOLS_MERGEDUP": {
                    "samtools": 1.23
                },
                "SAMTOOLS_SPLITHEADER": {
                    "samtools": "1.22.1"
                },
                "SAMTOOLS_STATS": {
                    "samtools": "1.22.1"
                },
                "Workflow": {
                    "sanger-tol/genomeassembly": "v1.0.0dev"
                },
                "YAHS": {
                    "yahs": "1.2.2"
                },
                "YAHS_MAKEPAIRSFILE": {
                    "gawk": "5.3.1",
                    "juicer_pre": "1.2.2",
                    "sort": 9.5
                },
                "YAK_COUNT": {
                    "yak": "0.1-r69-dirty"
                }
            },
            [
                "aBomVar4.mitohifi",
                "aBomVar4.mitohifi/all_potential_contigs.fa",
                "aBomVar4.mitohifi/contigs_annotations.png",
                "aBomVar4.mitohifi/contigs_circularization",
                "aBomVar4.mitohifi/contigs_filtering",
                "aBomVar4.mitohifi/contigs_stats.tsv",
                "aBomVar4.mitohifi/coverage_mapping",
                "aBomVar4.mitohifi/coverage_plot.png",
                "aBomVar4.mitohifi/final_mitogenome.annotation.png",
                "aBomVar4.mitohifi/final_mitogenome.coverage.png",
                "aBomVar4.mitohifi/final_mitogenome.fasta",
                "aBomVar4.mitohifi/final_mitogenome.gb",
                "aBomVar4.mitohifi/final_mitogenome_choice",
                "aBomVar4.mitohifi/index.json",
                "aBomVar4.mitohifi/mitohifi.log",
                "aBomVar4.mitohifi/potential_contigs",
                "aBomVar4.mitohifi/reads_mapping_and_assembly",
                "aBomVar4.mitohifi/shared_genes.tsv",
                "aBomVar4.trio",
                "aBomVar4.trio/index.json",
                "aBomVar4.trio/raw",
                "aBomVar4.trio/raw/asm.dip.hap1.p_ctg.fa.assembly_summary",
                "aBomVar4.trio/raw/asm.dip.hap1.p_ctg.fa.gz",
                "aBomVar4.trio/raw/asm.dip.hap1.p_ctg.fa.stats",
                "aBomVar4.trio/raw/asm.dip.hap1.p_ctg.gfa.gz",
                "aBomVar4.trio/raw/asm.dip.hap1.p_ctg.lowQ.bed.gz",
                "aBomVar4.trio/raw/asm.dip.hap1.p_ctg.noseq.fa.gz",
                "aBomVar4.trio/raw/asm.dip.hap1.p_ctg.noseq.gfa.gz",
                "aBomVar4.trio/raw/asm.dip.hap2.p_ctg.fa.assembly_summary",
                "aBomVar4.trio/raw/asm.dip.hap2.p_ctg.fa.gz",
                "aBomVar4.trio/raw/asm.dip.hap2.p_ctg.fa.stats",
                "aBomVar4.trio/raw/asm.dip.hap2.p_ctg.gfa.gz",
                "aBomVar4.trio/raw/asm.dip.hap2.p_ctg.lowQ.bed.gz",
                "aBomVar4.trio/raw/asm.dip.hap2.p_ctg.noseq.fa.gz",
                "aBomVar4.trio/raw/asm.dip.hap2.p_ctg.noseq.gfa.gz",
                "aBomVar4.trio/raw/asm.dip.p_utg.fa.gz",
                "aBomVar4.trio/raw/asm.dip.p_utg.gfa.gz",
                "aBomVar4.trio/raw/asm.dip.p_utg.lowQ.bed.gz",
                "aBomVar4.trio/raw/asm.dip.p_utg.noseq.fa.gz",
                "aBomVar4.trio/raw/asm.dip.p_utg.noseq.gfa.gz",
                "aBomVar4.trio/raw/asm.dip.r_utg.fa.gz",
                "aBomVar4.trio/raw/asm.dip.r_utg.gfa.gz",
                "aBomVar4.trio/raw/asm.dip.r_utg.lowQ.bed.gz",
                "aBomVar4.trio/raw/asm.dip.r_utg.noseq.fa.gz",
                "aBomVar4.trio/raw/asm.dip.r_utg.noseq.gfa.gz",
                "aBomVar4.trio/raw/asm.log",
                "aBomVar4.trio/raw/busco.eukaryota_odb12",
                "aBomVar4.trio/raw/busco.eukaryota_odb12/asm-busco",
                "aBomVar4.trio/raw/busco.eukaryota_odb12/asm-busco.batch_summary.txt",
                "aBomVar4.trio/raw/busco.eukaryota_odb12/asm-busco.log",
                "aBomVar4.trio/raw/busco.eukaryota_odb12/asm-busco/asm.dip.hap1.p_ctg.fa",
                "aBomVar4.trio/raw/busco.eukaryota_odb12/asm-busco/asm.dip.hap1.p_ctg.fa/logs",
                "aBomVar4.trio/raw/busco.eukaryota_odb12/asm-busco/asm.dip.hap1.p_ctg.fa/logs/bbtools_err.log",
                "aBomVar4.trio/raw/busco.eukaryota_odb12/asm-busco/asm.dip.hap1.p_ctg.fa/logs/bbtools_out.log",
                "aBomVar4.trio/raw/busco.eukaryota_odb12/asm-busco/asm.dip.hap1.p_ctg.fa/logs/hmmsearch_err.log",
                "aBomVar4.trio/raw/busco.eukaryota_odb12/asm-busco/asm.dip.hap1.p_ctg.fa/logs/hmmsearch_out.log",
                "aBomVar4.trio/raw/busco.eukaryota_odb12/asm-busco/asm.dip.hap1.p_ctg.fa/logs/miniprot_align_eukaryota_odb12_err.log",
                "aBomVar4.trio/raw/busco.eukaryota_odb12/asm-busco/asm.dip.hap1.p_ctg.fa/logs/miniprot_align_eukaryota_odb12_out.log",
                "aBomVar4.trio/raw/busco.eukaryota_odb12/asm-busco/asm.dip.hap1.p_ctg.fa/logs/miniprot_index_err.log",
                "aBomVar4.trio/raw/busco.eukaryota_odb12/asm-busco/asm.dip.hap1.p_ctg.fa/logs/miniprot_index_out.log",
                "aBomVar4.trio/raw/busco.eukaryota_odb12/asm-busco/asm.dip.hap1.p_ctg.fa/run_eukaryota_odb12",
                "aBomVar4.trio/raw/busco.eukaryota_odb12/asm-busco/asm.dip.hap1.p_ctg.fa/run_eukaryota_odb12/busco_sequences",
                "aBomVar4.trio/raw/busco.eukaryota_odb12/asm-busco/asm.dip.hap1.p_ctg.fa/run_eukaryota_odb12/busco_sequences/fragmented_busco_sequences",
                "aBomVar4.trio/raw/busco.eukaryota_odb12/asm-busco/asm.dip.hap1.p_ctg.fa/run_eukaryota_odb12/busco_sequences/multi_copy_busco_sequences",
                "aBomVar4.trio/raw/busco.eukaryota_odb12/asm-busco/asm.dip.hap1.p_ctg.fa/run_eukaryota_odb12/busco_sequences/single_copy_busco_sequences",
                "aBomVar4.trio/raw/busco.eukaryota_odb12/asm-busco/asm.dip.hap1.p_ctg.fa/run_eukaryota_odb12/full_table.tsv",
                "aBomVar4.trio/raw/busco.eukaryota_odb12/asm-busco/asm.dip.hap1.p_ctg.fa/run_eukaryota_odb12/missing_busco_list.tsv",
                "aBomVar4.trio/raw/busco.eukaryota_odb12/asm-busco/asm.dip.hap1.p_ctg.fa/run_eukaryota_odb12/short_summary.json",
                "aBomVar4.trio/raw/busco.eukaryota_odb12/asm-busco/asm.dip.hap1.p_ctg.fa/run_eukaryota_odb12/short_summary.txt",
                "aBomVar4.trio/raw/busco.eukaryota_odb12/asm-busco/asm.dip.hap1.p_ctg.fa/tmp",
                "aBomVar4.trio/raw/busco.eukaryota_odb12/asm-busco/asm.dip.hap1.p_ctg.fa/tmp/refseq_db.faa",
                "aBomVar4.trio/raw/busco.eukaryota_odb12/asm-busco/asm.dip.hap2.p_ctg.fa",
                "aBomVar4.trio/raw/busco.eukaryota_odb12/asm-busco/asm.dip.hap2.p_ctg.fa/logs",
                "aBomVar4.trio/raw/busco.eukaryota_odb12/asm-busco/asm.dip.hap2.p_ctg.fa/logs/bbtools_err.log",
                "aBomVar4.trio/raw/busco.eukaryota_odb12/asm-busco/asm.dip.hap2.p_ctg.fa/logs/bbtools_out.log",
                "aBomVar4.trio/raw/busco.eukaryota_odb12/asm-busco/asm.dip.hap2.p_ctg.fa/logs/hmmsearch_err.log",
                "aBomVar4.trio/raw/busco.eukaryota_odb12/asm-busco/asm.dip.hap2.p_ctg.fa/logs/hmmsearch_out.log",
                "aBomVar4.trio/raw/busco.eukaryota_odb12/asm-busco/asm.dip.hap2.p_ctg.fa/logs/miniprot_align_eukaryota_odb12_err.log",
                "aBomVar4.trio/raw/busco.eukaryota_odb12/asm-busco/asm.dip.hap2.p_ctg.fa/logs/miniprot_align_eukaryota_odb12_out.log",
                "aBomVar4.trio/raw/busco.eukaryota_odb12/asm-busco/asm.dip.hap2.p_ctg.fa/logs/miniprot_index_err.log",
                "aBomVar4.trio/raw/busco.eukaryota_odb12/asm-busco/asm.dip.hap2.p_ctg.fa/logs/miniprot_index_out.log",
                "aBomVar4.trio/raw/busco.eukaryota_odb12/asm-busco/asm.dip.hap2.p_ctg.fa/run_eukaryota_odb12",
                "aBomVar4.trio/raw/busco.eukaryota_odb12/asm-busco/asm.dip.hap2.p_ctg.fa/run_eukaryota_odb12/busco_sequences",
                "aBomVar4.trio/raw/busco.eukaryota_odb12/asm-busco/asm.dip.hap2.p_ctg.fa/run_eukaryota_odb12/busco_sequences/fragmented_busco_sequences",
                "aBomVar4.trio/raw/busco.eukaryota_odb12/asm-busco/asm.dip.hap2.p_ctg.fa/run_eukaryota_odb12/busco_sequences/multi_copy_busco_sequences",
                "aBomVar4.trio/raw/busco.eukaryota_odb12/asm-busco/asm.dip.hap2.p_ctg.fa/run_eukaryota_odb12/busco_sequences/single_copy_busco_sequences",
                "aBomVar4.trio/raw/busco.eukaryota_odb12/asm-busco/asm.dip.hap2.p_ctg.fa/run_eukaryota_odb12/full_table.tsv",
                "aBomVar4.trio/raw/busco.eukaryota_odb12/asm-busco/asm.dip.hap2.p_ctg.fa/run_eukaryota_odb12/missing_busco_list.tsv",
                "aBomVar4.trio/raw/busco.eukaryota_odb12/asm-busco/asm.dip.hap2.p_ctg.fa/run_eukaryota_odb12/short_summary.json",
                "aBomVar4.trio/raw/busco.eukaryota_odb12/asm-busco/asm.dip.hap2.p_ctg.fa/run_eukaryota_odb12/short_summary.txt",
                "aBomVar4.trio/raw/busco.eukaryota_odb12/asm-busco/asm.dip.hap2.p_ctg.fa/tmp",
                "aBomVar4.trio/raw/busco.eukaryota_odb12/asm-busco/asm.dip.hap2.p_ctg.fa/tmp/refseq_db.faa",
                "aBomVar4.trio/raw/busco.eukaryota_odb12/asm-busco/batch_summary.txt",
                "aBomVar4.trio/raw/busco.eukaryota_odb12/asm-busco/logs",
                "aBomVar4.trio/raw/busco.eukaryota_odb12/short_summary.specific.eukaryota_odb12.asm.dip.hap1.p_ctg.fa.json",
                "aBomVar4.trio/raw/busco.eukaryota_odb12/short_summary.specific.eukaryota_odb12.asm.dip.hap1.p_ctg.fa.txt",
                "aBomVar4.trio/raw/busco.eukaryota_odb12/short_summary.specific.eukaryota_odb12.asm.dip.hap2.p_ctg.fa.json",
                "aBomVar4.trio/raw/busco.eukaryota_odb12/short_summary.specific.eukaryota_odb12.asm.dip.hap2.p_ctg.fa.txt",
                "aBomVar4.trio/raw/index.json",
                "aBomVar4.trio/raw/merqury.ccs",
                "aBomVar4.trio/raw/merqury.ccs/asm.ccs.asm.dip.hap1.p_ctg.aBomVar1.illumina.k31.spectra-cn.fl.png",
                "aBomVar4.trio/raw/merqury.ccs/asm.ccs.asm.dip.hap1.p_ctg.aBomVar1.illumina.k31.spectra-cn.ln.png",
                "aBomVar4.trio/raw/merqury.ccs/asm.ccs.asm.dip.hap1.p_ctg.aBomVar1.illumina.k31.spectra-cn.st.png",
                "aBomVar4.trio/raw/merqury.ccs/asm.ccs.asm.dip.hap1.p_ctg.aBomVar2.illumina.k31.hap.spectra-cn.fl.png",
                "aBomVar4.trio/raw/merqury.ccs/asm.ccs.asm.dip.hap1.p_ctg.aBomVar2.illumina.k31.hap.spectra-cn.ln.png",
                "aBomVar4.trio/raw/merqury.ccs/asm.ccs.asm.dip.hap1.p_ctg.aBomVar2.illumina.k31.hap.spectra-cn.st.png",
                "aBomVar4.trio/raw/merqury.ccs/asm.ccs.asm.dip.hap1.p_ctg.block.N.png",
                "aBomVar4.trio/raw/merqury.ccs/asm.ccs.asm.dip.hap1.p_ctg.continuity.N.png",
                "aBomVar4.trio/raw/merqury.ccs/asm.ccs.asm.dip.hap1.p_ctg.phased_block.blob.png",
                "aBomVar4.trio/raw/merqury.ccs/asm.ccs.asm.dip.hap1.p_ctg.spectra-cn.fl.png",
                "aBomVar4.trio/raw/merqury.ccs/asm.ccs.asm.dip.hap1.p_ctg.spectra-cn.ln.png",
                "aBomVar4.trio/raw/merqury.ccs/asm.ccs.asm.dip.hap1.p_ctg.spectra-cn.st.png",
                "aBomVar4.trio/raw/merqury.ccs/asm.ccs.asm.dip.hap2.p_ctg.aBomVar1.illumina.k31.spectra-cn.fl.png",
                "aBomVar4.trio/raw/merqury.ccs/asm.ccs.asm.dip.hap2.p_ctg.aBomVar1.illumina.k31.spectra-cn.ln.png",
                "aBomVar4.trio/raw/merqury.ccs/asm.ccs.asm.dip.hap2.p_ctg.aBomVar1.illumina.k31.spectra-cn.st.png",
                "aBomVar4.trio/raw/merqury.ccs/asm.ccs.asm.dip.hap2.p_ctg.aBomVar2.illumina.k31.hap.spectra-cn.fl.png",
                "aBomVar4.trio/raw/merqury.ccs/asm.ccs.asm.dip.hap2.p_ctg.aBomVar2.illumina.k31.hap.spectra-cn.ln.png",
                "aBomVar4.trio/raw/merqury.ccs/asm.ccs.asm.dip.hap2.p_ctg.aBomVar2.illumina.k31.hap.spectra-cn.st.png",
                "aBomVar4.trio/raw/merqury.ccs/asm.ccs.asm.dip.hap2.p_ctg.block.N.png",
                "aBomVar4.trio/raw/merqury.ccs/asm.ccs.asm.dip.hap2.p_ctg.continuity.N.png",
                "aBomVar4.trio/raw/merqury.ccs/asm.ccs.asm.dip.hap2.p_ctg.phased_block.blob.png",
                "aBomVar4.trio/raw/merqury.ccs/asm.ccs.asm.dip.hap2.p_ctg.spectra-cn.fl.png",
                "aBomVar4.trio/raw/merqury.ccs/asm.ccs.asm.dip.hap2.p_ctg.spectra-cn.ln.png",
                "aBomVar4.trio/raw/merqury.ccs/asm.ccs.asm.dip.hap2.p_ctg.spectra-cn.st.png",
                "aBomVar4.trio/raw/merqury.ccs/asm.ccs.completeness.stats",
                "aBomVar4.trio/raw/merqury.ccs/asm.ccs.hapmers.blob.png",
                "aBomVar4.trio/raw/merqury.ccs/asm.ccs.qv",
                "aBomVar4.trio/raw/merqury.ccs/asm.ccs.spectra-asm.fl.png",
                "aBomVar4.trio/raw/merqury.ccs/asm.ccs.spectra-asm.ln.png",
                "aBomVar4.trio/raw/merqury.ccs/asm.ccs.spectra-asm.st.png",
                "aBomVar4.trio/raw/merqury.ccs/asm.ccs.spectra-cn.fl.png",
                "aBomVar4.trio/raw/merqury.ccs/asm.ccs.spectra-cn.ln.png",
                "aBomVar4.trio/raw/merqury.ccs/asm.ccs.spectra-cn.st.png",
                "aBomVar4.trio/scaffolding",
                "aBomVar4.trio/scaffolding/asm_hap1_scaffolds_final.fa.assembly_summary",
                "aBomVar4.trio/scaffolding/asm_hap1_scaffolds_final.fa.gz",
                "aBomVar4.trio/scaffolding/asm_hap1_scaffolds_final.fa.stats",
                "aBomVar4.trio/scaffolding/asm_hap2_scaffolds_final.fa.assembly_summary",
                "aBomVar4.trio/scaffolding/asm_hap2_scaffolds_final.fa.gz",
                "aBomVar4.trio/scaffolding/asm_hap2_scaffolds_final.fa.stats",
                "aBomVar4.trio/scaffolding/busco.eukaryota_odb12",
                "aBomVar4.trio/scaffolding/busco.eukaryota_odb12/asm-busco",
                "aBomVar4.trio/scaffolding/busco.eukaryota_odb12/asm-busco.batch_summary.txt",
                "aBomVar4.trio/scaffolding/busco.eukaryota_odb12/asm-busco.log",
                "aBomVar4.trio/scaffolding/busco.eukaryota_odb12/asm-busco/asm_hap1_scaffolds_final.fa",
                "aBomVar4.trio/scaffolding/busco.eukaryota_odb12/asm-busco/asm_hap1_scaffolds_final.fa/logs",
                "aBomVar4.trio/scaffolding/busco.eukaryota_odb12/asm-busco/asm_hap1_scaffolds_final.fa/logs/bbtools_err.log",
                "aBomVar4.trio/scaffolding/busco.eukaryota_odb12/asm-busco/asm_hap1_scaffolds_final.fa/logs/bbtools_out.log",
                "aBomVar4.trio/scaffolding/busco.eukaryota_odb12/asm-busco/asm_hap1_scaffolds_final.fa/logs/hmmsearch_err.log",
                "aBomVar4.trio/scaffolding/busco.eukaryota_odb12/asm-busco/asm_hap1_scaffolds_final.fa/logs/hmmsearch_out.log",
                "aBomVar4.trio/scaffolding/busco.eukaryota_odb12/asm-busco/asm_hap1_scaffolds_final.fa/logs/miniprot_align_eukaryota_odb12_err.log",
                "aBomVar4.trio/scaffolding/busco.eukaryota_odb12/asm-busco/asm_hap1_scaffolds_final.fa/logs/miniprot_align_eukaryota_odb12_out.log",
                "aBomVar4.trio/scaffolding/busco.eukaryota_odb12/asm-busco/asm_hap1_scaffolds_final.fa/logs/miniprot_index_err.log",
                "aBomVar4.trio/scaffolding/busco.eukaryota_odb12/asm-busco/asm_hap1_scaffolds_final.fa/logs/miniprot_index_out.log",
                "aBomVar4.trio/scaffolding/busco.eukaryota_odb12/asm-busco/asm_hap1_scaffolds_final.fa/run_eukaryota_odb12",
                "aBomVar4.trio/scaffolding/busco.eukaryota_odb12/asm-busco/asm_hap1_scaffolds_final.fa/run_eukaryota_odb12/busco_sequences",
                "aBomVar4.trio/scaffolding/busco.eukaryota_odb12/asm-busco/asm_hap1_scaffolds_final.fa/run_eukaryota_odb12/busco_sequences/fragmented_busco_sequences",
                "aBomVar4.trio/scaffolding/busco.eukaryota_odb12/asm-busco/asm_hap1_scaffolds_final.fa/run_eukaryota_odb12/busco_sequences/multi_copy_busco_sequences",
                "aBomVar4.trio/scaffolding/busco.eukaryota_odb12/asm-busco/asm_hap1_scaffolds_final.fa/run_eukaryota_odb12/busco_sequences/single_copy_busco_sequences",
                "aBomVar4.trio/scaffolding/busco.eukaryota_odb12/asm-busco/asm_hap1_scaffolds_final.fa/run_eukaryota_odb12/full_table.tsv",
                "aBomVar4.trio/scaffolding/busco.eukaryota_odb12/asm-busco/asm_hap1_scaffolds_final.fa/run_eukaryota_odb12/missing_busco_list.tsv",
                "aBomVar4.trio/scaffolding/busco.eukaryota_odb12/asm-busco/asm_hap1_scaffolds_final.fa/run_eukaryota_odb12/short_summary.json",
                "aBomVar4.trio/scaffolding/busco.eukaryota_odb12/asm-busco/asm_hap1_scaffolds_final.fa/run_eukaryota_odb12/short_summary.txt",
                "aBomVar4.trio/scaffolding/busco.eukaryota_odb12/asm-busco/asm_hap1_scaffolds_final.fa/tmp",
                "aBomVar4.trio/scaffolding/busco.eukaryota_odb12/asm-busco/asm_hap1_scaffolds_final.fa/tmp/refseq_db.faa",
                "aBomVar4.trio/scaffolding/busco.eukaryota_odb12/asm-busco/asm_hap2_scaffolds_final.fa",
                "aBomVar4.trio/scaffolding/busco.eukaryota_odb12/asm-busco/asm_hap2_scaffolds_final.fa/logs",
                "aBomVar4.trio/scaffolding/busco.eukaryota_odb12/asm-busco/asm_hap2_scaffolds_final.fa/logs/bbtools_err.log",
                "aBomVar4.trio/scaffolding/busco.eukaryota_odb12/asm-busco/asm_hap2_scaffolds_final.fa/logs/bbtools_out.log",
                "aBomVar4.trio/scaffolding/busco.eukaryota_odb12/asm-busco/asm_hap2_scaffolds_final.fa/logs/hmmsearch_err.log",
                "aBomVar4.trio/scaffolding/busco.eukaryota_odb12/asm-busco/asm_hap2_scaffolds_final.fa/logs/hmmsearch_out.log",
                "aBomVar4.trio/scaffolding/busco.eukaryota_odb12/asm-busco/asm_hap2_scaffolds_final.fa/logs/miniprot_align_eukaryota_odb12_err.log",
                "aBomVar4.trio/scaffolding/busco.eukaryota_odb12/asm-busco/asm_hap2_scaffolds_final.fa/logs/miniprot_align_eukaryota_odb12_out.log",
                "aBomVar4.trio/scaffolding/busco.eukaryota_odb12/asm-busco/asm_hap2_scaffolds_final.fa/logs/miniprot_index_err.log",
                "aBomVar4.trio/scaffolding/busco.eukaryota_odb12/asm-busco/asm_hap2_scaffolds_final.fa/logs/miniprot_index_out.log",
                "aBomVar4.trio/scaffolding/busco.eukaryota_odb12/asm-busco/asm_hap2_scaffolds_final.fa/run_eukaryota_odb12",
                "aBomVar4.trio/scaffolding/busco.eukaryota_odb12/asm-busco/asm_hap2_scaffolds_final.fa/run_eukaryota_odb12/busco_sequences",
                "aBomVar4.trio/scaffolding/busco.eukaryota_odb12/asm-busco/asm_hap2_scaffolds_final.fa/run_eukaryota_odb12/busco_sequences/fragmented_busco_sequences",
                "aBomVar4.trio/scaffolding/busco.eukaryota_odb12/asm-busco/asm_hap2_scaffolds_final.fa/run_eukaryota_odb12/busco_sequences/multi_copy_busco_sequences",
                "aBomVar4.trio/scaffolding/busco.eukaryota_odb12/asm-busco/asm_hap2_scaffolds_final.fa/run_eukaryota_odb12/busco_sequences/single_copy_busco_sequences",
                "aBomVar4.trio/scaffolding/busco.eukaryota_odb12/asm-busco/asm_hap2_scaffolds_final.fa/run_eukaryota_odb12/full_table.tsv",
                "aBomVar4.trio/scaffolding/busco.eukaryota_odb12/asm-busco/asm_hap2_scaffolds_final.fa/run_eukaryota_odb12/missing_busco_list.tsv",
                "aBomVar4.trio/scaffolding/busco.eukaryota_odb12/asm-busco/asm_hap2_scaffolds_final.fa/run_eukaryota_odb12/short_summary.json",
                "aBomVar4.trio/scaffolding/busco.eukaryota_odb12/asm-busco/asm_hap2_scaffolds_final.fa/run_eukaryota_odb12/short_summary.txt",
                "aBomVar4.trio/scaffolding/busco.eukaryota_odb12/asm-busco/asm_hap2_scaffolds_final.fa/tmp",
                "aBomVar4.trio/scaffolding/busco.eukaryota_odb12/asm-busco/asm_hap2_scaffolds_final.fa/tmp/refseq_db.faa",
                "aBomVar4.trio/scaffolding/busco.eukaryota_odb12/asm-busco/batch_summary.txt",
                "aBomVar4.trio/scaffolding/busco.eukaryota_odb12/asm-busco/logs",
                "aBomVar4.trio/scaffolding/busco.eukaryota_odb12/short_summary.specific.eukaryota_odb12.asm_hap1_scaffolds_final.fa.json",
                "aBomVar4.trio/scaffolding/busco.eukaryota_odb12/short_summary.specific.eukaryota_odb12.asm_hap1_scaffolds_final.fa.txt",
                "aBomVar4.trio/scaffolding/busco.eukaryota_odb12/short_summary.specific.eukaryota_odb12.asm_hap2_scaffolds_final.fa.json",
                "aBomVar4.trio/scaffolding/busco.eukaryota_odb12/short_summary.specific.eukaryota_odb12.asm_hap2_scaffolds_final.fa.txt",
                "aBomVar4.trio/scaffolding/contact_maps",
                "aBomVar4.trio/scaffolding/contact_maps/asm_hap1.hic",
                "aBomVar4.trio/scaffolding/contact_maps/asm_hap1.mcool",
                "aBomVar4.trio/scaffolding/contact_maps/asm_hap1.pretext",
                "aBomVar4.trio/scaffolding/contact_maps/asm_hap1.pretext.FullMap.png",
                "aBomVar4.trio/scaffolding/contact_maps/asm_hap2.hic",
                "aBomVar4.trio/scaffolding/contact_maps/asm_hap2.mcool",
                "aBomVar4.trio/scaffolding/contact_maps/asm_hap2.pretext",
                "aBomVar4.trio/scaffolding/contact_maps/asm_hap2.pretext.FullMap.png",
                "aBomVar4.trio/scaffolding/hic_aln",
                "aBomVar4.trio/scaffolding/hic_aln/asm_hap1.flagstat",
                "aBomVar4.trio/scaffolding/hic_aln/asm_hap1.idxstats",
                "aBomVar4.trio/scaffolding/hic_aln/asm_hap1.stats",
                "aBomVar4.trio/scaffolding/hic_aln/asm_hap1_merged.bam",
                "aBomVar4.trio/scaffolding/hic_aln/asm_hap1_merged.bam.csi",
                "aBomVar4.trio/scaffolding/hic_aln/asm_hap2.flagstat",
                "aBomVar4.trio/scaffolding/hic_aln/asm_hap2.idxstats",
                "aBomVar4.trio/scaffolding/hic_aln/asm_hap2.stats",
                "aBomVar4.trio/scaffolding/hic_aln/asm_hap2_merged.bam",
                "aBomVar4.trio/scaffolding/hic_aln/asm_hap2_merged.bam.csi",
                "aBomVar4.trio/scaffolding/index.json",
                "aBomVar4.trio/scaffolding/merqury.ccs",
                "aBomVar4.trio/scaffolding/merqury.ccs/asm.ccs.asm_hap1_scaffolds_final.aBomVar1.illumina.k31.spectra-cn.fl.png",
                "aBomVar4.trio/scaffolding/merqury.ccs/asm.ccs.asm_hap1_scaffolds_final.aBomVar1.illumina.k31.spectra-cn.ln.png",
                "aBomVar4.trio/scaffolding/merqury.ccs/asm.ccs.asm_hap1_scaffolds_final.aBomVar1.illumina.k31.spectra-cn.st.png",
                "aBomVar4.trio/scaffolding/merqury.ccs/asm.ccs.asm_hap1_scaffolds_final.aBomVar2.illumina.k31.hap.spectra-cn.fl.png",
                "aBomVar4.trio/scaffolding/merqury.ccs/asm.ccs.asm_hap1_scaffolds_final.aBomVar2.illumina.k31.hap.spectra-cn.ln.png",
                "aBomVar4.trio/scaffolding/merqury.ccs/asm.ccs.asm_hap1_scaffolds_final.aBomVar2.illumina.k31.hap.spectra-cn.st.png",
                "aBomVar4.trio/scaffolding/merqury.ccs/asm.ccs.asm_hap1_scaffolds_final.block.N.png",
                "aBomVar4.trio/scaffolding/merqury.ccs/asm.ccs.asm_hap1_scaffolds_final.continuity.N.png",
                "aBomVar4.trio/scaffolding/merqury.ccs/asm.ccs.asm_hap1_scaffolds_final.phased_block.blob.png",
                "aBomVar4.trio/scaffolding/merqury.ccs/asm.ccs.asm_hap1_scaffolds_final.spectra-cn.fl.png",
                "aBomVar4.trio/scaffolding/merqury.ccs/asm.ccs.asm_hap1_scaffolds_final.spectra-cn.ln.png",
                "aBomVar4.trio/scaffolding/merqury.ccs/asm.ccs.asm_hap1_scaffolds_final.spectra-cn.st.png",
                "aBomVar4.trio/scaffolding/merqury.ccs/asm.ccs.asm_hap2_scaffolds_final.aBomVar1.illumina.k31.spectra-cn.fl.png",
                "aBomVar4.trio/scaffolding/merqury.ccs/asm.ccs.asm_hap2_scaffolds_final.aBomVar1.illumina.k31.spectra-cn.ln.png",
                "aBomVar4.trio/scaffolding/merqury.ccs/asm.ccs.asm_hap2_scaffolds_final.aBomVar1.illumina.k31.spectra-cn.st.png",
                "aBomVar4.trio/scaffolding/merqury.ccs/asm.ccs.asm_hap2_scaffolds_final.aBomVar2.illumina.k31.hap.spectra-cn.fl.png",
                "aBomVar4.trio/scaffolding/merqury.ccs/asm.ccs.asm_hap2_scaffolds_final.aBomVar2.illumina.k31.hap.spectra-cn.ln.png",
                "aBomVar4.trio/scaffolding/merqury.ccs/asm.ccs.asm_hap2_scaffolds_final.aBomVar2.illumina.k31.hap.spectra-cn.st.png",
                "aBomVar4.trio/scaffolding/merqury.ccs/asm.ccs.asm_hap2_scaffolds_final.block.N.png",
                "aBomVar4.trio/scaffolding/merqury.ccs/asm.ccs.asm_hap2_scaffolds_final.continuity.N.png",
                "aBomVar4.trio/scaffolding/merqury.ccs/asm.ccs.asm_hap2_scaffolds_final.phased_block.blob.png",
                "aBomVar4.trio/scaffolding/merqury.ccs/asm.ccs.asm_hap2_scaffolds_final.spectra-cn.fl.png",
                "aBomVar4.trio/scaffolding/merqury.ccs/asm.ccs.asm_hap2_scaffolds_final.spectra-cn.ln.png",
                "aBomVar4.trio/scaffolding/merqury.ccs/asm.ccs.asm_hap2_scaffolds_final.spectra-cn.st.png",
                "aBomVar4.trio/scaffolding/merqury.ccs/asm.ccs.completeness.stats",
                "aBomVar4.trio/scaffolding/merqury.ccs/asm.ccs.hapmers.blob.png",
                "aBomVar4.trio/scaffolding/merqury.ccs/asm.ccs.qv",
                "aBomVar4.trio/scaffolding/merqury.ccs/asm.ccs.spectra-asm.fl.png",
                "aBomVar4.trio/scaffolding/merqury.ccs/asm.ccs.spectra-asm.ln.png",
                "aBomVar4.trio/scaffolding/merqury.ccs/asm.ccs.spectra-asm.st.png",
                "aBomVar4.trio/scaffolding/merqury.ccs/asm.ccs.spectra-cn.fl.png",
                "aBomVar4.trio/scaffolding/merqury.ccs/asm.ccs.spectra-cn.ln.png",
                "aBomVar4.trio/scaffolding/merqury.ccs/asm.ccs.spectra-cn.st.png",
                "aBomVar4.trio/scaffolding/yahs",
                "aBomVar4.trio/scaffolding/yahs/asm_hap1.bin",
                "aBomVar4.trio/scaffolding/yahs/asm_hap1.log",
                "aBomVar4.trio/scaffolding/yahs/asm_hap1_inital_break_01.agp",
                "aBomVar4.trio/scaffolding/yahs/asm_hap1_scaffolds_final.agp",
                "aBomVar4.trio/scaffolding/yahs/asm_hap2.bin",
                "aBomVar4.trio/scaffolding/yahs/asm_hap2.log",
                "aBomVar4.trio/scaffolding/yahs/asm_hap2_inital_break_01.agp",
                "aBomVar4.trio/scaffolding/yahs/asm_hap2_scaffolds_final.agp",
                "pipeline_info",
                "pipeline_info/genomeassembly_software_versions.yml"
            ],
            [
                "asm.dip.hap1.p_ctg.fa.assembly_summary:md5,88554cab555c66fb64c56ff9a3b2af10",
                "asm.dip.hap1.p_ctg.fa.gz:md5,c7d81b14e83ab42f80496f347df03047",
                "asm.dip.hap1.p_ctg.fa.stats:md5,b6a26e7c48b1ce08a25ec711deab3cd6",
                "asm.dip.hap1.p_ctg.gfa.gz:md5,bda1f45723401bb22cb383713215bded",
                "asm.dip.hap1.p_ctg.lowQ.bed.gz:md5,649bb48ba9641116d1f570012c71ab80",
                "asm.dip.hap1.p_ctg.noseq.fa.gz:md5,59825d1cac01cac23937af74156b3d51",
                "asm.dip.hap1.p_ctg.noseq.gfa.gz:md5,771167da567454fafe94ed0965df401a",
                "asm.dip.hap2.p_ctg.fa.assembly_summary:md5,c93f0fbe3548a737951ac9bf76511ea0",
                "asm.dip.hap2.p_ctg.fa.gz:md5,cef021e0a3d7892d6b4dab755bc50d5a",
                "asm.dip.hap2.p_ctg.fa.stats:md5,cd38742b12b3f6803ebbcaee30ad79f9",
                "asm.dip.hap2.p_ctg.gfa.gz:md5,b6f1221e74eac177ee9ea18e71ecea22",
                "asm.dip.hap2.p_ctg.lowQ.bed.gz:md5,ac4ec97c0c44c0e863e96df277c984cd",
                "asm.dip.hap2.p_ctg.noseq.fa.gz:md5,9bad6f136649bbe844919b642f8fbcb2",
                "asm.dip.hap2.p_ctg.noseq.gfa.gz:md5,1d398aade814d4cccef93a638dca6ab5",
                "asm.dip.p_utg.fa.gz:md5,7a0981717299ccd86d8d0018fe409446",
                "asm.dip.p_utg.gfa.gz:md5,220f827c819de6731e2e4cd9638b5a64",
                "asm.dip.p_utg.lowQ.bed.gz:md5,402e6e4fec8077faed4135473a9b53b4",
                "asm.dip.p_utg.noseq.fa.gz:md5,a49ec94e6695418bea076eefce34bb7e",
                "asm.dip.p_utg.noseq.gfa.gz:md5,3bb7f4c49f143c403a52f8a1cc1c3f5d",
                "asm.dip.r_utg.fa.gz:md5,7caa557f784785c687c5053a82d1a344",
                "asm.dip.r_utg.gfa.gz:md5,7216b944bae6792d9382f223c331729e",
                "asm.dip.r_utg.lowQ.bed.gz:md5,7c75c97579f55841a718846a8ee4c9a3",
                "asm.dip.r_utg.noseq.fa.gz:md5,0d366c53fa071d73c4fb79073da5b4e6",
                "asm.dip.r_utg.noseq.gfa.gz:md5,884b8b84ff8708bd8fd0f4863401cf08",
                "full_table.tsv:md5,e0fd31c49063bd08ff8035e15e77b1de",
                "missing_busco_list.tsv:md5,acdeace2ccfe585ce655a8ab5e4d4764",
                "refseq_db.faa:md5,0d53f0a1964cc202e99f4851839273a3",
                "full_table.tsv:md5,e0fd31c49063bd08ff8035e15e77b1de",
                "missing_busco_list.tsv:md5,acdeace2ccfe585ce655a8ab5e4d4764",
                "refseq_db.faa:md5,0d53f0a1964cc202e99f4851839273a3",
                "asm_hap1_scaffolds_final.fa.assembly_summary:md5,88554cab555c66fb64c56ff9a3b2af10",
                "asm_hap1_scaffolds_final.fa.gz:md5,4c4cc59d0a10bedc27a65535ad4a2735",
                "asm_hap1_scaffolds_final.fa.stats:md5,5caf7d927027fb87df361361f9d12d85",
                "asm_hap2_scaffolds_final.fa.assembly_summary:md5,c93f0fbe3548a737951ac9bf76511ea0",
                "asm_hap2_scaffolds_final.fa.gz:md5,06f860105e82b0a5a1f46808c31be6cc",
                "asm_hap2_scaffolds_final.fa.stats:md5,dbfcb290662d1d0ed85702867ae589ca",
                "full_table.tsv:md5,e0fd31c49063bd08ff8035e15e77b1de",
                "missing_busco_list.tsv:md5,acdeace2ccfe585ce655a8ab5e4d4764",
                "refseq_db.faa:md5,0d53f0a1964cc202e99f4851839273a3",
                "full_table.tsv:md5,e0fd31c49063bd08ff8035e15e77b1de",
                "missing_busco_list.tsv:md5,acdeace2ccfe585ce655a8ab5e4d4764",
                "refseq_db.faa:md5,0d53f0a1964cc202e99f4851839273a3",
                "asm_hap1.hic:md5,79cda3d934c9861cb73513b5d9c9c846",
                "asm_hap2.hic:md5,1a32773bc1d24951284a45f95031e20c",
                "asm_hap1.flagstat:md5,37e9172a8a3a0235b46145e29eecb680",
                "asm_hap1.idxstats:md5,77841ad8d7a159ced33aea4469aae1f0",
                "asm_hap1.stats:md5,755f7a1a38947c13a8cccb4cc7e2b8a4",
                "asm_hap2.flagstat:md5,bd87356ca122b6bdbac2ab52cd946000",
                "asm_hap2.idxstats:md5,bfbddddaf9454c3662e4c02de01dd84f",
                "asm_hap2.stats:md5,55a272d0a32ce7af9d2375ce0f2c0015",
                "asm_hap1.bin:md5,5ac08374c042623ed136d0df99216615",
                "asm_hap1_inital_break_01.agp:md5,fc2a937a227877df3f294d428a1f0bcf",
                "asm_hap1_scaffolds_final.agp:md5,56ce3c327c735c5c9cd746f6eea27ab4",
                "asm_hap2.bin:md5,f5b2f755431aef449085b7e8447b99f7",
                "asm_hap2_inital_break_01.agp:md5,af697823b7cded8d02f4fdbe0dacbe37",
                "asm_hap2_scaffolds_final.agp:md5,ff4dfc15b164603e6916f7375d9b5b72"
            ]
        ],
        "timestamp": "2026-04-15T13:31:27.600687036",
        "meta": {
            "nf-test": "0.9.5",
            "nextflow": "25.10.4"
        }
    }
}