{
    "homo_sapiens pacbio hifi [fastq, [,], [,], [bin] ]": {
        "content": [
            [
                [
                    {
                        "id": "test"
                    },
                    "test.bp.r_utg.gfa.gz:md5,6a200e4bcb5d8d8fa6ed75874d26edc6"
                ]
            ],
            [
                [
                    {
                        "id": "test"
                    },
                    "test.bp.p_utg.gfa.gz:md5,6a200e4bcb5d8d8fa6ed75874d26edc6"
                ]
            ],
            [
                [
                    {
                        "id": "test"
                    },
                    "test.bp.p_ctg.gfa.gz:md5,c3225425a73a8d6d46536dab72380650"
                ]
            ],
            [
                [
                    {
                        "id": "test"
                    },
                    "test.bp.hap1.p_ctg.gfa.gz:md5,78a86b6d5741a680e22a427ca9faa74a"
                ]
            ],
            [
                [
                    {
                        "id": "test"
                    },
                    "test.bp.hap2.p_ctg.gfa.gz:md5,ac2116fd2f22c67d4c304cbf9b9f7793"
                ]
            ],
            [
                "versions.yml:md5,08c864f1f6a616c8a98dce240fa3fb43"
            ]
        ],
        "meta": {
            "nf-test": "0.9.3",
            "nextflow": "25.10.0"
        },
        "timestamp": "2025-11-18T16:58:06.294243"
    },
    "homo_sapiens pacbio hifi [fastq x2, [,], [,], [,] ]": {
        "content": [
            [
                [
                    {
                        "id": "test"
                    },
                    "test.bp.r_utg.gfa.gz:md5,e6e38ac76f6b73142c3fe403f71d27b0"
                ]
            ],
            [
                [
                    {
                        "id": "test"
                    },
                    "test.bp.p_utg.gfa.gz:md5,e6e38ac76f6b73142c3fe403f71d27b0"
                ]
            ],
            [
                [
                    {
                        "id": "test"
                    },
                    "test.bp.p_ctg.gfa.gz:md5,43890a1832d8f26de263e57dc5e3b8de"
                ]
            ],
            [
                [
                    {
                        "id": "test"
                    },
                    "test.bp.hap1.p_ctg.gfa.gz:md5,7d7ea2bed472de263f6ec3521959b0d9"
                ]
            ],
            [
                [
                    {
                        "id": "test"
                    },
                    "test.bp.hap2.p_ctg.gfa.gz:md5,ce096a66c9bba039c6a22ba9e9409d01"
                ]
            ],
            [
                "versions.yml:md5,08c864f1f6a616c8a98dce240fa3fb43"
            ]
        ],
        "meta": {
            "nf-test": "0.9.3",
            "nextflow": "25.10.0"
        },
        "timestamp": "2025-11-18T16:04:59.434945"
    },
    "homo_sapiens pacbio hifi [fastq, [,], [,], [,] ] - stub": {
        "content": [
            {
                "0": [
                    [
                        {
                            "id": "test"
                        },
                        "test.r_utg.gfa.gz:md5,68b329da9893e34099c7d8ad5cb9c940"
                    ]
                ],
                "1": [
                    [
                        {
                            "id": "test"
                        },
                        [
                            "test.ec.bin:md5,d41d8cd98f00b204e9800998ecf8427e",
                            "test.hic.lk.bin:md5,d41d8cd98f00b204e9800998ecf8427e",
                            "test.hic.tlb.bin:md5,d41d8cd98f00b204e9800998ecf8427e",
                            "test.ovlp.reverse.bin:md5,d41d8cd98f00b204e9800998ecf8427e",
                            "test.ovlp.source.bin:md5,d41d8cd98f00b204e9800998ecf8427e"
                        ]
                    ]
                ],
                "10": [
                    "versions.yml:md5,08c864f1f6a616c8a98dce240fa3fb43"
                ],
                "2": [
                    [
                        {
                            "id": "test"
                        },
                        "test.p_utg.gfa.gz:md5,68b329da9893e34099c7d8ad5cb9c940"
                    ]
                ],
                "3": [
                    [
                        {
                            "id": "test"
                        },
                        [
                            "test.bp.p_ctg.gfa.gz:md5,68b329da9893e34099c7d8ad5cb9c940",
                            "test.p_ctg.gfa.gz:md5,68b329da9893e34099c7d8ad5cb9c940"
                        ]
                    ]
                ],
                "4": [
                    [
                        {
                            "id": "test"
                        },
                        "test.a_ctg.gfa.gz:md5,68b329da9893e34099c7d8ad5cb9c940"
                    ]
                ],
                "5": [
                    
                ],
                "6": [
                    
                ],
                "7": [
                    [
                        {
                            "id": "test"
                        },
                        "test.ec.fa.gz:md5,68b329da9893e34099c7d8ad5cb9c940"
                    ]
                ],
                "8": [
                    [
                        {
                            "id": "test"
                        },
                        "test.ovlp.paf.gz:md5,68b329da9893e34099c7d8ad5cb9c940"
                    ]
                ],
                "9": [
                    [
                        {
                            "id": "test"
                        },
                        "test.log:md5,d41d8cd98f00b204e9800998ecf8427e"
                    ]
                ],
                "alternate_contigs": [
                    [
                        {
                            "id": "test"
                        },
                        "test.a_ctg.gfa.gz:md5,68b329da9893e34099c7d8ad5cb9c940"
                    ]
                ],
                "bin_files": [
                    [
                        {
                            "id": "test"
                        },
                        [
                            "test.ec.bin:md5,d41d8cd98f00b204e9800998ecf8427e",
                            "test.hic.lk.bin:md5,d41d8cd98f00b204e9800998ecf8427e",
                            "test.hic.tlb.bin:md5,d41d8cd98f00b204e9800998ecf8427e",
                            "test.ovlp.reverse.bin:md5,d41d8cd98f00b204e9800998ecf8427e",
                            "test.ovlp.source.bin:md5,d41d8cd98f00b204e9800998ecf8427e"
                        ]
                    ]
                ],
                "corrected_reads": [
                    [
                        {
                            "id": "test"
                        },
                        "test.ec.fa.gz:md5,68b329da9893e34099c7d8ad5cb9c940"
                    ]
                ],
                "hap1_contigs": [
                    
                ],
                "hap2_contigs": [
                    
                ],
                "log": [
                    [
                        {
                            "id": "test"
                        },
                        "test.log:md5,d41d8cd98f00b204e9800998ecf8427e"
                    ]
                ],
                "primary_contigs": [
                    [
                        {
                            "id": "test"
                        },
                        [
                            "test.bp.p_ctg.gfa.gz:md5,68b329da9893e34099c7d8ad5cb9c940",
                            "test.p_ctg.gfa.gz:md5,68b329da9893e34099c7d8ad5cb9c940"
                        ]
                    ]
                ],
                "processed_unitigs": [
                    [
                        {
                            "id": "test"
                        },
                        "test.p_utg.gfa.gz:md5,68b329da9893e34099c7d8ad5cb9c940"
                    ]
                ],
                "raw_unitigs": [
                    [
                        {
                            "id": "test"
                        },
                        "test.r_utg.gfa.gz:md5,68b329da9893e34099c7d8ad5cb9c940"
                    ]
                ],
                "read_overlaps": [
                    [
                        {
                            "id": "test"
                        },
                        "test.ovlp.paf.gz:md5,68b329da9893e34099c7d8ad5cb9c940"
                    ]
                ],
                "versions": [
                    "versions.yml:md5,08c864f1f6a616c8a98dce240fa3fb43"
                ]
            }
        ],
        "meta": {
            "nf-test": "0.9.3",
            "nextflow": "25.10.0"
        },
        "timestamp": "2025-11-18T16:58:35.62384"
    },
    "homo_sapiens pacbio hifi [fastq, [,], [,], [,]]": {
        "content": [
            [
                [
                    {
                        "id": "test"
                    },
                    "test.bp.r_utg.gfa.gz:md5,6a200e4bcb5d8d8fa6ed75874d26edc6"
                ]
            ],
            [
                [
                    {
                        "id": "test"
                    },
                    "test.bp.p_utg.gfa.gz:md5,6a200e4bcb5d8d8fa6ed75874d26edc6"
                ]
            ],
            [
                [
                    {
                        "id": "test"
                    },
                    "test.bp.p_ctg.gfa.gz:md5,c3225425a73a8d6d46536dab72380650"
                ]
            ],
            [
                [
                    {
                        "id": "test"
                    },
                    "test.bp.hap1.p_ctg.gfa.gz:md5,78a86b6d5741a680e22a427ca9faa74a"
                ]
            ],
            [
                [
                    {
                        "id": "test"
                    },
                    "test.bp.hap2.p_ctg.gfa.gz:md5,ac2116fd2f22c67d4c304cbf9b9f7793"
                ]
            ],
            null,
            null,
            [
                "versions.yml:md5,08c864f1f6a616c8a98dce240fa3fb43"
            ]
        ],
        "meta": {
            "nf-test": "0.9.3",
            "nextflow": "25.10.0"
        },
        "timestamp": "2025-11-18T16:04:44.484274"
    },
    "homo_sapiens pacbio hifi [fastq, [yak, yak], [,], [,] ]": {
        "content": [
            [
                [
                    {
                        "id": "test"
                    },
                    "test.dip.r_utg.gfa.gz:md5,68361ac3e8babd51f3891d1637ca0fdc"
                ]
            ],
            [
                [
                    {
                        "id": "test"
                    },
                    "test.dip.p_utg.gfa.gz:md5,68361ac3e8babd51f3891d1637ca0fdc"
                ]
            ],
            [
                [
                    {
                        "id": "test"
                    },
                    "test.dip.hap1.p_ctg.gfa.gz:md5,eed5da5f3dd415dbb711edb61a09802f"
                ]
            ],
            [
                "versions.yml:md5,08c864f1f6a616c8a98dce240fa3fb43"
            ]
        ],
        "meta": {
            "nf-test": "0.9.3",
            "nextflow": "25.10.0"
        },
        "timestamp": "2025-11-18T16:05:06.634725"
    }
}