{
    "meles meles - minimap2 - no markdup": {
        "content": [
            "3196a1997c55d543d773a1af0595fa6d",
            [
                {
                    "HIC_MAPPING:SAMTOOLS_FAIDX": {
                        "samtools": 1.21
                    }
                },
                {
                    "HIC_MAPPING:HICCRAMALIGN_MINIMAP2ALIGN": {
                        "samtools": "1.22.1",
                        "minimap2": "2.30-r1287",
                        "gawk": "5.3.1"
                    }
                },
                {
                    "HICCRAMALIGN_CHUNKS": {
                        "hiccramalign_chunks": "1.0.1"
                    }
                },
                {
                    "HIC_MAPPING:SAMTOOLS_MERGE": {
                        "samtools": 1.21
                    }
                },
                {
                    "HIC_MAPPING:MINIMAP2_INDEX": {
                        "minimap2": "2.29-r1283"
                    }
                }
            ]
        ],
        "meta": {
            "nf-test": "0.9.2",
            "nextflow": "25.04.3"
        },
        "timestamp": "2025-09-03T14:41:21.531134461"
    },
    "meles meles - bwamem2 - no markdup": {
        "content": [
            "12bbc3437515580a7dcc3c0d677c225a",
            [
                {
                    "HIC_MAPPING:SAMTOOLS_FAIDX": {
                        "samtools": 1.21
                    }
                },
                {
                    "HIC_MAPPING:HICCRAMALIGN_BWAMEM2ALIGN": {
                        "samtools": "1.22.1",
                        "bwamem2": "2.2.1"
                    }
                },
                {
                    "HIC_MAPPING:BWAMEM2_INDEX": {
                        "bwamem2": "2.2.1"
                    }
                },
                {
                    "HICCRAMALIGN_CHUNKS": {
                        "hiccramalign_chunks": "1.0.1"
                    }
                },
                {
                    "HIC_MAPPING:SAMTOOLS_MERGE": {
                        "samtools": 1.21
                    }
                }
            ]
        ],
        "meta": {
            "nf-test": "0.9.2",
            "nextflow": "25.04.3"
        },
        "timestamp": "2025-09-03T14:38:28.123621975"
    },
    "meles meles - minimap2 - markdup": {
        "content": [
            "3196a1997c55d543d773a1af0595fa6d",
            [
                {
                    "HIC_MAPPING:SAMTOOLS_FAIDX": {
                        "samtools": 1.21
                    }
                },
                {
                    "HIC_MAPPING:SAMTOOLS_MARKDUP": {
                        "samtools": 1.21
                    }
                },
                {
                    "HIC_MAPPING:HICCRAMALIGN_MINIMAP2ALIGN": {
                        "samtools": "1.22.1",
                        "minimap2": "2.30-r1287",
                        "gawk": "5.3.1"
                    }
                },
                {
                    "HICCRAMALIGN_CHUNKS": {
                        "hiccramalign_chunks": "1.0.1"
                    }
                },
                {
                    "HIC_MAPPING:SAMTOOLS_MERGE": {
                        "samtools": 1.21
                    }
                },
                {
                    "HIC_MAPPING:MINIMAP2_INDEX": {
                        "minimap2": "2.29-r1283"
                    }
                }
            ]
        ],
        "meta": {
            "nf-test": "0.9.2",
            "nextflow": "25.04.3"
        },
        "timestamp": "2025-09-03T14:39:54.930303461"
    },
    "meles meles - bwamem2 - markdup": {
        "content": [
            "12bbc3437515580a7dcc3c0d677c225a",
            [
                {
                    "HIC_MAPPING:SAMTOOLS_FAIDX": {
                        "samtools": 1.21
                    }
                },
                {
                    "HIC_MAPPING:SAMTOOLS_MARKDUP": {
                        "samtools": 1.21
                    }
                },
                {
                    "HIC_MAPPING:HICCRAMALIGN_BWAMEM2ALIGN": {
                        "samtools": "1.22.1",
                        "bwamem2": "2.2.1"
                    }
                },
                {
                    "HIC_MAPPING:BWAMEM2_INDEX": {
                        "bwamem2": "2.2.1"
                    }
                },
                {
                    "HICCRAMALIGN_CHUNKS": {
                        "hiccramalign_chunks": "1.0.1"
                    }
                },
                {
                    "HIC_MAPPING:SAMTOOLS_MERGE": {
                        "samtools": 1.21
                    }
                }
            ]
        ],
        "meta": {
            "nf-test": "0.9.2",
            "nextflow": "25.04.3"
        },
        "timestamp": "2025-09-03T14:36:54.570075599"
    }
}